<html>
<body>
<pre>
<h1>µVision Build Log</h1>
<h2>Project:</h2>
D:\HOC_TAP\File_DacBiet_QuanTrong\armcortexm4stm32f4discoverynguyenthinh\Project\Peripheral_Examples\Project_1_UART_9bit_1_UART_8bit_Lenh_HomeCoDuoi\MDK-ARM\Exti.uvproj
Project File Date:  07/28/2014

<h2>Output:</h2>
Rebuild target 'Exti'
compiling main.c...
compiling stm32f4xx_it.c...
compiling system_stm32f4xx.c...
compiling uart_to_printf.c...
compiling ADC_DMA.c...
compiling TIM_Config.c...
compiling Cmd_MiniServo.c...
compiling GPIO_LimitSwitch.c...
compiling stm32f4_discovery.c...
compiling stm32f4xx_rcc.c...
compiling misc.c...
compiling stm32f4xx_gpio.c...
compiling stm32f4xx_syscfg.c...
compiling stm32f4xx_exti.c...
compiling stm32f4xx_tim.c...
compiling stm32f4xx_usart.c...
compiling stm32f4xx_adc.c...
compiling stm32f4xx_dma.c...
assembling startup_stm32f4xx.s...
linking...
Program Size: Code=11792 RO-data=1100 RW-data=104 ZI-data=1088  
FromELF: creating hex file...
".\Exti\Exti.axf" - 0 Error(s), 0 Warning(s).
</pre>
</body>
</html>
