<html>
<body>
<pre>
<h1>µVision Build Log</h1>
<h2>Project:</h2>
D:\DAI_HOC\Nam_4\HK2\DAMH_CDT\STM32F4-Discovery_FW_V1.1.0 - Copy\Project\Peripheral_Examples\6ADC3_6DMA\MDK-ARM\ADC3_DMA.uvproj
Project File Date:  05/29/2014

<h2>Output:</h2>
Rebuild target 'ADC3_DMA'
compiling main.c...
..\main.c(142): warning:  #128-D: loop is not reachable
    while(1); /* Infinite loop */
..\main.c: 1 warning, 0 errors
compiling stm32f4xx_it.c...
compiling system_stm32f4xx.c...
compiling uart_to_printf.c...
compiling stm32f4_discovery.c...
compiling stm32f4xx_rcc.c...
compiling misc.c...
compiling stm32f4xx_gpio.c...
compiling stm32f4xx_syscfg.c...
compiling stm32f4xx_exti.c...
compiling stm32f4xx_dma.c...
compiling stm32f4xx_adc.c...
compiling stm32f4xx_usart.c...
assembling startup_stm32f4xx.s...
linking...
Program Size: Code=4448 RO-data=560 RW-data=44 ZI-data=1052  
".\ADC3_DMA\ADC3_DMA.axf" - 0 Error(s), 1 Warning(s).
</pre>
</body>
</html>
