ARM Linker, 5.03 [Build 76] [MDK-ARM Professional]

==============================================================================

Section Cross References

    main.o(i.Delay) refers to main.o(.data) for .data
    main.o(i.Init_System) refers to uart_to_printf.o(i.UART_Configuration) for UART_Configuration
    main.o(i.Init_System) refers to printf1.o(i.__0printf$1) for __2printf
    main.o(i.Init_System) refers to puts.o(i.puts) for puts
    main.o(i.Init_System) refers to stm32f4_discovery.o(i.STM_EVAL_PBInit) for STM_EVAL_PBInit
    main.o(i.Init_System) refers to stm32f4_discovery.o(i.STM_EVAL_LEDInit) for STM_EVAL_LEDInit
    main.o(i.Init_System) refers to i2c.o(i.init_I2C1) for init_I2C1
    main.o(i.Init_System) refers to mpu_6050.o(i.Mpu6050_Init) for Mpu6050_Init
    main.o(i.Init_System) refers to gpio_config.o(i.GPIO_TIM1_Config) for GPIO_TIM1_Config
    main.o(i.Init_System) refers to gpio_config.o(i.TIM1_Config) for TIM1_Config
    main.o(i.Init_System) refers to encoder_interface.o(i.encodersInit) for encodersInit
    main.o(i.Init_System) refers to system_stm32f4xx.o(.data) for SystemCoreClock
    main.o(i.Init_System) refers to main.o(.data) for .data
    main.o(i.Motor_Speed_PID) refers to stm32f4xx_tim.o(i.TIM_GetCounter) for TIM_GetCounter
    main.o(i.Motor_Speed_PID) refers to main.o(i.Set_PWM) for Set_PWM
    main.o(i.Motor_Speed_PID) refers to printf1.o(i.__0printf$1) for __2printf
    main.o(i.Motor_Speed_PID) refers to stm32f4xx_tim.o(i.TIM_SetCounter) for TIM_SetCounter
    main.o(i.Motor_Speed_PID) refers to main.o(.data) for .data
    main.o(i.Set_PWM) refers to stm32f4xx_gpio.o(i.GPIO_ReadOutputDataBit) for GPIO_ReadOutputDataBit
    main.o(i.Set_PWM) refers to stm32f4xx_tim.o(i.TIM_SetCompare1) for TIM_SetCompare1
    main.o(i.Set_PWM) refers to stm32f4xx_tim.o(i.TIM_SetCompare2) for TIM_SetCompare2
    main.o(i.main) refers to main.o(i.Init_System) for Init_System
    main.o(i.main) refers to stm32f4_discovery.o(i.STM_EVAL_LEDOn) for STM_EVAL_LEDOn
    stm32f4xx_it.o(i.EXTI0_IRQHandler) refers to stm32f4xx_exti.o(i.EXTI_ClearITPendingBit) for EXTI_ClearITPendingBit
    stm32f4xx_it.o(i.SysTick_Handler) refers to main.o(i.Motor_Speed_PID) for Motor_Speed_PID
    stm32f4xx_it.o(i.SysTick_Handler) refers to main.o(.data) for Set_Point
    stm32f4xx_it.o(i.USART2_IRQHandler) refers to stm32f4xx_usart.o(i.USART_GetITStatus) for USART_GetITStatus
    stm32f4xx_it.o(i.USART2_IRQHandler) refers to stm32f4xx_usart.o(i.USART_ReceiveData) for USART_ReceiveData
    stm32f4xx_it.o(i.USART2_IRQHandler) refers to atoi.o(.text) for atoi
    stm32f4xx_it.o(i.USART2_IRQHandler) refers to printf1.o(i.__0printf$1) for __2printf
    stm32f4xx_it.o(i.USART2_IRQHandler) refers to stm32f4xx_usart.o(i.USART_ClearFlag) for USART_ClearFlag
    stm32f4xx_it.o(i.USART2_IRQHandler) refers to stm32f4xx_it.o(.data) for .data
    stm32f4xx_it.o(i.USART2_IRQHandler) refers to main.o(.data) for Set_Point
    system_stm32f4xx.o(i.SystemCoreClockUpdate) refers to system_stm32f4xx.o(.data) for .data
    system_stm32f4xx.o(i.SystemInit) refers to system_stm32f4xx.o(i.SetSysClock) for SetSysClock
    exit_config.o(i.Econder_1_Config) refers to stm32f4xx_rcc.o(i.RCC_AHB1PeriphClockCmd) for RCC_AHB1PeriphClockCmd
    exit_config.o(i.Econder_1_Config) refers to stm32f4xx_rcc.o(i.RCC_APB2PeriphClockCmd) for RCC_APB2PeriphClockCmd
    exit_config.o(i.Econder_1_Config) refers to stm32f4xx_gpio.o(i.GPIO_Init) for GPIO_Init
    exit_config.o(i.Econder_1_Config) refers to stm32f4xx_syscfg.o(i.SYSCFG_EXTILineConfig) for SYSCFG_EXTILineConfig
    exit_config.o(i.Econder_1_Config) refers to stm32f4xx_exti.o(i.EXTI_Init) for EXTI_Init
    exit_config.o(i.Econder_1_Config) refers to misc.o(i.NVIC_Init) for NVIC_Init
    exit_config.o(i.Econder_1_Config) refers to exit_config.o(.data) for .data
    exit_config.o(i.Econder_1_Config) refers to stm32f4_discovery.o(.data) for NVIC_InitStructure
    exit_config.o(i.Econder_2_Config) refers to stm32f4xx_rcc.o(i.RCC_AHB1PeriphClockCmd) for RCC_AHB1PeriphClockCmd
    exit_config.o(i.Econder_2_Config) refers to stm32f4xx_rcc.o(i.RCC_APB2PeriphClockCmd) for RCC_APB2PeriphClockCmd
    exit_config.o(i.Econder_2_Config) refers to stm32f4xx_gpio.o(i.GPIO_Init) for GPIO_Init
    exit_config.o(i.Econder_2_Config) refers to stm32f4xx_syscfg.o(i.SYSCFG_EXTILineConfig) for SYSCFG_EXTILineConfig
    exit_config.o(i.Econder_2_Config) refers to stm32f4xx_exti.o(i.EXTI_Init) for EXTI_Init
    exit_config.o(i.Econder_2_Config) refers to misc.o(i.NVIC_Init) for NVIC_Init
    exit_config.o(i.Econder_2_Config) refers to exit_config.o(.data) for .data
    exit_config.o(i.Econder_2_Config) refers to stm32f4_discovery.o(.data) for NVIC_InitStructure
    exit_config.o(i.Econder_3_Config) refers to stm32f4xx_rcc.o(i.RCC_AHB1PeriphClockCmd) for RCC_AHB1PeriphClockCmd
[...]
    printfa.o(i._snputc) refers (Special) to iusefp.o(.text) for __I$use$fp
    printfa.o(i._sputc) refers (Special) to iusefp.o(.text) for __I$use$fp
    atoi.o(.text) refers to errno.o(i.__aeabi_errno_addr) for __aeabi_errno_addr
    atoi.o(.text) refers to strtol.o(.text) for strtol
    dadd.o(.text) refers (Special) to iusefp.o(.text) for __I$use$fp
    dadd.o(.text) refers to llshl.o(.text) for __aeabi_llsl
    dadd.o(.text) refers to llsshr.o(.text) for __aeabi_lasr
    dadd.o(.text) refers to depilogue.o(.text) for _double_epilogue
    dmul.o(.text) refers (Special) to iusefp.o(.text) for __I$use$fp
    dmul.o(.text) refers to depilogue.o(.text) for _double_epilogue
    ddiv.o(.text) refers (Special) to iusefp.o(.text) for __I$use$fp
    ddiv.o(.text) refers to depilogue.o(.text) for _double_round
    dfixi.o(.text) refers (Special) to iusefp.o(.text) for __I$use$fp
    dfixi.o(.text) refers to llushr.o(.text) for __aeabi_llsr
    f2d.o(.text) refers (Special) to iusefp.o(.text) for __I$use$fp
    dunder.o(i.__mathlib_dbl_underflow) refers to dmul.o(.text) for __aeabi_dmul
    fabs.o(i.__hardfp_fabs) refers (Special) to iusefp.o(.text) for __I$use$fp
    fabs.o(i.__softfp_fabs) refers (Special) to iusefp.o(.text) for __I$use$fp
    fabs.o(i.fabs) refers (Special) to iusefp.o(.text) for __I$use$fp
    fpclassify.o(i.__ARM_fpclassify) refers (Special) to iusefp.o(.text) for __I$use$fp
    poly.o(i.__kernel_poly) refers (Special) to iusefp.o(.text) for __I$use$fp
    poly.o(i.__kernel_poly) refers to dmul.o(.text) for __aeabi_dmul
    poly.o(i.__kernel_poly) refers to dadd.o(.text) for __aeabi_dadd
    qnan.o(.constdata) refers (Special) to iusefp.o(.text) for __I$use$fp
    entry2.o(.ARM.Collect$$$$00000001) refers to entry2.o(.ARM.Collect$$$$00002712) for __lit__00000000
    entry2.o(.ARM.Collect$$$$00002712) refers to startup_stm32f4xx.o(STACK) for __initial_sp
    entry2.o(__vectab_stack_and_reset_area) refers to startup_stm32f4xx.o(STACK) for __initial_sp
    entry2.o(__vectab_stack_and_reset_area) refers to entry.o(.ARM.Collect$$$$00000000) for __main
    entry5.o(.ARM.Collect$$$$00000004) refers to init.o(.text) for __scatterload
    entry9a.o(.ARM.Collect$$$$0000000B) refers to main.o(i.main) for main
    entry9b.o(.ARM.Collect$$$$0000000C) refers to main.o(i.main) for main
    uldiv.o(.text) refers to llushr.o(.text) for __aeabi_llsr
    uldiv.o(.text) refers to llshl.o(.text) for __aeabi_llsl
    errno.o(i.__aeabi_errno_addr) refers to errno.o(.data) for .data
    errno.o(i.__read_errno) refers to errno.o(.data) for .data
    errno.o(i.__set_errno) refers to errno.o(.data) for .data
    strtol.o(.text) refers to ctype_o.o(.text) for __rt_ctype_table
    strtol.o(.text) refers to _strtoul.o(.text) for _strtoul
    strtol.o(.text) refers to errno.o(i.__aeabi_errno_addr) for __aeabi_errno_addr
    depilogue.o(.text) refers to llshl.o(.text) for __aeabi_llsl
    depilogue.o(.text) refers to llushr.o(.text) for __aeabi_llsr
    dsqrt.o(.text) refers to llushr.o(.text) for __aeabi_llsr
    dsqrt.o(.text) refers to depilogue.o(.text) for _double_round
    dflti.o(.text) refers to depilogue.o(.text) for _double_epilogue
    dfixul.o(.text) refers to llushr.o(.text) for __aeabi_llsr
    dfixul.o(.text) refers to llshl.o(.text) for __aeabi_llsl
    init.o(.text) refers to entry5.o(.ARM.Collect$$$$00000004) for __main_after_scatterload
    ctype_o.o(.text) refers to ctype_o.o(.constdata) for .constdata
    ctype_o.o(.constdata) refers to ctype_o.o(.constdata) for __ctype_table
    isalnum_o.o(.text) refers to ctype_o.o(.text) for __rt_ctype_table
    isalpha_o.o(.text) refers to ctype_o.o(.text) for __rt_ctype_table
    isblank_o.o(.text) refers to ctype_o.o(.constdata) for __ctype_table
    iscntrl_o.o(.text) refers to ctype_o.o(.text) for __rt_ctype_table
    isdigit_o.o(.text) refers to ctype_o.o(.text) for __rt_ctype_table
    isgraph_o.o(.text) refers to ctype_o.o(.text) for __rt_ctype_table
    islower_o.o(.text) refers to ctype_o.o(.text) for __rt_ctype_table
    isprint_o.o(.text) refers to ctype_o.o(.text) for __rt_ctype_table
    ispunct_o.o(.text) refers to ctype_o.o(.text) for __rt_ctype_table
    isspace_o.o(.text) refers to ctype_o.o(.text) for __rt_ctype_table
    isupper_o.o(.text) refers to ctype_o.o(.text) for __rt_ctype_table
    isxdigit_o.o(.text) refers to ctype_o.o(.text) for __rt_ctype_table
    _strtoul.o(.text) refers to _chval.o(.text) for _chval
    _strtoul.o(.text) refers to errno.o(i.__aeabi_errno_addr) for __aeabi_errno_addr


==============================================================================

Removing Unused input sections from the image.

    Removing main.o(.emb_text), (8 bytes).
    Removing main.o(i.Delay), (16 bytes).
    Removing main.o(.data), (4 bytes).
    Removing main.o(.data), (4 bytes).
    Removing main.o(.data), (4 bytes).
    Removing main.o(.data), (4 bytes).
    Removing main.o(.data), (4 bytes).
    Removing main.o(.data), (4 bytes).
    Removing main.o(.data), (4 bytes).
    Removing main.o(.data), (2 bytes).
    Removing main.o(.data), (4 bytes).
    Removing main.o(.data), (4 bytes).
    Removing main.o(.data), (4 bytes).
    Removing main.o(.data), (4 bytes).
    Removing stm32f4xx_it.o(.emb_text), (8 bytes).
    Removing stm32f4xx_it.o(.data), (2 bytes).
    Removing stm32f4xx_it.o(.data), (2 bytes).
    Removing stm32f4xx_it.o(.data), (2 bytes).
    Removing stm32f4xx_it.o(.data), (4 bytes).
    Removing stm32f4xx_it.o(.data), (4 bytes).
    Removing stm32f4xx_it.o(.data), (1 bytes).
    Removing stm32f4xx_it.o(.data), (2 bytes).
    Removing system_stm32f4xx.o(.emb_text), (8 bytes).
    Removing system_stm32f4xx.o(i.SystemCoreClockUpdate), (120 bytes).
    Removing exit_config.o(.emb_text), (8 bytes).
    Removing exit_config.o(i.Econder_1_Config), (100 bytes).
    Removing exit_config.o(i.Econder_2_Config), (100 bytes).
    Removing exit_config.o(i.Econder_3_Config), (100 bytes).
    Removing exit_config.o(i.Econder_4_Config), (100 bytes).
    Removing exit_config.o(i.Econder_5_Config), (116 bytes).
    Removing exit_config.o(i.Econder_6_Config), (104 bytes).
    Removing exit_config.o(.data), (16 bytes).
    Removing control_pwm.o(.emb_text), (8 bytes).
    Removing control_pwm.o(i.Set_DutyCycle), (236 bytes).
    Removing control_pwm.o(i.Set_Frequency), (140 bytes).
    Removing gpio_config.o(.emb_text), (8 bytes).
    Removing uart_to_printf.o(.emb_text), (8 bytes).
    Removing uart_to_printf.o(i._sys_exit), (2 bytes).
    Removing uart_to_printf.o(i._ttywrch), (80 bytes).
    Removing uart_to_printf.o(i.ferror), (6 bytes).
    Removing uart_to_printf.o(i.fgetc), (32 bytes).
    Removing uart_to_printf.o(.data), (4 bytes).
    Removing encoder_interface.o(.emb_text), (8 bytes).
    Removing encoder_interface.o(.data), (2 bytes).
    Removing encoder_interface.o(.data), (2 bytes).
    Removing encoder_interface.o(.data), (2 bytes).
    Removing encoder_interface.o(.data), (2 bytes).
    Removing i2c.o(.emb_text), (8 bytes).
    Removing i2c.o(i.I2C_read_ack), (40 bytes).
    Removing i2c.o(i.I2C_read_nack), (48 bytes).
    Removing mpu_6050.o(.emb_text), (8 bytes).
    Removing mpu_6050.o(i.GetData), (24 bytes).
    Removing mpu_6050.o(i.Get_Accel_Angles), (516 bytes).
    Removing mpu_6050.o(i.Get_Accel_Values), (80 bytes).
    Removing mpu_6050.o(i.Get_GYRO_RATE), (36 bytes).
    Removing mpu_6050.o(i.Mpu6050_Read), (56 bytes).
    Removing mpu_6050.o(.data), (28 bytes).
    Removing mpu_6050.o(.data), (4 bytes).
    Removing mpu_6050.o(.data), (4 bytes).
    Removing mpu_6050.o(.data), (4 bytes).
    Removing mpu_6050.o(.data), (4 bytes).
    Removing mpu_6050.o(.data), (4 bytes).
    Removing mpu_6050.o(.data), (4 bytes).
    Removing mpu_6050.o(.data), (4 bytes).
    Removing mpu_6050.o(.data), (4 bytes).
    Removing mpu_6050.o(.data), (4 bytes).
    Removing mpu_6050.o(.data), (4 bytes).
    Removing mpu_6050.o(.data), (4 bytes).
    Removing mpu_6050.o(.data), (4 bytes).
    Removing stm32f4_discovery.o(.emb_text), (8 bytes).
    Removing stm32f4_discovery.o(i.STM_EVAL_LEDOff), (24 bytes).
    Removing stm32f4_discovery.o(i.STM_EVAL_LEDToggle), (28 bytes).
    Removing stm32f4_discovery.o(i.STM_EVAL_PBGetState), (24 bytes).
    Removing stm32f4_discovery.o(.data), (4 bytes).
    Removing stm32f4xx_rcc.o(.emb_text), (8 bytes).
    Removing stm32f4xx_rcc.o(i.RCC_AHB1PeriphClockLPModeCmd), (68 bytes).
    Removing stm32f4xx_rcc.o(i.RCC_AHB1PeriphResetCmd), (68 bytes).
    Removing stm32f4xx_rcc.o(i.RCC_AHB2PeriphClockCmd), (64 bytes).
    Removing stm32f4xx_rcc.o(i.RCC_AHB2PeriphClockLPModeCmd), (64 bytes).
    Removing stm32f4xx_rcc.o(i.RCC_AHB2PeriphResetCmd), (64 bytes).
    Removing stm32f4xx_rcc.o(i.RCC_AHB3PeriphClockCmd), (64 bytes).
    Removing stm32f4xx_rcc.o(i.RCC_AHB3PeriphClockLPModeCmd), (64 bytes).
    Removing stm32f4xx_rcc.o(i.RCC_AHB3PeriphResetCmd), (64 bytes).
    Removing stm32f4xx_rcc.o(i.RCC_APB1PeriphClockLPModeCmd), (68 bytes).
    Removing stm32f4xx_rcc.o(i.RCC_APB1PeriphResetCmd), (68 bytes).
    Removing stm32f4xx_rcc.o(i.RCC_APB2PeriphClockLPModeCmd), (68 bytes).
    Removing stm32f4xx_rcc.o(i.RCC_APB2PeriphResetCmd), (68 bytes).
    Removing stm32f4xx_rcc.o(i.RCC_AdjustHSICalibrationValue), (44 bytes).
    Removing stm32f4xx_rcc.o(i.RCC_BackupResetCmd), (36 bytes).
    Removing stm32f4xx_rcc.o(i.RCC_ClearFlag), (16 bytes).
    Removing stm32f4xx_rcc.o(i.RCC_ClearITPendingBit), (36 bytes).
    Removing stm32f4xx_rcc.o(i.RCC_ClockSecuritySystemCmd), (36 bytes).
    Removing stm32f4xx_rcc.o(i.RCC_DeInit), (60 bytes).
    Removing stm32f4xx_rcc.o(i.RCC_GetFlagStatus), (120 bytes).
    Removing stm32f4xx_rcc.o(i.RCC_GetITStatus), (68 bytes).
    Removing stm32f4xx_rcc.o(i.RCC_GetSYSCLKSource), (16 bytes).
    Removing stm32f4xx_rcc.o(i.RCC_HCLKConfig), (72 bytes).
    Removing stm32f4xx_rcc.o(i.RCC_HSEConfig), (40 bytes).
    Removing stm32f4xx_rcc.o(i.RCC_HSICmd), (36 bytes).
    Removing stm32f4xx_rcc.o(i.RCC_I2SCLKConfig), (36 bytes).
    Removing stm32f4xx_rcc.o(i.RCC_ITConfig), (64 bytes).
    Removing stm32f4xx_rcc.o(i.RCC_LSEConfig), (60 bytes).
    Removing stm32f4xx_rcc.o(i.RCC_LSICmd), (36 bytes).
    Removing stm32f4xx_rcc.o(i.RCC_MCO1Config), (96 bytes).
    Removing stm32f4xx_rcc.o(i.RCC_MCO2Config), (96 bytes).
    Removing stm32f4xx_rcc.o(i.RCC_PCLK1Config), (64 bytes).
    Removing stm32f4xx_rcc.o(i.RCC_PCLK2Config), (64 bytes).
    Removing stm32f4xx_rcc.o(i.RCC_PLLCmd), (36 bytes).
    Removing stm32f4xx_rcc.o(i.RCC_PLLConfig), (152 bytes).
    Removing stm32f4xx_rcc.o(i.RCC_PLLI2SCmd), (36 bytes).
    Removing stm32f4xx_rcc.o(i.RCC_PLLI2SConfig), (60 bytes).
    Removing stm32f4xx_rcc.o(i.RCC_RTCCLKCmd), (36 bytes).
    Removing stm32f4xx_rcc.o(i.RCC_RTCCLKConfig), (380 bytes).
    Removing stm32f4xx_rcc.o(i.RCC_SYSCLKConfig), (48 bytes).
    Removing stm32f4xx_rcc.o(i.RCC_WaitForHSEStartUp), (44 bytes).
    Removing misc.o(.emb_text), (8 bytes).
    Removing misc.o(i.NVIC_PriorityGroupConfig), (120 bytes).
    Removing misc.o(i.NVIC_SetVectorTable), (124 bytes).
    Removing misc.o(i.NVIC_SystemLPConfig), (120 bytes).
    Removing misc.o(i.SysTick_CLKSourceConfig), (100 bytes).
    Removing stm32f4xx_gpio.o(.emb_text), (8 bytes).
    Removing stm32f4xx_gpio.o(i.GPIO_DeInit), (284 bytes).
    Removing stm32f4xx_gpio.o(i.GPIO_PinLockConfig), (152 bytes).
    Removing stm32f4xx_gpio.o(i.GPIO_ReadInputData), (116 bytes).
    Removing stm32f4xx_gpio.o(i.GPIO_ReadInputDataBit), (216 bytes).
    Removing stm32f4xx_gpio.o(i.GPIO_ReadOutputData), (116 bytes).
    Removing stm32f4xx_gpio.o(i.GPIO_ResetBits), (128 bytes).
    Removing stm32f4xx_gpio.o(i.GPIO_SetBits), (128 bytes).
    Removing stm32f4xx_gpio.o(i.GPIO_ToggleBits), (120 bytes).
    Removing stm32f4xx_gpio.o(i.GPIO_Write), (116 bytes).
    Removing stm32f4xx_gpio.o(i.GPIO_WriteBit), (228 bytes).
    Removing stm32f4xx_syscfg.o(.emb_text), (8 bytes).
    Removing stm32f4xx_syscfg.o(i.SYSCFG_CompensationCellCmd), (32 bytes).
    Removing stm32f4xx_syscfg.o(i.SYSCFG_DeInit), (24 bytes).
    Removing stm32f4xx_syscfg.o(i.SYSCFG_ETH_MediaInterfaceConfig), (32 bytes).
    Removing stm32f4xx_syscfg.o(i.SYSCFG_GetCompensationCellStatus), (20 bytes).
    Removing stm32f4xx_syscfg.o(i.SYSCFG_MemoryRemapConfig), (40 bytes).
    Removing stm32f4xx_exti.o(.emb_text), (8 bytes).
    Removing stm32f4xx_exti.o(i.EXTI_ClearFlag), (32 bytes).
    Removing stm32f4xx_exti.o(i.EXTI_DeInit), (36 bytes).
    Removing stm32f4xx_exti.o(i.EXTI_GenerateSWInterrupt), (36 bytes).
    Removing stm32f4xx_exti.o(i.EXTI_GetFlagStatus), (160 bytes).
    Removing stm32f4xx_exti.o(i.EXTI_GetITStatus), (172 bytes).
    Removing stm32f4xx_exti.o(i.EXTI_StructInit), (14 bytes).
    Removing stm32f4xx_tim.o(.emb_text), (8 bytes).
    Removing stm32f4xx_tim.o(i.TI1_Config), (46 bytes).
    Removing stm32f4xx_tim.o(i.TI2_Config), (54 bytes).
    Removing stm32f4xx_tim.o(i.TIM_ARRPreloadConfig), (192 bytes).
    Removing stm32f4xx_tim.o(i.TIM_BDTRConfig), (204 bytes).
    Removing stm32f4xx_tim.o(i.TIM_BDTRStructInit), (18 bytes).
    Removing stm32f4xx_tim.o(i.TIM_CCPreloadControl), (76 bytes).
    Removing stm32f4xx_tim.o(i.TIM_CCxCmd), (200 bytes).
    Removing stm32f4xx_tim.o(i.TIM_CCxNCmd), (100 bytes).
    Removing stm32f4xx_tim.o(i.TIM_ClearFlag), (164 bytes).
    Removing stm32f4xx_tim.o(i.TIM_ClearITPendingBit), (164 bytes).
    Removing stm32f4xx_tim.o(i.TIM_ClearOC1Ref), (164 bytes).
    Removing stm32f4xx_tim.o(i.TIM_ClearOC2Ref), (132 bytes).
    Removing stm32f4xx_tim.o(i.TIM_ClearOC3Ref), (104 bytes).
    Removing stm32f4xx_tim.o(i.TIM_ClearOC4Ref), (112 bytes).
    Removing stm32f4xx_tim.o(i.TIM_CounterModeConfig), (116 bytes).
    Removing stm32f4xx_tim.o(i.TIM_DMACmd), (148 bytes).
    Removing stm32f4xx_tim.o(i.TIM_DMAConfig), (288 bytes).
    Removing stm32f4xx_tim.o(i.TIM_DeInit), (420 bytes).
    Removing stm32f4xx_tim.o(i.TIM_ETRClockMode1Config), (168 bytes).
    Removing stm32f4xx_tim.o(i.TIM_ETRClockMode2Config), (168 bytes).
    Removing stm32f4xx_tim.o(i.TIM_ETRConfig), (168 bytes).
    Removing stm32f4xx_tim.o(i.TIM_ForcedOC1Config), (168 bytes).
    Removing stm32f4xx_tim.o(i.TIM_ForcedOC2Config), (136 bytes).
    Removing stm32f4xx_tim.o(i.TIM_ForcedOC3Config), (108 bytes).
    Removing stm32f4xx_tim.o(i.TIM_ForcedOC4Config), (116 bytes).
    Removing stm32f4xx_tim.o(i.TIM_GenerateEvent), (176 bytes).
    Removing stm32f4xx_tim.o(i.TIM_GetCapture1), (140 bytes).
    Removing stm32f4xx_tim.o(i.TIM_GetCapture2), (100 bytes).
    Removing stm32f4xx_tim.o(i.TIM_GetCapture3), (80 bytes).
    Removing stm32f4xx_tim.o(i.TIM_GetCapture4), (80 bytes).
    Removing stm32f4xx_tim.o(i.TIM_GetFlagStatus), (236 bytes).
    Removing stm32f4xx_tim.o(i.TIM_GetITStatus), (220 bytes).
    Removing stm32f4xx_tim.o(i.TIM_GetPrescaler), (160 bytes).
    Removing stm32f4xx_tim.o(i.TIM_ICInit), (540 bytes).
    Removing stm32f4xx_tim.o(i.TIM_ICStructInit), (16 bytes).
    Removing stm32f4xx_tim.o(i.TIM_ITConfig), (204 bytes).
    Removing stm32f4xx_tim.o(i.TIM_ITRxExternalClockConfig), (140 bytes).
    Removing stm32f4xx_tim.o(i.TIM_InternalClockConfig), (104 bytes).
    Removing stm32f4xx_tim.o(i.TIM_OC1FastConfig), (164 bytes).
    Removing stm32f4xx_tim.o(i.TIM_OC1NPolarityConfig), (68 bytes).
    Removing stm32f4xx_tim.o(i.TIM_OC1PolarityConfig), (164 bytes).
    Removing stm32f4xx_tim.o(i.TIM_OC1PreloadConfig), (164 bytes).
    Removing stm32f4xx_tim.o(i.TIM_OC2FastConfig), (132 bytes).
    Removing stm32f4xx_tim.o(i.TIM_OC2NPolarityConfig), (76 bytes).
    Removing stm32f4xx_tim.o(i.TIM_OC2PolarityConfig), (132 bytes).
    Removing stm32f4xx_tim.o(i.TIM_OC2PreloadConfig), (132 bytes).
    Removing stm32f4xx_tim.o(i.TIM_OC3FastConfig), (104 bytes).
    Removing stm32f4xx_tim.o(i.TIM_OC3NPolarityConfig), (76 bytes).
    Removing stm32f4xx_tim.o(i.TIM_OC3PolarityConfig), (112 bytes).
    Removing stm32f4xx_tim.o(i.TIM_OC3PreloadConfig), (104 bytes).
    Removing stm32f4xx_tim.o(i.TIM_OC4FastConfig), (112 bytes).
    Removing stm32f4xx_tim.o(i.TIM_OC4PolarityConfig), (112 bytes).
    Removing stm32f4xx_tim.o(i.TIM_OC4PreloadConfig), (112 bytes).
    Removing stm32f4xx_tim.o(i.TIM_OCStructInit), (20 bytes).
    Removing stm32f4xx_tim.o(i.TIM_PWMIConfig), (200 bytes).
    Removing stm32f4xx_tim.o(i.TIM_PrescalerConfig), (180 bytes).
    Removing stm32f4xx_tim.o(i.TIM_RemapConfig), (100 bytes).
    Removing stm32f4xx_tim.o(i.TIM_SelectCCDMA), (112 bytes).
    Removing stm32f4xx_tim.o(i.TIM_SelectCOM), (76 bytes).
    Removing stm32f4xx_tim.o(i.TIM_SelectHallSensor), (132 bytes).
    Removing stm32f4xx_tim.o(i.TIM_SelectInputTrigger), (188 bytes).
    Removing stm32f4xx_tim.o(i.TIM_SelectMasterSlaveMode), (128 bytes).
    Removing stm32f4xx_tim.o(i.TIM_SelectOCxM), (276 bytes).
    Removing stm32f4xx_tim.o(i.TIM_SelectOnePulseMode), (188 bytes).
    Removing stm32f4xx_tim.o(i.TIM_SelectOutputTrigger), (152 bytes).
    Removing stm32f4xx_tim.o(i.TIM_SelectSlaveMode), (140 bytes).
    Removing stm32f4xx_tim.o(i.TIM_SetClockDivision), (176 bytes).
    Removing stm32f4xx_tim.o(i.TIM_SetCompare3), (80 bytes).
    Removing stm32f4xx_tim.o(i.TIM_SetCompare4), (80 bytes).
    Removing stm32f4xx_tim.o(i.TIM_SetIC1Prescaler), (176 bytes).
    Removing stm32f4xx_tim.o(i.TIM_SetIC2Prescaler), (144 bytes).
    Removing stm32f4xx_tim.o(i.TIM_SetIC3Prescaler), (116 bytes).
    Removing stm32f4xx_tim.o(i.TIM_SetIC4Prescaler), (124 bytes).
    Removing stm32f4xx_tim.o(i.TIM_TIxExternalClockConfig), (220 bytes).
    Removing stm32f4xx_tim.o(i.TIM_TimeBaseStructInit), (18 bytes).
    Removing stm32f4xx_tim.o(i.TIM_UpdateDisableConfig), (192 bytes).
    Removing stm32f4xx_tim.o(i.TIM_UpdateRequestConfig), (192 bytes).
    Removing stm32f4xx_usart.o(.emb_text), (8 bytes).
    Removing stm32f4xx_usart.o(i.USART_ClearITPendingBit), (164 bytes).
    Removing stm32f4xx_usart.o(i.USART_ClockInit), (168 bytes).
    Removing stm32f4xx_usart.o(i.USART_ClockStructInit), (12 bytes).
    Removing stm32f4xx_usart.o(i.USART_DMACmd), (132 bytes).
    Removing stm32f4xx_usart.o(i.USART_DeInit), (176 bytes).
    Removing stm32f4xx_usart.o(i.USART_HalfDuplexCmd), (116 bytes).
    Removing stm32f4xx_usart.o(i.USART_IrDACmd), (116 bytes).
    Removing stm32f4xx_usart.o(i.USART_IrDAConfig), (112 bytes).
    Removing stm32f4xx_usart.o(i.USART_LINBreakDetectLengthConfig), (112 bytes).
    Removing stm32f4xx_usart.o(i.USART_LINCmd), (116 bytes).
    Removing stm32f4xx_usart.o(i.USART_OneBitMethodCmd), (116 bytes).
    Removing stm32f4xx_usart.o(i.USART_OverSampling8Cmd), (116 bytes).
    Removing stm32f4xx_usart.o(i.USART_ReceiverWakeUpCmd), (116 bytes).
    Removing stm32f4xx_usart.o(i.USART_SendBreak), (88 bytes).
    Removing stm32f4xx_usart.o(i.USART_SetAddress), (112 bytes).
    Removing stm32f4xx_usart.o(i.USART_SetGuardTime), (76 bytes).
    Removing stm32f4xx_usart.o(i.USART_SetPrescaler), (96 bytes).
    Removing stm32f4xx_usart.o(i.USART_SmartCardCmd), (96 bytes).
    Removing stm32f4xx_usart.o(i.USART_SmartCardNACKCmd), (96 bytes).
    Removing stm32f4xx_usart.o(i.USART_StructInit), (22 bytes).
    Removing stm32f4xx_usart.o(i.USART_WakeUpConfig), (116 bytes).
    Removing stm32f4xx_i2c.o(.emb_text), (8 bytes).
    Removing stm32f4xx_i2c.o(i.I2C_ARPCmd), (84 bytes).
    Removing stm32f4xx_i2c.o(i.I2C_AcknowledgeConfig), (84 bytes).
    Removing stm32f4xx_i2c.o(i.I2C_CalculatePEC), (84 bytes).
    Removing stm32f4xx_i2c.o(i.I2C_ClearFlag), (76 bytes).
    Removing stm32f4xx_i2c.o(i.I2C_ClearITPendingBit), (76 bytes).
    Removing stm32f4xx_i2c.o(i.I2C_DMACmd), (84 bytes).
    Removing stm32f4xx_i2c.o(i.I2C_DMALastTransferCmd), (84 bytes).
    Removing stm32f4xx_i2c.o(i.I2C_DeInit), (84 bytes).
    Removing stm32f4xx_i2c.o(i.I2C_DualAddressCmd), (84 bytes).
    Removing stm32f4xx_i2c.o(i.I2C_FastModeDutyCycleConfig), (92 bytes).
    Removing stm32f4xx_i2c.o(i.I2C_GeneralCallCmd), (84 bytes).
    Removing stm32f4xx_i2c.o(i.I2C_GetITStatus), (200 bytes).
    Removing stm32f4xx_i2c.o(i.I2C_GetLastEvent), (64 bytes).
    Removing stm32f4xx_i2c.o(i.I2C_GetPEC), (56 bytes).
    Removing stm32f4xx_i2c.o(i.I2C_ITConfig), (100 bytes).
    Removing stm32f4xx_i2c.o(i.I2C_NACKPositionConfig), (92 bytes).
    Removing stm32f4xx_i2c.o(i.I2C_OwnAddress2Config), (68 bytes).
    Removing stm32f4xx_i2c.o(i.I2C_PECPositionConfig), (92 bytes).
    Removing stm32f4xx_i2c.o(i.I2C_ReadRegister), (108 bytes).
    Removing stm32f4xx_i2c.o(i.I2C_ReceiveData), (56 bytes).
    Removing stm32f4xx_i2c.o(i.I2C_SMBusAlertConfig), (92 bytes).
    Removing stm32f4xx_i2c.o(i.I2C_SoftwareResetCmd), (84 bytes).
    Removing stm32f4xx_i2c.o(i.I2C_StretchClockCmd), (84 bytes).
    Removing stm32f4xx_i2c.o(i.I2C_StructInit), (28 bytes).
    Removing stm32f4xx_i2c.o(i.I2C_TransmitPEC), (84 bytes).
    Removing startup_stm32f4xx.o(HEAP), (512 bytes).
    Removing dadd.o(.text), (334 bytes).
    Removing dmul.o(.text), (228 bytes).
    Removing ddiv.o(.text), (222 bytes).
    Removing dfixi.o(.text), (62 bytes).
    Removing f2d.o(.text), (38 bytes).
    Removing depilogue.o(.text), (190 bytes).
    Removing dneg.o(.text), (6 bytes).
    Removing dscalb.o(.text), (46 bytes).
    Removing dsqrt.o(.text), (162 bytes).
    Removing dflti.o(.text), (34 bytes).
    Removing dfixul.o(.text), (48 bytes).
    Removing cdcmple.o(.text), (40 bytes).
    Removing cdrcmple.o(.text), (40 bytes).

284 unused section(s) (total 25261 bytes) removed from the image.

==============================================================================

Image Symbol Table

    Local Symbols

    Symbol Name                              Value     Ov Type        Size  Object(Section)

    ../clib/microlib/ctype/ctype.c           0x00000000   Number         0  ctype_o.o ABSOLUTE
    ../clib/microlib/ctype/ctype.c           0x00000000   Number         0  isalnum_o.o ABSOLUTE
    ../clib/microlib/ctype/ctype.c           0x00000000   Number         0  isalpha_o.o ABSOLUTE
    ../clib/microlib/ctype/ctype.c           0x00000000   Number         0  isblank_o.o ABSOLUTE
    ../clib/microlib/ctype/ctype.c           0x00000000   Number         0  iscntrl_o.o ABSOLUTE
    ../clib/microlib/ctype/ctype.c           0x00000000   Number         0  isgraph_o.o ABSOLUTE
    ../clib/microlib/ctype/ctype.c           0x00000000   Number         0  isdigit_o.o ABSOLUTE
    ../clib/microlib/ctype/ctype.c           0x00000000   Number         0  islower_o.o ABSOLUTE
    ../clib/microlib/ctype/ctype.c           0x00000000   Number         0  isprint_o.o ABSOLUTE
    ../clib/microlib/ctype/ctype.c           0x00000000   Number         0  ispunct_o.o ABSOLUTE
    ../clib/microlib/ctype/ctype.c           0x00000000   Number         0  isxdigit_o.o ABSOLUTE
    ../clib/microlib/ctype/ctype.c           0x00000000   Number         0  isspace_o.o ABSOLUTE
    ../clib/microlib/ctype/ctype.c           0x00000000   Number         0  isupper_o.o ABSOLUTE
    ../clib/microlib/division.c              0x00000000   Number         0  uldiv.o ABSOLUTE
    ../clib/microlib/division.c              0x00000000   Number         0  uidiv.o ABSOLUTE
    ../clib/microlib/errno.c                 0x00000000   Number         0  errno.o ABSOLUTE
    ../clib/microlib/init/entry.s            0x00000000   Number         0  entry9b.o ABSOLUTE
    ../clib/microlib/init/entry.s            0x00000000   Number         0  entry.o ABSOLUTE
    ../clib/microlib/init/entry.s            0x00000000   Number         0  entry10a.o ABSOLUTE
    ../clib/microlib/init/entry.s            0x00000000   Number         0  entry2.o ABSOLUTE
    ../clib/microlib/init/entry.s            0x00000000   Number         0  entry5.o ABSOLUTE
    ../clib/microlib/init/entry.s            0x00000000   Number         0  entry7a.o ABSOLUTE
    ../clib/microlib/init/entry.s            0x00000000   Number         0  entry7b.o ABSOLUTE
    ../clib/microlib/init/entry.s            0x00000000   Number         0  entry8a.o ABSOLUTE
    ../clib/microlib/init/entry.s            0x00000000   Number         0  entry8b.o ABSOLUTE
    ../clib/microlib/init/entry.s            0x00000000   Number         0  entry9a.o ABSOLUTE
    ../clib/microlib/init/entry.s            0x00000000   Number         0  entry10b.o ABSOLUTE
    ../clib/microlib/init/entry.s            0x00000000   Number         0  entry11a.o ABSOLUTE
    ../clib/microlib/init/entry.s            0x00000000   Number         0  entry11b.o ABSOLUTE
    ../clib/microlib/longlong.c              0x00000000   Number         0  llshl.o ABSOLUTE
    ../clib/microlib/longlong.c              0x00000000   Number         0  llushr.o ABSOLUTE
    ../clib/microlib/longlong.c              0x00000000   Number         0  llsshr.o ABSOLUTE
    ../clib/microlib/printf/printf.c         0x00000000   Number         0  printf0.o ABSOLUTE
    ../clib/microlib/printf/printf.c         0x00000000   Number         0  printf1.o ABSOLUTE
    ../clib/microlib/printf/printf.c         0x00000000   Number         0  printf2.o ABSOLUTE
    ../clib/microlib/printf/printf.c         0x00000000   Number         0  printf3.o ABSOLUTE
    ../clib/microlib/printf/printf.c         0x00000000   Number         0  printf4.o ABSOLUTE
    ../clib/microlib/printf/printf.c         0x00000000   Number         0  printf5.o ABSOLUTE
    ../clib/microlib/printf/printf.c         0x00000000   Number         0  printfb.o ABSOLUTE
    ../clib/microlib/printf/printf.c         0x00000000   Number         0  printf6.o ABSOLUTE
    ../clib/microlib/printf/printf.c         0x00000000   Number         0  printfa.o ABSOLUTE
    ../clib/microlib/printf/printf.c         0x00000000   Number         0  printf8.o ABSOLUTE
    ../clib/microlib/printf/printf.c         0x00000000   Number         0  printf7.o ABSOLUTE
    ../clib/microlib/printf/stubs.s          0x00000000   Number         0  stubs.o ABSOLUTE
    ../clib/microlib/stdio/puts.c            0x00000000   Number         0  puts.o ABSOLUTE
    ../clib/microlib/stdio/puts.c            0x00000000   Number         0  puts_e.o ABSOLUTE
    ../clib/microlib/stubs.s                 0x00000000   Number         0  iusefp.o ABSOLUTE
    ../clib/microlib/stubs.s                 0x00000000   Number         0  useno.o ABSOLUTE
    ../clib/scanf.c                          0x00000000   Number         0  strtol.o ABSOLUTE
    ../clib/scanf.c                          0x00000000   Number         0  _strtoul.o ABSOLUTE
    ../clib/scanf.c                          0x00000000   Number         0  _chval.o ABSOLUTE
    ../clib/scanf.c                          0x00000000   Number         0  atoi.o ABSOLUTE
    ../fplib/microlib/f2d.c                  0x00000000   Number         0  f2d.o ABSOLUTE
    ../fplib/microlib/fpadd.c                0x00000000   Number         0  dadd.o ABSOLUTE
    ../fplib/microlib/fpdiv.c                0x00000000   Number         0  ddiv.o ABSOLUTE
    ../fplib/microlib/fpepilogue.c           0x00000000   Number         0  depilogue.o ABSOLUTE
    ../fplib/microlib/fpfix.c                0x00000000   Number         0  dfixi.o ABSOLUTE
    ../fplib/microlib/fpfix.c                0x00000000   Number         0  dfixul.o ABSOLUTE
    ../fplib/microlib/fpflt.c                0x00000000   Number         0  dflti.o ABSOLUTE
    ../fplib/microlib/fpmul.c                0x00000000   Number         0  dmul.o ABSOLUTE
    ../fplib/microlib/fpneg.c                0x00000000   Number         0  dneg.o ABSOLUTE
    ../fplib/microlib/fpscalb.c              0x00000000   Number         0  dscalb.o ABSOLUTE
    ../fplib/microlib/fpsqrt.c               0x00000000   Number         0  dsqrt.o ABSOLUTE
    ../mathlib/atan.c                        0x00000000   Number         0  atan.o ABSOLUTE
    ../mathlib/atan.c                        0x00000000   Number         0  atan_x.o ABSOLUTE
    ../mathlib/dunder.c                      0x00000000   Number         0  dunder.o ABSOLUTE
    ../mathlib/fabs.c                        0x00000000   Number         0  fabs.o ABSOLUTE
    ../mathlib/fpclassify.c                  0x00000000   Number         0  fpclassify.o ABSOLUTE
    ../mathlib/poly.c                        0x00000000   Number         0  poly.o ABSOLUTE
    ../mathlib/pow.c                         0x00000000   Number         0  pow.o ABSOLUTE
    ../mathlib/pow.c                         0x00000000   Number         0  pow_x.o ABSOLUTE
    ../mathlib/qnan.c                        0x00000000   Number         0  qnan.o ABSOLUTE
    ../mathlib/sqrt.c                        0x00000000   Number         0  sqrt.o ABSOLUTE
    ../mathlib/sqrt.c                        0x00000000   Number         0  sqrt_x.o ABSOLUTE
    ..\..\..\..\Libraries\CMSIS\ST\STM32F4xx\Source\Templates\arm\startup_stm32f4xx.s 0x00000000   Number         0  startup_stm32f4xx.o ABSOLUTE
    ..\..\..\..\Libraries\STM32F4xx_StdPeriph_Driver\src\misc.c 0x00000000   Number         0  misc.o ABSOLUTE
    ..\..\..\..\Libraries\STM32F4xx_StdPeriph_Driver\src\stm32f4xx_exti.c 0x00000000   Number         0  stm32f4xx_exti.o ABSOLUTE
    ..\..\..\..\Libraries\STM32F4xx_StdPeriph_Driver\src\stm32f4xx_gpio.c 0x00000000   Number         0  stm32f4xx_gpio.o ABSOLUTE
    ..\..\..\..\Libraries\STM32F4xx_StdPeriph_Driver\src\stm32f4xx_i2c.c 0x00000000   Number         0  stm32f4xx_i2c.o ABSOLUTE
    ..\..\..\..\Libraries\STM32F4xx_StdPeriph_Driver\src\stm32f4xx_rcc.c 0x00000000   Number         0  stm32f4xx_rcc.o ABSOLUTE
    ..\..\..\..\Libraries\STM32F4xx_StdPeriph_Driver\src\stm32f4xx_syscfg.c 0x00000000   Number         0  stm32f4xx_syscfg.o ABSOLUTE
    ..\..\..\..\Libraries\STM32F4xx_StdPeriph_Driver\src\stm32f4xx_tim.c 0x00000000   Number         0  stm32f4xx_tim.o ABSOLUTE
    ..\..\..\..\Libraries\STM32F4xx_StdPeriph_Driver\src\stm32f4xx_usart.c 0x00000000   Number         0  stm32f4xx_usart.o ABSOLUTE
    ..\..\..\..\Utilities\STM32F4-Discovery\stm32f4_discovery.c 0x00000000   Number         0  stm32f4_discovery.o ABSOLUTE
    ..\Control_PWM.c                         0x00000000   Number         0  control_pwm.o ABSOLUTE
    ..\EXIT_Config.c                         0x00000000   Number         0  exit_config.o ABSOLUTE
    ..\Encoder_Interface.c                   0x00000000   Number         0  encoder_interface.o ABSOLUTE
    ..\GPIO_Config.c                         0x00000000   Number         0  gpio_config.o ABSOLUTE
    ..\MPU_6050.c                            0x00000000   Number         0  mpu_6050.o ABSOLUTE
    ..\\..\\..\\..\\Libraries\\STM32F4xx_StdPeriph_Driver\\src\\misc.c 0x00000000   Number         0  misc.o ABSOLUTE
    ..\\..\\..\\..\\Libraries\\STM32F4xx_StdPeriph_Driver\\src\\stm32f4xx_exti.c 0x00000000   Number         0  stm32f4xx_exti.o ABSOLUTE
    ..\\..\\..\\..\\Libraries\\STM32F4xx_StdPeriph_Driver\\src\\stm32f4xx_gpio.c 0x00000000   Number         0  stm32f4xx_gpio.o ABSOLUTE
    ..\\..\\..\\..\\Libraries\\STM32F4xx_StdPeriph_Driver\\src\\stm32f4xx_i2c.c 0x00000000   Number         0  stm32f4xx_i2c.o ABSOLUTE
    ..\\..\\..\\..\\Libraries\\STM32F4xx_StdPeriph_Driver\\src\\stm32f4xx_rcc.c 0x00000000   Number         0  stm32f4xx_rcc.o ABSOLUTE
    ..\\..\\..\\..\\Libraries\\STM32F4xx_StdPeriph_Driver\\src\\stm32f4xx_syscfg.c 0x00000000   Number         0  stm32f4xx_syscfg.o ABSOLUTE
    ..\\..\\..\\..\\Libraries\\STM32F4xx_StdPeriph_Driver\\src\\stm32f4xx_tim.c 0x00000000   Number         0  stm32f4xx_tim.o ABSOLUTE
    ..\\..\\..\\..\\Libraries\\STM32F4xx_StdPeriph_Driver\\src\\stm32f4xx_usart.c 0x00000000   Number         0  stm32f4xx_usart.o ABSOLUTE
    ..\\..\\..\\..\\Utilities\\STM32F4-Discovery\\stm32f4_discovery.c 0x00000000   Number         0  stm32f4_discovery.o ABSOLUTE
    ..\\Control_PWM.c                        0x00000000   Number         0  control_pwm.o ABSOLUTE
    ..\\EXIT_Config.c                        0x00000000   Number         0  exit_config.o ABSOLUTE
    ..\\Encoder_Interface.c                  0x00000000   Number         0  encoder_interface.o ABSOLUTE
    ..\\GPIO_Config.c                        0x00000000   Number         0  gpio_config.o ABSOLUTE
    ..\\MPU_6050.c                           0x00000000   Number         0  mpu_6050.o ABSOLUTE
    ..\\i2c.c                                0x00000000   Number         0  i2c.o ABSOLUTE
    ..\\main.c                               0x00000000   Number         0  main.o ABSOLUTE
    ..\\stm32f4xx_it.c                       0x00000000   Number         0  stm32f4xx_it.o ABSOLUTE
    ..\\system_stm32f4xx.c                   0x00000000   Number         0  system_stm32f4xx.o ABSOLUTE
    ..\\uart_to_printf.c                     0x00000000   Number         0  uart_to_printf.o ABSOLUTE
    ..\i2c.c                                 0x00000000   Number         0  i2c.o ABSOLUTE
    ..\main.c                                0x00000000   Number         0  main.o ABSOLUTE
    ..\stm32f4xx_it.c                        0x00000000   Number         0  stm32f4xx_it.o ABSOLUTE
    ..\system_stm32f4xx.c                    0x00000000   Number         0  system_stm32f4xx.o ABSOLUTE
    ..\uart_to_printf.c                      0x00000000   Number         0  uart_to_printf.o ABSOLUTE
    cdcmple.s                                0x00000000   Number         0  cdcmple.o ABSOLUTE
    cdrcmple.s                               0x00000000   Number         0  cdrcmple.o ABSOLUTE
    dc.s                                     0x00000000   Number         0  dc.o ABSOLUTE
    handlers.s                               0x00000000   Number         0  handlers.o ABSOLUTE
    init.s                                   0x00000000   Number         0  init.o ABSOLUTE
    RESET                                    0x08000000   Section      392  startup_stm32f4xx.o(RESET)
    .ARM.Collect$$$$00000000                 0x08000188   Section        0  entry.o(.ARM.Collect$$$$00000000)
    .ARM.Collect$$$$00000001                 0x08000188   Section        4  entry2.o(.ARM.Collect$$$$00000001)
    .ARM.Collect$$$$00000004                 0x0800018c   Section        4  entry5.o(.ARM.Collect$$$$00000004)
    .ARM.Collect$$$$00000008                 0x08000190   Section        0  entry7b.o(.ARM.Collect$$$$00000008)
    .ARM.Collect$$$$0000000A                 0x08000190   Section        0  entry8b.o(.ARM.Collect$$$$0000000A)
    .ARM.Collect$$$$0000000B                 0x08000190   Section        8  entry9a.o(.ARM.Collect$$$$0000000B)
    .ARM.Collect$$$$0000000D                 0x08000198   Section        0  entry10a.o(.ARM.Collect$$$$0000000D)
    .ARM.Collect$$$$0000000F                 0x08000198   Section        0  entry11a.o(.ARM.Collect$$$$0000000F)
    .ARM.Collect$$$$00002712                 0x08000198   Section        4  entry2.o(.ARM.Collect$$$$00002712)
    __lit__00000000                          0x08000198   Data           4  entry2.o(.ARM.Collect$$$$00002712)
    .text                                    0x0800019c   Section       36  startup_stm32f4xx.o(.text)
    $v0                                      0x0800019c   Number         0  startup_stm32f4xx.o(.text)
    .text                                    0x080001c0   Section        0  atoi.o(.text)
    .text                                    0x080001da   Section        0  uidiv.o(.text)
    .text                                    0x08000206   Section        0  strtol.o(.text)
    .text                                    0x08000278   Section       36  init.o(.text)
    .text                                    0x0800029c   Section        0  ctype_o.o(.text)
    .text                                    0x080002a4   Section        0  _strtoul.o(.text)
    .text                                    0x08000342   Section        0  _chval.o(.text)
    i.EXTI0_IRQHandler                       0x0800035e   Section        0  stm32f4xx_it.o(i.EXTI0_IRQHandler)
    i.EXTI_ClearITPendingBit                 0x08000364   Section        0  stm32f4xx_exti.o(i.EXTI_ClearITPendingBit)
    i.EXTI_Init                              0x08000388   Section        0  stm32f4xx_exti.o(i.EXTI_Init)
    i.GPIO_Configuration                     0x08000444   Section        0  uart_to_printf.o(i.GPIO_Configuration)
    i.GPIO_Init                              0x08000484   Section        0  stm32f4xx_gpio.o(i.GPIO_Init)
    i.GPIO_PinAFConfig                       0x080005d4   Section        0  stm32f4xx_gpio.o(i.GPIO_PinAFConfig)
    i.GPIO_ReadOutputDataBit                 0x080006f0   Section        0  stm32f4xx_gpio.o(i.GPIO_ReadOutputDataBit)
    i.GPIO_StructInit                        0x080007c8   Section        0  stm32f4xx_gpio.o(i.GPIO_StructInit)
    i.GPIO_TIM1_Config                       0x080007dc   Section        0  gpio_config.o(i.GPIO_TIM1_Config)
    i.I2C_CheckEvent                         0x08000844   Section        0  stm32f4xx_i2c.o(i.I2C_CheckEvent)
    i.I2C_Cmd                                0x08000920   Section        0  stm32f4xx_i2c.o(i.I2C_Cmd)
    i.I2C_GenerateSTART                      0x08000974   Section        0  stm32f4xx_i2c.o(i.I2C_GenerateSTART)
    i.I2C_GenerateSTOP                       0x080009c8   Section        0  stm32f4xx_i2c.o(i.I2C_GenerateSTOP)
    i.I2C_GetFlagStatus                      0x08000a1c   Section        0  stm32f4xx_i2c.o(i.I2C_GetFlagStatus)
    i.I2C_Init                               0x08000b18   Section        0  stm32f4xx_i2c.o(i.I2C_Init)
    i.I2C_Send7bitAddress                    0x08000c70   Section        0  stm32f4xx_i2c.o(i.I2C_Send7bitAddress)
    i.I2C_SendData                           0x08000cc4   Section        0  stm32f4xx_i2c.o(i.I2C_SendData)
    i.I2C_start                              0x08000cfc   Section        0  i2c.o(i.I2C_start)
    i.I2C_stop                               0x08000d68   Section        0  i2c.o(i.I2C_stop)
    i.I2C_write                              0x08000d70   Section        0  i2c.o(i.I2C_write)
    i.Init_System                            0x08000d8c   Section        0  main.o(i.Init_System)
    i.Motor_Speed_PID                        0x08000eac   Section        0  main.o(i.Motor_Speed_PID)
    i.Mpu6050_Init                           0x08000f60   Section        0  mpu_6050.o(i.Mpu6050_Init)
    i.Mpu6050_Write                          0x08000f90   Section        0  mpu_6050.o(i.Mpu6050_Write)
    i.NVIC_Configuration                     0x08000fc0   Section        0  uart_to_printf.o(i.NVIC_Configuration)
    i.NVIC_Init                              0x08000ff0   Section        0  misc.o(i.NVIC_Init)
    i.RCC_AHB1PeriphClockCmd                 0x080010c0   Section        0  stm32f4xx_rcc.o(i.RCC_AHB1PeriphClockCmd)
    i.RCC_APB1PeriphClockCmd                 0x08001104   Section        0  stm32f4xx_rcc.o(i.RCC_APB1PeriphClockCmd)
    i.RCC_APB2PeriphClockCmd                 0x08001148   Section        0  stm32f4xx_rcc.o(i.RCC_APB2PeriphClockCmd)
    i.RCC_Configuration                      0x0800118c   Section        0  uart_to_printf.o(i.RCC_Configuration)
    i.RCC_GetClocksFreq                      0x080011a4   Section        0  stm32f4xx_rcc.o(i.RCC_GetClocksFreq)
    i.STM_EVAL_LEDInit                       0x08001234   Section        0  stm32f4_discovery.o(i.STM_EVAL_LEDInit)
    i.STM_EVAL_LEDOn                         0x0800127c   Section        0  stm32f4_discovery.o(i.STM_EVAL_LEDOn)
    i.STM_EVAL_PBInit                        0x08001294   Section        0  stm32f4_discovery.o(i.STM_EVAL_PBInit)
    i.SYSCFG_EXTILineConfig                  0x0800132c   Section        0  stm32f4xx_syscfg.o(i.SYSCFG_EXTILineConfig)
    i.SetSysClock                            0x080013cc   Section        0  system_stm32f4xx.o(i.SetSysClock)
    SetSysClock                              0x080013cd   Thumb Code   162  system_stm32f4xx.o(i.SetSysClock)
    i.Set_PWM                                0x08001480   Section        0  main.o(i.Set_PWM)
    i.SysTick_Handler                        0x080014d0   Section        0  stm32f4xx_it.o(i.SysTick_Handler)
    i.SystemInit                             0x080014dc   Section        0  system_stm32f4xx.o(i.SystemInit)
    i.TIM1_Config                            0x0800152c   Section        0  gpio_config.o(i.TIM1_Config)
    i.TIM_Cmd                                0x080015b8   Section        0  stm32f4xx_tim.o(i.TIM_Cmd)
    i.TIM_CtrlPWMOutputs                     0x08001678   Section        0  stm32f4xx_tim.o(i.TIM_CtrlPWMOutputs)
    i.TIM_EncoderInterfaceConfig             0x080016c8   Section        0  stm32f4xx_tim.o(i.TIM_EncoderInterfaceConfig)
    i.TIM_GetCounter                         0x080017a0   Section        0  stm32f4xx_tim.o(i.TIM_GetCounter)
    i.TIM_OC1Init                            0x08001840   Section        0  stm32f4xx_tim.o(i.TIM_OC1Init)
    i.TIM_OC2Init                            0x080019b8   Section        0  stm32f4xx_tim.o(i.TIM_OC2Init)
    i.TIM_OC3Init                            0x08001b28   Section        0  stm32f4xx_tim.o(i.TIM_OC3Init)
    i.TIM_OC4Init                            0x08001c80   Section        0  stm32f4xx_tim.o(i.TIM_OC4Init)
    i.TIM_SetAutoreload                      0x08001d84   Section        0  stm32f4xx_tim.o(i.TIM_SetAutoreload)
    i.TIM_SetCompare1                        0x08001e24   Section        0  stm32f4xx_tim.o(i.TIM_SetCompare1)
    i.TIM_SetCompare2                        0x08001eb0   Section        0  stm32f4xx_tim.o(i.TIM_SetCompare2)
    i.TIM_SetCounter                         0x08001f14   Section        0  stm32f4xx_tim.o(i.TIM_SetCounter)
    i.TIM_TimeBaseInit                       0x08001fb4   Section        0  stm32f4xx_tim.o(i.TIM_TimeBaseInit)
    i.UART_Configuration                     0x080020e4   Section        0  uart_to_printf.o(i.UART_Configuration)
    i.USART2_Configuration                   0x0800211c   Section        0  uart_to_printf.o(i.USART2_Configuration)
    i.USART2_IRQHandler                      0x08002154   Section        0  stm32f4xx_it.o(i.USART2_IRQHandler)
    i.USART_ClearFlag                        0x080021d4   Section        0  stm32f4xx_usart.o(i.USART_ClearFlag)
    i.USART_Cmd                              0x08002264   Section        0  stm32f4xx_usart.o(i.USART_Cmd)
    i.USART_GetFlagStatus                    0x080022d8   Section        0  stm32f4xx_usart.o(i.USART_GetFlagStatus)
    i.USART_GetITStatus                      0x0800238c   Section        0  stm32f4xx_usart.o(i.USART_GetITStatus)
    i.USART_ITConfig                         0x08002490   Section        0  stm32f4xx_usart.o(i.USART_ITConfig)
    i.USART_Init                             0x08002588   Section        0  stm32f4xx_usart.o(i.USART_Init)
    i.USART_ReceiveData                      0x0800272c   Section        0  stm32f4xx_usart.o(i.USART_ReceiveData)
    i.USART_SendData                         0x08002784   Section        0  stm32f4xx_usart.o(i.USART_SendData)
    i.__0printf$1                            0x080027ec   Section        0  printf1.o(i.__0printf$1)
    i.__aeabi_errno_addr                     0x0800280c   Section        0  errno.o(i.__aeabi_errno_addr)
    i.__scatterload_copy                     0x08002814   Section       14  handlers.o(i.__scatterload_copy)
    i.__scatterload_null                     0x08002822   Section        2  handlers.o(i.__scatterload_null)
    i.__scatterload_zeroinit                 0x08002824   Section       14  handlers.o(i.__scatterload_zeroinit)
    i._printf_core                           0x08002834   Section        0  printf1.o(i._printf_core)
    _printf_core                             0x08002835   Thumb Code   334  printf1.o(i._printf_core)
    i.assert_failed                          0x08002988   Section        0  main.o(i.assert_failed)
    i.encodersInit                           0x0800298c   Section        0  encoder_interface.o(i.encodersInit)
    i.encodersRead                           0x08002a80   Section        0  encoder_interface.o(i.encodersRead)
    i.encodersReset                          0x08002a90   Section        0  encoder_interface.o(i.encodersReset)
    i.fputc                                  0x08002ac4   Section        0  uart_to_printf.o(i.fputc)
    i.init_I2C1                              0x08002b14   Section        0  i2c.o(i.init_I2C1)
    i.main                                   0x08002ba4   Section        0  main.o(i.main)
    i.puts                                   0x08002bb8   Section        0  puts.o(i.puts)
    .constdata                               0x08002bdc   Section       36  stm32f4_discovery.o(.constdata)
    .constdata                               0x08002c00   Section       72  stm32f4xx_rcc.o(.constdata)
    .constdata                               0x08002c48   Section       72  stm32f4xx_gpio.o(.constdata)
    .constdata                               0x08002c90   Section       72  stm32f4xx_syscfg.o(.constdata)
    .constdata                               0x08002cd8   Section       72  stm32f4xx_exti.o(.constdata)
    .constdata                               0x08002d20   Section       72  stm32f4xx_tim.o(.constdata)
    .constdata                               0x08002d68   Section       72  stm32f4xx_usart.o(.constdata)
    .constdata                               0x08002db0   Section       72  stm32f4xx_i2c.o(.constdata)
    .constdata                               0x08002df8   Section      129  ctype_o.o(.constdata)
    .constdata                               0x08002e7c   Section        4  ctype_o.o(.constdata)
    table                                    0x08002e7c   Data           4  ctype_o.o(.constdata)
    .data                                    0x20000000   Section       44  main.o(.data)
    .data                                    0x2000002c   Section        4  main.o(.data)
    .data                                    0x20000030   Section       12  stm32f4xx_it.o(.data)
    .data                                    0x2000003c   Section       20  system_stm32f4xx.o(.data)
    .data                                    0x20000050   Section        8  gpio_config.o(.data)
    .data                                    0x20000058   Section        8  uart_to_printf.o(.data)
    last                                     0x20000058   Data           4  uart_to_printf.o(.data)
    last                                     0x2000005c   Data           4  uart_to_printf.o(.data)
    .data                                    0x20000060   Section        4  uart_to_printf.o(.data)
    .data                                    0x20000064   Section       20  encoder_interface.o(.data)
    oldLeftEncoder                           0x20000064   Data           2  encoder_interface.o(.data)
    oldRightEncoder                          0x20000066   Data           2  encoder_interface.o(.data)
    .data                                    0x20000078   Section       20  stm32f4_discovery.o(.data)
    .data                                    0x2000008c   Section       16  stm32f4xx_rcc.o(.data)
    APBAHBPrescTable                         0x2000008c   Data          16  stm32f4xx_rcc.o(.data)
    .data                                    0x2000009c   Section        4  errno.o(.data)
    _errno                                   0x2000009c   Data           4  errno.o(.data)
    .bss                                     0x200000a0   Section       32  gpio_config.o(.bss)
    STACK                                    0x200000c0   Section     1024  startup_stm32f4xx.o(STACK)

    Global Symbols

    Symbol Name                              Value     Ov Type        Size  Object(Section)

    BuildAttributes$$THM_ISAv4$E$P$D$K$B$S$7EM$VFPi3$EXTD16$VFPS$VFMA$PE$A:L22UL41UL21$X:L11$S22US41US21$IEEE1$IW$USESV6$~STKCKD$USESV7$~SHL$OTIME$ROPI$IEEEX$EBA8$MICROLIB$REQ8$PRES8$EABIv2 0x00000000   Number         0  anon$$obj.o ABSOLUTE
    __ARM_use_no_argv                        0x00000000   Number         0  main.o ABSOLUTE
    __use_no_errno                           0x00000000   Number         0  useno.o ABSOLUTE
    __use_no_exception_handling              0x00000000   Number         0  useno.o ABSOLUTE
    __use_no_fp                              0x00000000   Number         0  useno.o ABSOLUTE
    __use_no_heap                            0x00000000   Number         0  useno.o ABSOLUTE
    __use_no_heap_region                     0x00000000   Number         0  useno.o ABSOLUTE
    __use_no_semihosting                     0x00000000   Number         0  useno.o ABSOLUTE
    __use_no_semihosting_swi                 0x00000000   Number         0  useno.o ABSOLUTE
    __use_no_signal_handling                 0x00000000   Number         0  useno.o ABSOLUTE
    _printf_a                                0x00000000   Number         0  stubs.o ABSOLUTE
    _printf_c                                0x00000000   Number         0  stubs.o ABSOLUTE
    _printf_charcount                        0x00000000   Number         0  stubs.o ABSOLUTE
    _printf_d                                0x00000000   Number         0  stubs.o ABSOLUTE
    _printf_e                                0x00000000   Number         0  stubs.o ABSOLUTE
    _printf_f                                0x00000000   Number         0  stubs.o ABSOLUTE
    _printf_flags                            0x00000000   Number         0  stubs.o ABSOLUTE
    _printf_fp_dec                           0x00000000   Number         0  stubs.o ABSOLUTE
    _printf_fp_hex                           0x00000000   Number         0  stubs.o ABSOLUTE
    _printf_g                                0x00000000   Number         0  stubs.o ABSOLUTE
    _printf_i                                0x00000000   Number         0  stubs.o ABSOLUTE
    _printf_int_dec                          0x00000000   Number         0  stubs.o ABSOLUTE
    _printf_l                                0x00000000   Number         0  stubs.o ABSOLUTE
    _printf_lc                               0x00000000   Number         0  stubs.o ABSOLUTE
    _printf_ll                               0x00000000   Number         0  stubs.o ABSOLUTE
    _printf_lld                              0x00000000   Number         0  stubs.o ABSOLUTE
    _printf_lli                              0x00000000   Number         0  stubs.o ABSOLUTE
    _printf_llo                              0x00000000   Number         0  stubs.o ABSOLUTE
    _printf_llu                              0x00000000   Number         0  stubs.o ABSOLUTE
    _printf_llx                              0x00000000   Number         0  stubs.o ABSOLUTE
    _printf_longlong_dec                     0x00000000   Number         0  stubs.o ABSOLUTE
    _printf_longlong_hex                     0x00000000   Number         0  stubs.o ABSOLUTE
    _printf_longlong_oct                     0x00000000   Number         0  stubs.o ABSOLUTE
    _printf_ls                               0x00000000   Number         0  stubs.o ABSOLUTE
    _printf_mbtowc                           0x00000000   Number         0  stubs.o ABSOLUTE
    _printf_n                                0x00000000   Number         0  stubs.o ABSOLUTE
    _printf_o                                0x00000000   Number         0  stubs.o ABSOLUTE
    _printf_p                                0x00000000   Number         0  stubs.o ABSOLUTE
    _printf_percent                          0x00000000   Number         0  stubs.o ABSOLUTE
    _printf_pre_padding                      0x00000000   Number         0  stubs.o ABSOLUTE
    _printf_return_value                     0x00000000   Number         0  stubs.o ABSOLUTE
    _printf_s                                0x00000000   Number         0  stubs.o ABSOLUTE
    _printf_sizespec                         0x00000000   Number         0  stubs.o ABSOLUTE
    _printf_str                              0x00000000   Number         0  stubs.o ABSOLUTE
    _printf_truncate_signed                  0x00000000   Number         0  stubs.o ABSOLUTE
    _printf_truncate_unsigned                0x00000000   Number         0  stubs.o ABSOLUTE
    _printf_u                                0x00000000   Number         0  stubs.o ABSOLUTE
    _printf_wc                               0x00000000   Number         0  stubs.o ABSOLUTE
    _printf_wctomb                           0x00000000   Number         0  stubs.o ABSOLUTE
    _printf_widthprec                        0x00000000   Number         0  stubs.o ABSOLUTE
    _printf_x                                0x00000000   Number         0  stubs.o ABSOLUTE
    __cpp_initialize__aeabi_                  - Undefined Weak Reference
    __cxa_finalize                            - Undefined Weak Reference
    __decompress                              - Undefined Weak Reference
    _clock_init                               - Undefined Weak Reference
    _microlib_exit                            - Undefined Weak Reference
    __Vectors_Size                           0x00000188   Number         0  startup_stm32f4xx.o ABSOLUTE
    __Vectors                                0x08000000   Data           4  startup_stm32f4xx.o(RESET)
    __Vectors_End                            0x08000188   Data           0  startup_stm32f4xx.o(RESET)
    __main                                   0x08000189   Thumb Code     0  entry.o(.ARM.Collect$$$$00000000)
    _main_stk                                0x08000189   Thumb Code     0  entry2.o(.ARM.Collect$$$$00000001)
    _main_scatterload                        0x0800018d   Thumb Code     0  entry5.o(.ARM.Collect$$$$00000004)
    __main_after_scatterload                 0x08000191   Thumb Code     0  entry5.o(.ARM.Collect$$$$00000004)
    _main_clock                              0x08000191   Thumb Code     0  entry7b.o(.ARM.Collect$$$$00000008)
    _main_cpp_init                           0x08000191   Thumb Code     0  entry8b.o(.ARM.Collect$$$$0000000A)
    _main_init                               0x08000191   Thumb Code     0  entry9a.o(.ARM.Collect$$$$0000000B)
    __rt_final_cpp                           0x08000199   Thumb Code     0  entry10a.o(.ARM.Collect$$$$0000000D)
    __rt_final_exit                          0x08000199   Thumb Code     0  entry11a.o(.ARM.Collect$$$$0000000F)
    Reset_Handler                            0x0800019d   Thumb Code     8  startup_stm32f4xx.o(.text)
    NMI_Handler                              0x080001a5   Thumb Code     2  startup_stm32f4xx.o(.text)
    HardFault_Handler                        0x080001a7   Thumb Code     2  startup_stm32f4xx.o(.text)
    MemManage_Handler                        0x080001a9   Thumb Code     2  startup_stm32f4xx.o(.text)
    BusFault_Handler                         0x080001ab   Thumb Code     2  startup_stm32f4xx.o(.text)
    UsageFault_Handler                       0x080001ad   Thumb Code     2  startup_stm32f4xx.o(.text)
    SVC_Handler                              0x080001af   Thumb Code     2  startup_stm32f4xx.o(.text)
    DebugMon_Handler                         0x080001b1   Thumb Code     2  startup_stm32f4xx.o(.text)
    PendSV_Handler                           0x080001b3   Thumb Code     2  startup_stm32f4xx.o(.text)
    ADC_IRQHandler                           0x080001b7   Thumb Code     0  startup_stm32f4xx.o(.text)
    CAN1_RX0_IRQHandler                      0x080001b7   Thumb Code     0  startup_stm32f4xx.o(.text)
    CAN1_RX1_IRQHandler                      0x080001b7   Thumb Code     0  startup_stm32f4xx.o(.text)
    CAN1_SCE_IRQHandler                      0x080001b7   Thumb Code     0  startup_stm32f4xx.o(.text)
    CAN1_TX_IRQHandler                       0x080001b7   Thumb Code     0  startup_stm32f4xx.o(.text)
    CAN2_RX0_IRQHandler                      0x080001b7   Thumb Code     0  startup_stm32f4xx.o(.text)
    CAN2_RX1_IRQHandler                      0x080001b7   Thumb Code     0  startup_stm32f4xx.o(.text)
    CAN2_SCE_IRQHandler                      0x080001b7   Thumb Code     0  startup_stm32f4xx.o(.text)
    CAN2_TX_IRQHandler                       0x080001b7   Thumb Code     0  startup_stm32f4xx.o(.text)
    CRYP_IRQHandler                          0x080001b7   Thumb Code     0  startup_stm32f4xx.o(.text)
    DCMI_IRQHandler                          0x080001b7   Thumb Code     0  startup_stm32f4xx.o(.text)
    DMA1_Stream0_IRQHandler                  0x080001b7   Thumb Code     0  startup_stm32f4xx.o(.text)
    DMA1_Stream1_IRQHandler                  0x080001b7   Thumb Code     0  startup_stm32f4xx.o(.text)
    DMA1_Stream2_IRQHandler                  0x080001b7   Thumb Code     0  startup_stm32f4xx.o(.text)
    DMA1_Stream3_IRQHandler                  0x080001b7   Thumb Code     0  startup_stm32f4xx.o(.text)
    DMA1_Stream4_IRQHandler                  0x080001b7   Thumb Code     0  startup_stm32f4xx.o(.text)
    DMA1_Stream5_IRQHandler                  0x080001b7   Thumb Code     0  startup_stm32f4xx.o(.text)
    DMA1_Stream6_IRQHandler                  0x080001b7   Thumb Code     0  startup_stm32f4xx.o(.text)
    DMA1_Stream7_IRQHandler                  0x080001b7   Thumb Code     0  startup_stm32f4xx.o(.text)
    DMA2_Stream0_IRQHandler                  0x080001b7   Thumb Code     0  startup_stm32f4xx.o(.text)
    DMA2_Stream1_IRQHandler                  0x080001b7   Thumb Code     0  startup_stm32f4xx.o(.text)
    DMA2_Stream2_IRQHandler                  0x080001b7   Thumb Code     0  startup_stm32f4xx.o(.text)
    DMA2_Stream3_IRQHandler                  0x080001b7   Thumb Code     0  startup_stm32f4xx.o(.text)
    DMA2_Stream4_IRQHandler                  0x080001b7   Thumb Code     0  startup_stm32f4xx.o(.text)
    DMA2_Stream5_IRQHandler                  0x080001b7   Thumb Code     0  startup_stm32f4xx.o(.text)
    DMA2_Stream6_IRQHandler                  0x080001b7   Thumb Code     0  startup_stm32f4xx.o(.text)
    DMA2_Stream7_IRQHandler                  0x080001b7   Thumb Code     0  startup_stm32f4xx.o(.text)
    ETH_IRQHandler                           0x080001b7   Thumb Code     0  startup_stm32f4xx.o(.text)
    ETH_WKUP_IRQHandler                      0x080001b7   Thumb Code     0  startup_stm32f4xx.o(.text)
    EXTI15_10_IRQHandler                     0x080001b7   Thumb Code     0  startup_stm32f4xx.o(.text)
    EXTI1_IRQHandler                         0x080001b7   Thumb Code     0  startup_stm32f4xx.o(.text)
    EXTI2_IRQHandler                         0x080001b7   Thumb Code     0  startup_stm32f4xx.o(.text)
    EXTI3_IRQHandler                         0x080001b7   Thumb Code     0  startup_stm32f4xx.o(.text)
    EXTI4_IRQHandler                         0x080001b7   Thumb Code     0  startup_stm32f4xx.o(.text)
    EXTI9_5_IRQHandler                       0x080001b7   Thumb Code     0  startup_stm32f4xx.o(.text)
    FLASH_IRQHandler                         0x080001b7   Thumb Code     0  startup_stm32f4xx.o(.text)
    FPU_IRQHandler                           0x080001b7   Thumb Code     0  startup_stm32f4xx.o(.text)
    FSMC_IRQHandler                          0x080001b7   Thumb Code     0  startup_stm32f4xx.o(.text)
    HASH_RNG_IRQHandler                      0x080001b7   Thumb Code     0  startup_stm32f4xx.o(.text)
    I2C1_ER_IRQHandler                       0x080001b7   Thumb Code     0  startup_stm32f4xx.o(.text)
    I2C1_EV_IRQHandler                       0x080001b7   Thumb Code     0  startup_stm32f4xx.o(.text)
    I2C2_ER_IRQHandler                       0x080001b7   Thumb Code     0  startup_stm32f4xx.o(.text)
    I2C2_EV_IRQHandler                       0x080001b7   Thumb Code     0  startup_stm32f4xx.o(.text)
    I2C3_ER_IRQHandler                       0x080001b7   Thumb Code     0  startup_stm32f4xx.o(.text)
    I2C3_EV_IRQHandler                       0x080001b7   Thumb Code     0  startup_stm32f4xx.o(.text)
    OTG_FS_IRQHandler                        0x080001b7   Thumb Code     0  startup_stm32f4xx.o(.text)
    OTG_FS_WKUP_IRQHandler                   0x080001b7   Thumb Code     0  startup_stm32f4xx.o(.text)
    OTG_HS_EP1_IN_IRQHandler                 0x080001b7   Thumb Code     0  startup_stm32f4xx.o(.text)
    OTG_HS_EP1_OUT_IRQHandler                0x080001b7   Thumb Code     0  startup_stm32f4xx.o(.text)
    OTG_HS_IRQHandler                        0x080001b7   Thumb Code     0  startup_stm32f4xx.o(.text)
    OTG_HS_WKUP_IRQHandler                   0x080001b7   Thumb Code     0  startup_stm32f4xx.o(.text)
    PVD_IRQHandler                           0x080001b7   Thumb Code     0  startup_stm32f4xx.o(.text)
    RCC_IRQHandler                           0x080001b7   Thumb Code     0  startup_stm32f4xx.o(.text)
    RTC_Alarm_IRQHandler                     0x080001b7   Thumb Code     0  startup_stm32f4xx.o(.text)
    RTC_WKUP_IRQHandler                      0x080001b7   Thumb Code     0  startup_stm32f4xx.o(.text)
    SDIO_IRQHandler                          0x080001b7   Thumb Code     0  startup_stm32f4xx.o(.text)
    SPI1_IRQHandler                          0x080001b7   Thumb Code     0  startup_stm32f4xx.o(.text)
    SPI2_IRQHandler                          0x080001b7   Thumb Code     0  startup_stm32f4xx.o(.text)
    SPI3_IRQHandler                          0x080001b7   Thumb Code     0  startup_stm32f4xx.o(.text)
    TAMP_STAMP_IRQHandler                    0x080001b7   Thumb Code     0  startup_stm32f4xx.o(.text)
    TIM1_BRK_TIM9_IRQHandler                 0x080001b7   Thumb Code     0  startup_stm32f4xx.o(.text)
    TIM1_CC_IRQHandler                       0x080001b7   Thumb Code     0  startup_stm32f4xx.o(.text)
    TIM1_TRG_COM_TIM11_IRQHandler            0x080001b7   Thumb Code     0  startup_stm32f4xx.o(.text)
    TIM1_UP_TIM10_IRQHandler                 0x080001b7   Thumb Code     0  startup_stm32f4xx.o(.text)
    TIM2_IRQHandler                          0x080001b7   Thumb Code     0  startup_stm32f4xx.o(.text)
    TIM3_IRQHandler                          0x080001b7   Thumb Code     0  startup_stm32f4xx.o(.text)
    TIM4_IRQHandler                          0x080001b7   Thumb Code     0  startup_stm32f4xx.o(.text)
    TIM5_IRQHandler                          0x080001b7   Thumb Code     0  startup_stm32f4xx.o(.text)
    TIM6_DAC_IRQHandler                      0x080001b7   Thumb Code     0  startup_stm32f4xx.o(.text)
    TIM7_IRQHandler                          0x080001b7   Thumb Code     0  startup_stm32f4xx.o(.text)
    TIM8_BRK_TIM12_IRQHandler                0x080001b7   Thumb Code     0  startup_stm32f4xx.o(.text)
    TIM8_CC_IRQHandler                       0x080001b7   Thumb Code     0  startup_stm32f4xx.o(.text)
    TIM8_TRG_COM_TIM14_IRQHandler            0x080001b7   Thumb Code     0  startup_stm32f4xx.o(.text)
    TIM8_UP_TIM13_IRQHandler                 0x080001b7   Thumb Code     0  startup_stm32f4xx.o(.text)
    UART4_IRQHandler                         0x080001b7   Thumb Code     0  startup_stm32f4xx.o(.text)
    UART5_IRQHandler                         0x080001b7   Thumb Code     0  startup_stm32f4xx.o(.text)
    USART1_IRQHandler                        0x080001b7   Thumb Code     0  startup_stm32f4xx.o(.text)
    USART3_IRQHandler                        0x080001b7   Thumb Code     0  startup_stm32f4xx.o(.text)
    USART6_IRQHandler                        0x080001b7   Thumb Code     0  startup_stm32f4xx.o(.text)
    WWDG_IRQHandler                          0x080001b7   Thumb Code     0  startup_stm32f4xx.o(.text)
    atoi                                     0x080001c1   Thumb Code    26  atoi.o(.text)
    __aeabi_uidiv                            0x080001db   Thumb Code     0  uidiv.o(.text)
    __aeabi_uidivmod                         0x080001db   Thumb Code    44  uidiv.o(.text)
    strtol                                   0x08000207   Thumb Code   112  strtol.o(.text)
    __scatterload                            0x08000279   Thumb Code    28  init.o(.text)
    __scatterload_rt2                        0x08000279   Thumb Code     0  init.o(.text)
    __rt_ctype_table                         0x0800029d   Thumb Code     4  ctype_o.o(.text)
    _strtoul                                 0x080002a5   Thumb Code   158  _strtoul.o(.text)
    _chval                                   0x08000343   Thumb Code    28  _chval.o(.text)
    EXTI0_IRQHandler                         0x0800035f   Thumb Code     6  stm32f4xx_it.o(i.EXTI0_IRQHandler)
    EXTI_ClearITPendingBit                   0x08000365   Thumb Code    26  stm32f4xx_exti.o(i.EXTI_ClearITPendingBit)
    EXTI_Init                                0x08000389   Thumb Code   180  stm32f4xx_exti.o(i.EXTI_Init)
    GPIO_Configuration                       0x08000445   Thumb Code    58  uart_to_printf.o(i.GPIO_Configuration)
    GPIO_Init                                0x08000485   Thumb Code   294  stm32f4xx_gpio.o(i.GPIO_Init)
    GPIO_PinAFConfig                         0x080005d5   Thumb Code   242  stm32f4xx_gpio.o(i.GPIO_PinAFConfig)
    GPIO_ReadOutputDataBit                   0x080006f1   Thumb Code   174  stm32f4xx_gpio.o(i.GPIO_ReadOutputDataBit)
    GPIO_StructInit                          0x080007c9   Thumb Code    18  stm32f4xx_gpio.o(i.GPIO_StructInit)
    GPIO_TIM1_Config                         0x080007dd   Thumb Code    96  gpio_config.o(i.GPIO_TIM1_Config)
    I2C_CheckEvent                           0x08000845   Thumb Code   198  stm32f4xx_i2c.o(i.I2C_CheckEvent)
    I2C_Cmd                                  0x08000921   Thumb Code    68  stm32f4xx_i2c.o(i.I2C_Cmd)
    I2C_GenerateSTART                        0x08000975   Thumb Code    68  stm32f4xx_i2c.o(i.I2C_GenerateSTART)
    I2C_GenerateSTOP                         0x080009c9   Thumb Code    68  stm32f4xx_i2c.o(i.I2C_GenerateSTOP)
    I2C_GetFlagStatus                        0x08000a1d   Thumb Code   210  stm32f4xx_i2c.o(i.I2C_GetFlagStatus)
    I2C_Init                                 0x08000b19   Thumb Code   316  stm32f4xx_i2c.o(i.I2C_Init)
    I2C_Send7bitAddress                      0x08000c71   Thumb Code    66  stm32f4xx_i2c.o(i.I2C_Send7bitAddress)
    I2C_SendData                             0x08000cc5   Thumb Code    38  stm32f4xx_i2c.o(i.I2C_SendData)
    I2C_start                                0x08000cfd   Thumb Code   100  i2c.o(i.I2C_start)
    I2C_stop                                 0x08000d69   Thumb Code     6  i2c.o(i.I2C_stop)
    I2C_write                                0x08000d71   Thumb Code    24  i2c.o(i.I2C_write)
    Init_System                              0x08000d8d   Thumb Code   168  main.o(i.Init_System)
    Motor_Speed_PID                          0x08000ead   Thumb Code   146  main.o(i.Motor_Speed_PID)
    Mpu6050_Init                             0x08000f61   Thumb Code    46  mpu_6050.o(i.Mpu6050_Init)
    Mpu6050_Write                            0x08000f91   Thumb Code    44  mpu_6050.o(i.Mpu6050_Write)
    NVIC_Configuration                       0x08000fc1   Thumb Code    42  uart_to_printf.o(i.NVIC_Configuration)
    NVIC_Init                                0x08000ff1   Thumb Code   140  misc.o(i.NVIC_Init)
    RCC_AHB1PeriphClockCmd                   0x080010c1   Thumb Code    56  stm32f4xx_rcc.o(i.RCC_AHB1PeriphClockCmd)
    RCC_APB1PeriphClockCmd                   0x08001105   Thumb Code    56  stm32f4xx_rcc.o(i.RCC_APB1PeriphClockCmd)
    RCC_APB2PeriphClockCmd                   0x08001149   Thumb Code    56  stm32f4xx_rcc.o(i.RCC_APB2PeriphClockCmd)
    RCC_Configuration                        0x0800118d   Thumb Code    22  uart_to_printf.o(i.RCC_Configuration)
    RCC_GetClocksFreq                        0x080011a5   Thumb Code   132  stm32f4xx_rcc.o(i.RCC_GetClocksFreq)
    STM_EVAL_LEDInit                         0x08001235   Thumb Code    62  stm32f4_discovery.o(i.STM_EVAL_LEDInit)
    STM_EVAL_LEDOn                           0x0800127d   Thumb Code    16  stm32f4_discovery.o(i.STM_EVAL_LEDOn)
    STM_EVAL_PBInit                          0x08001295   Thumb Code   144  stm32f4_discovery.o(i.STM_EVAL_PBInit)
    SYSCFG_EXTILineConfig                    0x0800132d   Thumb Code   150  stm32f4xx_syscfg.o(i.SYSCFG_EXTILineConfig)
    Set_PWM                                  0x08001481   Thumb Code    70  main.o(i.Set_PWM)
    SysTick_Handler                          0x080014d1   Thumb Code     8  stm32f4xx_it.o(i.SysTick_Handler)
    SystemInit                               0x080014dd   Thumb Code    62  system_stm32f4xx.o(i.SystemInit)
    TIM1_Config                              0x0800152d   Thumb Code   132  gpio_config.o(i.TIM1_Config)
    TIM_Cmd                                  0x080015b9   Thumb Code   134  stm32f4xx_tim.o(i.TIM_Cmd)
    TIM_CtrlPWMOutputs                       0x08001679   Thumb Code    66  stm32f4xx_tim.o(i.TIM_CtrlPWMOutputs)
    TIM_EncoderInterfaceConfig               0x080016c9   Thumb Code   182  stm32f4xx_tim.o(i.TIM_EncoderInterfaceConfig)
    TIM_GetCounter                           0x080017a1   Thumb Code   102  stm32f4xx_tim.o(i.TIM_GetCounter)
    TIM_OC1Init                              0x08001841   Thumb Code   328  stm32f4xx_tim.o(i.TIM_OC1Init)
    TIM_OC2Init                              0x080019b9   Thumb Code   336  stm32f4xx_tim.o(i.TIM_OC2Init)
    TIM_OC3Init                              0x08001b29   Thumb Code   320  stm32f4xx_tim.o(i.TIM_OC3Init)
    TIM_OC4Init                              0x08001c81   Thumb Code   236  stm32f4xx_tim.o(i.TIM_OC4Init)
    TIM_SetAutoreload                        0x08001d85   Thumb Code   104  stm32f4xx_tim.o(i.TIM_SetAutoreload)
    TIM_SetCompare1                          0x08001e25   Thumb Code    92  stm32f4xx_tim.o(i.TIM_SetCompare1)
    TIM_SetCompare2                          0x08001eb1   Thumb Code    68  stm32f4xx_tim.o(i.TIM_SetCompare2)
    TIM_SetCounter                           0x08001f15   Thumb Code   104  stm32f4xx_tim.o(i.TIM_SetCounter)
    TIM_TimeBaseInit                         0x08001fb5   Thumb Code   250  stm32f4xx_tim.o(i.TIM_TimeBaseInit)
    UART_Configuration                       0x080020e5   Thumb Code    28  uart_to_printf.o(i.UART_Configuration)
    USART2_Configuration                     0x0800211d   Thumb Code    52  uart_to_printf.o(i.USART2_Configuration)
    USART2_IRQHandler                        0x08002155   Thumb Code    98  stm32f4xx_it.o(i.USART2_IRQHandler)
    USART_ClearFlag                          0x080021d5   Thumb Code   114  stm32f4xx_usart.o(i.USART_ClearFlag)
    USART_Cmd                                0x08002265   Thumb Code    86  stm32f4xx_usart.o(i.USART_Cmd)
    USART_GetFlagStatus                      0x080022d9   Thumb Code   152  stm32f4xx_usart.o(i.USART_GetFlagStatus)
    USART_GetITStatus                        0x0800238d   Thumb Code   232  stm32f4xx_usart.o(i.USART_GetITStatus)
    USART_ITConfig                           0x08002491   Thumb Code   220  stm32f4xx_usart.o(i.USART_ITConfig)
    USART_Init                               0x08002589   Thumb Code   388  stm32f4xx_usart.o(i.USART_Init)
    USART_ReceiveData                        0x0800272d   Thumb Code    58  stm32f4xx_usart.o(i.USART_ReceiveData)
    USART_SendData                           0x08002785   Thumb Code    76  stm32f4xx_usart.o(i.USART_SendData)
    __0printf$1                              0x080027ed   Thumb Code    22  printf1.o(i.__0printf$1)
    __1printf$1                              0x080027ed   Thumb Code     0  printf1.o(i.__0printf$1)
    __2printf                                0x080027ed   Thumb Code     0  printf1.o(i.__0printf$1)
    __aeabi_errno_addr                       0x0800280d   Thumb Code     4  errno.o(i.__aeabi_errno_addr)
    __rt_errno_addr                          0x0800280d   Thumb Code     0  errno.o(i.__aeabi_errno_addr)
    __scatterload_copy                       0x08002815   Thumb Code    14  handlers.o(i.__scatterload_copy)
    __scatterload_null                       0x08002823   Thumb Code     2  handlers.o(i.__scatterload_null)
    __scatterload_zeroinit                   0x08002825   Thumb Code    14  handlers.o(i.__scatterload_zeroinit)
    assert_failed                            0x08002989   Thumb Code     2  main.o(i.assert_failed)
    encodersInit                             0x0800298d   Thumb Code   230  encoder_interface.o(i.encodersInit)
    encodersRead                             0x08002a81   Thumb Code    12  encoder_interface.o(i.encodersRead)
    encodersReset                            0x08002a91   Thumb Code    44  encoder_interface.o(i.encodersReset)
    fputc                                    0x08002ac5   Thumb Code    72  uart_to_printf.o(i.fputc)
    init_I2C1                                0x08002b15   Thumb Code   130  i2c.o(i.init_I2C1)
    main                                     0x08002ba5   Thumb Code    18  main.o(i.main)
    puts                                     0x08002bb9   Thumb Code    30  puts.o(i.puts)
    BUTTON_PORT_SOURCE                       0x08002bdc   Data           1  stm32f4_discovery.o(.constdata)
    BUTTON_PIN_SOURCE                        0x08002bdd   Data           1  stm32f4_discovery.o(.constdata)
    BUTTON_IRQn                              0x08002bde   Data           1  stm32f4_discovery.o(.constdata)
    BUTTON_PIN                               0x08002be0   Data           2  stm32f4_discovery.o(.constdata)
    BUTTON_EXTI_LINE                         0x08002be2   Data           2  stm32f4_discovery.o(.constdata)
    BUTTON_CLK                               0x08002be4   Data           4  stm32f4_discovery.o(.constdata)
    GPIO_PIN                                 0x08002be8   Data           8  stm32f4_discovery.o(.constdata)
    GPIO_CLK                                 0x08002bf0   Data          16  stm32f4_discovery.o(.constdata)
    __ctype_table                            0x08002df8   Data         129  ctype_o.o(.constdata)
    Region$$Table$$Base                      0x08002e80   Number         0  anon$$obj.o(Region$$Table)
    Region$$Table$$Limit                     0x08002ea0   Number         0  anon$$obj.o(Region$$Table)
    Sample_time                              0x20000000   Data           2  main.o(.data)
    TimeDelay                                0x20000002   Data           2  main.o(.data)
    Err                                      0x20000004   Data           4  main.o(.data)
    Old_Err                                  0x20000008   Data           4  main.o(.data)
    Kp                                       0x2000000c   Data           4  main.o(.data)
    Kd                                       0x20000010   Data           4  main.o(.data)
    pPart                                    0x20000014   Data           4  main.o(.data)
    dPart                                    0x20000018   Data           4  main.o(.data)
    Out_Put                                  0x2000001c   Data           4  main.o(.data)
    Inv_Sampling_Time                        0x20000020   Data           4  main.o(.data)
    a                                        0x20000024   Data           4  main.o(.data)
    Process_Value                            0x20000028   Data           4  main.o(.data)
    Set_Point                                0x2000002c   Data           4  main.o(.data)
    UART_count                               0x20000030   Data           4  stm32f4xx_it.o(.data)
    UART_chuoi                               0x20000034   Data           8  stm32f4xx_it.o(.data)
    SystemCoreClock                          0x2000003c   Data           4  system_stm32f4xx.o(.data)
    AHBPrescTable                            0x20000040   Data          16  system_stm32f4xx.o(.data)
    GPIO_InitStruct                          0x20000050   Data           8  gpio_config.o(.data)
    __stdout                                 0x20000060   Data           4  uart_to_printf.o(.data)
    leftTotal                                0x20000068   Data           4  encoder_interface.o(.data)
    rightTotal                               0x2000006c   Data           4  encoder_interface.o(.data)
    fwdTotal                                 0x20000070   Data           4  encoder_interface.o(.data)
    rotTotal                                 0x20000074   Data           4  encoder_interface.o(.data)
    BUTTON_PORT                              0x20000078   Data           4  stm32f4_discovery.o(.data)
    GPIO_PORT                                0x2000007c   Data          16  stm32f4_discovery.o(.data)
    TIM_TimeBaseStructure                    0x200000a0   Data          12  gpio_config.o(.bss)
    TIM_OCInitStructure                      0x200000ac   Data          20  gpio_config.o(.bss)
    __initial_sp                             0x200004c0   Data           0  startup_stm32f4xx.o(STACK)



==============================================================================

Memory Map of the image

  Image Entry point : 0x08000189

  Load Region LR_IROM1 (Base: 0x08000000, Size: 0x00002f40, Max: 0x00100000, ABSOLUTE)

    Execution Region ER_IROM1 (Base: 0x08000000, Size: 0x00002ea0, Max: 0x00100000, ABSOLUTE)

    Base Addr    Size         Type   Attr      Idx    E Section Name        Object

    0x08000000   0x00000188   Data   RO         2392    RESET               startup_stm32f4xx.o
    0x08000188   0x00000000   Code   RO         2437  * .ARM.Collect$$$$00000000  mc_w.l(entry.o)
    0x08000188   0x00000004   Code   RO         2730    .ARM.Collect$$$$00000001  mc_w.l(entry2.o)
    0x0800018c   0x00000004   Code   RO         2733    .ARM.Collect$$$$00000004  mc_w.l(entry5.o)
    0x08000190   0x00000000   Code   RO         2735    .ARM.Collect$$$$00000008  mc_w.l(entry7b.o)
    0x08000190   0x00000000   Code   RO         2737    .ARM.Collect$$$$0000000A  mc_w.l(entry8b.o)
    0x08000190   0x00000008   Code   RO         2738    .ARM.Collect$$$$0000000B  mc_w.l(entry9a.o)
    0x08000198   0x00000000   Code   RO         2740    .ARM.Collect$$$$0000000D  mc_w.l(entry10a.o)
    0x08000198   0x00000000   Code   RO         2742    .ARM.Collect$$$$0000000F  mc_w.l(entry11a.o)
    0x08000198   0x00000004   Code   RO         2731    .ARM.Collect$$$$00002712  mc_w.l(entry2.o)
    0x0800019c   0x00000024   Code   RO         2393    .text               startup_stm32f4xx.o
    0x080001c0   0x0000001a   Code   RO         2705    .text               mc_w.l(atoi.o)
    0x080001da   0x0000002c   Code   RO         2744    .text               mc_w.l(uidiv.o)
    0x08000206   0x00000070   Code   RO         2761    .text               mc_w.l(strtol.o)
    0x08000276   0x00000002   PAD
    0x08000278   0x00000024   Code   RO         2780    .text               mc_w.l(init.o)
    0x0800029c   0x00000008   Code   RO         2782    .text               mc_w.l(ctype_o.o)
    0x080002a4   0x0000009e   Code   RO         2810    .text               mc_w.l(_strtoul.o)
    0x08000342   0x0000001c   Code   RO         2812    .text               mc_w.l(_chval.o)
    0x0800035e   0x00000006   Code   RO          208    i.EXTI0_IRQHandler  stm32f4xx_it.o
    0x08000364   0x00000024   Code   RO         1378    i.EXTI_ClearITPendingBit  stm32f4xx_exti.o
    0x08000388   0x000000bc   Code   RO         1383    i.EXTI_Init         stm32f4xx_exti.o
    0x08000444   0x00000040   Code   RO          539    i.GPIO_Configuration  uart_to_printf.o
    0x08000484   0x00000150   Code   RO         1233    i.GPIO_Init         stm32f4xx_gpio.o
    0x080005d4   0x0000011c   Code   RO         1234    i.GPIO_PinAFConfig  stm32f4xx_gpio.o
    0x080006f0   0x000000d8   Code   RO         1239    i.GPIO_ReadOutputDataBit  stm32f4xx_gpio.o
    0x080007c8   0x00000012   Code   RO         1242    i.GPIO_StructInit   stm32f4xx_gpio.o
    0x080007da   0x00000002   PAD
    0x080007dc   0x00000068   Code   RO          513    i.GPIO_TIM1_Config  gpio_config.o
    0x08000844   0x000000dc   Code   RO         2182    i.I2C_CheckEvent    stm32f4xx_i2c.o
    0x08000920   0x00000054   Code   RO         2185    i.I2C_Cmd           stm32f4xx_i2c.o
    0x08000974   0x00000054   Code   RO         2192    i.I2C_GenerateSTART  stm32f4xx_i2c.o
    0x080009c8   0x00000054   Code   RO         2193    i.I2C_GenerateSTOP  stm32f4xx_i2c.o
    0x08000a1c   0x000000fc   Code   RO         2194    i.I2C_GetFlagStatus  stm32f4xx_i2c.o
    0x08000b18   0x00000158   Code   RO         2199    i.I2C_Init          stm32f4xx_i2c.o
    0x08000c70   0x00000054   Code   RO         2206    i.I2C_Send7bitAddress  stm32f4xx_i2c.o
    0x08000cc4   0x00000038   Code   RO         2207    i.I2C_SendData      stm32f4xx_i2c.o
    0x08000cfc   0x0000006c   Code   RO          660    i.I2C_start         i2c.o
    0x08000d68   0x00000006   Code   RO          661    i.I2C_stop          i2c.o
    0x08000d6e   0x00000002   PAD
    0x08000d70   0x0000001c   Code   RO          662    i.I2C_write         i2c.o
    0x08000d8c   0x00000120   Code   RO            3    i.Init_System       main.o
    0x08000eac   0x000000b4   Code   RO            4    i.Motor_Speed_PID   main.o
    0x08000f60   0x0000002e   Code   RO          711    i.Mpu6050_Init      mpu_6050.o
    0x08000f8e   0x00000002   PAD
    0x08000f90   0x00000030   Code   RO          713    i.Mpu6050_Write     mpu_6050.o
    0x08000fc0   0x00000030   Code   RO          540    i.NVIC_Configuration  uart_to_printf.o
    0x08000ff0   0x000000d0   Code   RO         1186    i.NVIC_Init         misc.o
    0x080010c0   0x00000044   Code   RO          831    i.RCC_AHB1PeriphClockCmd  stm32f4xx_rcc.o
    0x08001104   0x00000044   Code   RO          840    i.RCC_APB1PeriphClockCmd  stm32f4xx_rcc.o
    0x08001148   0x00000044   Code   RO          843    i.RCC_APB2PeriphClockCmd  stm32f4xx_rcc.o
    0x0800118c   0x00000016   Code   RO          541    i.RCC_Configuration  uart_to_printf.o
    0x080011a2   0x00000002   PAD
    0x080011a4   0x00000090   Code   RO          852    i.RCC_GetClocksFreq  stm32f4xx_rcc.o
    0x08001234   0x00000048   Code   RO          777    i.STM_EVAL_LEDInit  stm32f4_discovery.o
    0x0800127c   0x00000018   Code   RO          779    i.STM_EVAL_LEDOn    stm32f4_discovery.o
    0x08001294   0x00000098   Code   RO          782    i.STM_EVAL_PBInit   stm32f4_discovery.o
    0x0800132c   0x000000a0   Code   RO         1333    i.SYSCFG_EXTILineConfig  stm32f4xx_syscfg.o
    0x080013cc   0x000000b4   Code   RO          380    i.SetSysClock       system_stm32f4xx.o
    0x08001480   0x00000050   Code   RO            5    i.Set_PWM           main.o
    0x080014d0   0x0000000c   Code   RO          209    i.SysTick_Handler   stm32f4xx_it.o
    0x080014dc   0x00000050   Code   RO          382    i.SystemInit        system_stm32f4xx.o
    0x0800152c   0x0000008c   Code   RO          514    i.TIM1_Config       gpio_config.o
    0x080015b8   0x000000c0   Code   RO         1453    i.TIM_Cmd           stm32f4xx_tim.o
    0x08001678   0x00000050   Code   RO         1455    i.TIM_CtrlPWMOutputs  stm32f4xx_tim.o
    0x080016c8   0x000000d8   Code   RO         1462    i.TIM_EncoderInterfaceConfig  stm32f4xx_tim.o
    0x080017a0   0x000000a0   Code   RO         1472    i.TIM_GetCounter    stm32f4xx_tim.o
    0x08001840   0x00000178   Code   RO         1482    i.TIM_OC1Init       stm32f4xx_tim.o
    0x080019b8   0x00000170   Code   RO         1487    i.TIM_OC2Init       stm32f4xx_tim.o
    0x08001b28   0x00000158   Code   RO         1492    i.TIM_OC3Init       stm32f4xx_tim.o
    0x08001c80   0x00000104   Code   RO         1497    i.TIM_OC4Init       stm32f4xx_tim.o
    0x08001d84   0x000000a0   Code   RO         1513    i.TIM_SetAutoreload  stm32f4xx_tim.o
    0x08001e24   0x0000008c   Code   RO         1515    i.TIM_SetCompare1   stm32f4xx_tim.o
    0x08001eb0   0x00000064   Code   RO         1516    i.TIM_SetCompare2   stm32f4xx_tim.o
    0x08001f14   0x000000a0   Code   RO         1519    i.TIM_SetCounter    stm32f4xx_tim.o
    0x08001fb4   0x00000130   Code   RO         1525    i.TIM_TimeBaseInit  stm32f4xx_tim.o
    0x080020e4   0x00000038   Code   RO          542    i.UART_Configuration  uart_to_printf.o
    0x0800211c   0x00000038   Code   RO          543    i.USART2_Configuration  uart_to_printf.o
    0x08002154   0x00000080   Code   RO          210    i.USART2_IRQHandler  stm32f4xx_it.o
    0x080021d4   0x00000090   Code   RO         1991    i.USART_ClearFlag   stm32f4xx_usart.o
    0x08002264   0x00000074   Code   RO         1995    i.USART_Cmd         stm32f4xx_usart.o
    0x080022d8   0x000000b4   Code   RO         1998    i.USART_GetFlagStatus  stm32f4xx_usart.o
    0x0800238c   0x00000104   Code   RO         1999    i.USART_GetITStatus  stm32f4xx_usart.o
    0x08002490   0x000000f8   Code   RO         2001    i.USART_ITConfig    stm32f4xx_usart.o
    0x08002588   0x000001a4   Code   RO         2002    i.USART_Init        stm32f4xx_usart.o
    0x0800272c   0x00000058   Code   RO         2009    i.USART_ReceiveData  stm32f4xx_usart.o
    0x08002784   0x00000068   Code   RO         2012    i.USART_SendData    stm32f4xx_usart.o
    0x080027ec   0x00000020   Code   RO         2489    i.__0printf$1       mc_w.l(printf1.o)
    0x0800280c   0x00000008   Code   RO         2754    i.__aeabi_errno_addr  mc_w.l(errno.o)
    0x08002814   0x0000000e   Code   RO         2816    i.__scatterload_copy  mc_w.l(handlers.o)
    0x08002822   0x00000002   Code   RO         2817    i.__scatterload_null  mc_w.l(handlers.o)
    0x08002824   0x0000000e   Code   RO         2818    i.__scatterload_zeroinit  mc_w.l(handlers.o)
    0x08002832   0x00000002   PAD
    0x08002834   0x00000154   Code   RO         2496    i._printf_core      mc_w.l(printf1.o)
    0x08002988   0x00000002   Code   RO            6    i.assert_failed     main.o
    0x0800298a   0x00000002   PAD
    0x0800298c   0x000000f4   Code   RO          623    i.encodersInit      encoder_interface.o
    0x08002a80   0x00000010   Code   RO          624    i.encodersRead      encoder_interface.o
    0x08002a90   0x00000034   Code   RO          625    i.encodersReset     encoder_interface.o
    0x08002ac4   0x00000050   Code   RO          548    i.fputc             uart_to_printf.o
    0x08002b14   0x00000090   Code   RO          663    i.init_I2C1         i2c.o
    0x08002ba4   0x00000012   Code   RO            7    i.main              main.o
    0x08002bb6   0x00000002   PAD
    0x08002bb8   0x00000024   Code   RO         2440    i.puts              mc_w.l(puts.o)
    0x08002bdc   0x00000024   Data   RO          783    .constdata          stm32f4_discovery.o
    0x08002c00   0x00000048   Data   RO          875    .constdata          stm32f4xx_rcc.o
    0x08002c48   0x00000048   Data   RO         1246    .constdata          stm32f4xx_gpio.o
    0x08002c90   0x00000048   Data   RO         1336    .constdata          stm32f4xx_syscfg.o
    0x08002cd8   0x00000048   Data   RO         1385    .constdata          stm32f4xx_exti.o
    0x08002d20   0x00000048   Data   RO         1529    .constdata          stm32f4xx_tim.o
    0x08002d68   0x00000048   Data   RO         2020    .constdata          stm32f4xx_usart.o
    0x08002db0   0x00000048   Data   RO         2212    .constdata          stm32f4xx_i2c.o
    0x08002df8   0x00000081   Data   RO         2783    .constdata          mc_w.l(ctype_o.o)
    0x08002e79   0x00000003   PAD
    0x08002e7c   0x00000004   Data   RO         2784    .constdata          mc_w.l(ctype_o.o)
    0x08002e80   0x00000020   Data   RO         2814    Region$$Table       anon$$obj.o


    Execution Region RW_IRAM1 (Base: 0x20000000, Size: 0x000004c0, Max: 0x00020000, ABSOLUTE)

    Base Addr    Size         Type   Attr      Idx    E Section Name        Object

    0x20000000   0x0000002c   Data   RW            8    .data               main.o
    0x2000002c   0x00000004   Data   RW           14    .data               main.o
    0x20000030   0x0000000c   Data   RW          217    .data               stm32f4xx_it.o
    0x2000003c   0x00000014   Data   RW          383    .data               system_stm32f4xx.o
    0x20000050   0x00000008   Data   RW          516    .data               gpio_config.o
    0x20000058   0x00000008   Data   RW          549    .data               uart_to_printf.o
    0x20000060   0x00000004   Data   RW          550    .data               uart_to_printf.o
    0x20000064   0x00000014   Data   RW          630    .data               encoder_interface.o
    0x20000078   0x00000014   Data   RW          784    .data               stm32f4_discovery.o
    0x2000008c   0x00000010   Data   RW          876    .data               stm32f4xx_rcc.o
    0x2000009c   0x00000004   Data   RW         2757    .data               mc_w.l(errno.o)
    0x200000a0   0x00000020   Zero   RW          515    .bss                gpio_config.o
    0x200000c0   0x00000400   Zero   RW         2390    STACK               startup_stm32f4xx.o


==============================================================================

Image component sizes


      Code (inc. data)   RO Data    RW Data    ZI Data      Debug   Object Name

       312         26          0         20          0       2638   encoder_interface.o
       244         16          0          8         32       1509   gpio_config.o
       286         26          0          0          0       2415   i2c.o
       568        164          0         48          0     234799   main.o
       208         68          0          0          0      15984   misc.o
        94          4          0          0          0       1675   mpu_6050.o
        36          8        392          0       1024        940   startup_stm32f4xx.o
       248         26         36         20          0       4531   stm32f4_discovery.o
       224         18         72          0          0       4401   stm32f4xx_exti.o
       854        126         72          0          0      10134   stm32f4xx_gpio.o
      1208        176         72          0          0      14654   stm32f4xx_i2c.o
       146         34          0         12          0     252465   stm32f4xx_it.o
       348         48         72         16          0      18003   stm32f4xx_rcc.o
       160         10         72          0          0        800   stm32f4xx_syscfg.o
      2860        538         72          0          0      31129   stm32f4xx_tim.o
      1560        234         72          0          0      13267   stm32f4xx_usart.o
       260         36          0         20          0     213613   system_stm32f4xx.o
       326         52          0         12          0       5569   uart_to_printf.o

    ----------------------------------------------------------------------
      9954       1610        964        156       1056     828526   Object Totals
         0          0         32          0          0          0   (incl. Generated)
        12          0          0          0          0          0   (incl. Padding)

    ----------------------------------------------------------------------

      Code (inc. data)   RO Data    RW Data    ZI Data      Debug   Library Member Name

        28          0          0          0          0         68   _chval.o
       158          0          0          0          0         92   _strtoul.o
        26          0          0          0          0         80   atoi.o
         8          4        133          0          0         68   ctype_o.o
         0          0          0          0          0          0   entry.o
         0          0          0          0          0          0   entry10a.o
         0          0          0          0          0          0   entry11a.o
         8          4          0          0          0          0   entry2.o
         4          0          0          0          0          0   entry5.o
         0          0          0          0          0          0   entry7b.o
         0          0          0          0          0          0   entry8b.o
         8          4          0          0          0          0   entry9a.o
         8          4          0          4          0         68   errno.o
        30          0          0          0          0          0   handlers.o
        36          8          0          0          0         68   init.o
       372         16          0          0          0        180   printf1.o
        36          6          0          0          0         80   puts.o
       112          0          0          0          0         88   strtol.o
        44          0          0          0          0         80   uidiv.o

    ----------------------------------------------------------------------
       882         46        136          4          0        872   Library Totals
         4          0          3          0          0          0   (incl. Padding)

    ----------------------------------------------------------------------

      Code (inc. data)   RO Data    RW Data    ZI Data      Debug   Library Name

       878         46        133          4          0        872   mc_w.l

    ----------------------------------------------------------------------
       882         46        136          4          0        872   Library Totals

    ----------------------------------------------------------------------

==============================================================================


      Code (inc. data)   RO Data    RW Data    ZI Data      Debug   

     10836       1656       1100        160       1056     822386   Grand Totals
     10836       1656       1100        160       1056     822386   ELF Image Totals
     10836       1656       1100        160          0          0   ROM Totals

==============================================================================

    Total RO  Size (Code + RO Data)                11936 (  11.66kB)
    Total RW  Size (RW Data + ZI Data)              1216 (   1.19kB)
    Total ROM Size (Code + RO Data + RW Data)      12096 (  11.81kB)

==============================================================================

