ARM Linker, 5.03 [Build 76] [MDK-ARM Professional]

==============================================================================

Section Cross References

    main.o(i.Delay) refers to main.o(.data) for .data
    main.o(i.Init_System) refers to uart_to_printf.o(i.UART_Configuration) for UART_Configuration
    main.o(i.Init_System) refers to stm32f4_discovery.o(i.STM_EVAL_PBInit) for STM_EVAL_PBInit
    main.o(i.Init_System) refers to stm32f4xx_rcc.o(i.RCC_AHB1PeriphClockCmd) for RCC_AHB1PeriphClockCmd
    main.o(i.Init_System) refers to stm32f4xx_gpio.o(i.GPIO_Init) for GPIO_Init
    main.o(i.Init_System) refers to stm32f4_discovery.o(i.STM_EVAL_LEDInit) for STM_EVAL_LEDInit
    main.o(i.Init_System) refers to system_stm32f4xx.o(.data) for SystemCoreClock
    main.o(i.MAX485_DIR_IN) refers to stm32f4xx_gpio.o(i.GPIO_ResetBits) for GPIO_ResetBits
    main.o(i.MAX485_DIR_OUT) refers to stm32f4xx_gpio.o(i.GPIO_SetBits) for GPIO_SetBits
    main.o(i.MSD_SenCmd) refers to main.o(i.uart_sent) for uart_sent
    main.o(i.MSD_SenCmd) refers to main.o(i.rs485_send_message) for rs485_send_message
    main.o(i.main) refers to main.o(i.Init_System) for Init_System
    main.o(i.main) refers to main.o(i.MSD_SenCmd) for MSD_SenCmd
    main.o(i.rs485_send_message) refers to main.o(i.MAX485_DIR_OUT) for MAX485_DIR_OUT
    main.o(i.rs485_send_message) refers to main.o(i.uart_sent) for uart_sent
    main.o(i.rs485_send_message) refers to main.o(i.MAX485_DIR_IN) for MAX485_DIR_IN
    main.o(i.uart_sent) refers to stm32f4xx_usart.o(i.USART_SendData) for USART_SendData
    main.o(i.uart_sent) refers to stm32f4xx_usart.o(i.USART_GetFlagStatus) for USART_GetFlagStatus
    stm32f4xx_it.o(i.EXTI0_IRQHandler) refers to main.o(i.MSD_SenCmd) for MSD_SenCmd
    stm32f4xx_it.o(i.EXTI0_IRQHandler) refers to stm32f4_discovery.o(i.STM_EVAL_LEDToggle) for STM_EVAL_LEDToggle
    stm32f4xx_it.o(i.EXTI0_IRQHandler) refers to stm32f4xx_exti.o(i.EXTI_ClearITPendingBit) for EXTI_ClearITPendingBit
    stm32f4xx_it.o(i.EXTI0_IRQHandler) refers to stm32f4xx_it.o(.data) for .data
    stm32f4xx_it.o(i.USART2_IRQHandler) refers to stm32f4xx_usart.o(i.USART_GetITStatus) for USART_GetITStatus
    stm32f4xx_it.o(i.USART2_IRQHandler) refers to stm32f4xx_usart.o(i.USART_ReceiveData) for USART_ReceiveData
    stm32f4xx_it.o(i.USART2_IRQHandler) refers to atoi.o(.text) for atoi
    stm32f4xx_it.o(i.USART2_IRQHandler) refers to printf1.o(i.__0printf$1) for __2printf
    stm32f4xx_it.o(i.USART2_IRQHandler) refers to stm32f4xx_usart.o(i.USART_ClearFlag) for USART_ClearFlag
    stm32f4xx_it.o(i.USART2_IRQHandler) refers to stm32f4xx_it.o(.data) for .data
    system_stm32f4xx.o(i.SystemCoreClockUpdate) refers to system_stm32f4xx.o(.data) for .data
    system_stm32f4xx.o(i.SystemInit) refers to system_stm32f4xx.o(i.SetSysClock) for SetSysClock
    exit_config.o(i.Econder_1_Config) refers to stm32f4xx_rcc.o(i.RCC_AHB1PeriphClockCmd) for RCC_AHB1PeriphClockCmd
    exit_config.o(i.Econder_1_Config) refers to stm32f4xx_rcc.o(i.RCC_APB2PeriphClockCmd) for RCC_APB2PeriphClockCmd
    exit_config.o(i.Econder_1_Config) refers to stm32f4xx_gpio.o(i.GPIO_Init) for GPIO_Init
    exit_config.o(i.Econder_1_Config) refers to stm32f4xx_syscfg.o(i.SYSCFG_EXTILineConfig) for SYSCFG_EXTILineConfig
    exit_config.o(i.Econder_1_Config) refers to stm32f4xx_exti.o(i.EXTI_Init) for EXTI_Init
    exit_config.o(i.Econder_1_Config) refers to misc.o(i.NVIC_Init) for NVIC_Init
    exit_config.o(i.Econder_1_Config) refers to exit_config.o(.data) for .data
    exit_config.o(i.Econder_1_Config) refers to stm32f4_discovery.o(.data) for NVIC_InitStructure
    exit_config.o(i.Econder_2_Config) refers to stm32f4xx_rcc.o(i.RCC_AHB1PeriphClockCmd) for RCC_AHB1PeriphClockCmd
    exit_config.o(i.Econder_2_Config) refers to stm32f4xx_rcc.o(i.RCC_APB2PeriphClockCmd) for RCC_APB2PeriphClockCmd
    exit_config.o(i.Econder_2_Config) refers to stm32f4xx_gpio.o(i.GPIO_Init) for GPIO_Init
    exit_config.o(i.Econder_2_Config) refers to stm32f4xx_syscfg.o(i.SYSCFG_EXTILineConfig) for SYSCFG_EXTILineConfig
    exit_config.o(i.Econder_2_Config) refers to stm32f4xx_exti.o(i.EXTI_Init) for EXTI_Init
    exit_config.o(i.Econder_2_Config) refers to misc.o(i.NVIC_Init) for NVIC_Init
    exit_config.o(i.Econder_2_Config) refers to exit_config.o(.data) for .data
    exit_config.o(i.Econder_2_Config) refers to stm32f4_discovery.o(.data) for NVIC_InitStructure
    exit_config.o(i.Econder_3_Config) refers to stm32f4xx_rcc.o(i.RCC_AHB1PeriphClockCmd) for RCC_AHB1PeriphClockCmd
    exit_config.o(i.Econder_3_Config) refers to stm32f4xx_rcc.o(i.RCC_APB2PeriphClockCmd) for RCC_APB2PeriphClockCmd
    exit_config.o(i.Econder_3_Config) refers to stm32f4xx_gpio.o(i.GPIO_Init) for GPIO_Init
    exit_config.o(i.Econder_3_Config) refers to stm32f4xx_syscfg.o(i.SYSCFG_EXTILineConfig) for SYSCFG_EXTILineConfig
[...]
    stm32f4xx_usart.o(i.USART_WakeUpConfig) refers to main.o(i.assert_failed) for assert_failed
    stm32f4xx_usart.o(i.USART_WakeUpConfig) refers to stm32f4xx_usart.o(.constdata) for .constdata
    startup_stm32f4xx.o(RESET) refers to startup_stm32f4xx.o(STACK) for __initial_sp
    startup_stm32f4xx.o(RESET) refers to startup_stm32f4xx.o(.text) for Reset_Handler
    startup_stm32f4xx.o(RESET) refers to stm32f4xx_it.o(i.SysTick_Handler) for SysTick_Handler
    startup_stm32f4xx.o(RESET) refers to stm32f4xx_it.o(i.EXTI0_IRQHandler) for EXTI0_IRQHandler
    startup_stm32f4xx.o(RESET) refers to stm32f4xx_it.o(i.USART2_IRQHandler) for USART2_IRQHandler
    startup_stm32f4xx.o(.text) refers to system_stm32f4xx.o(i.SystemInit) for SystemInit
    startup_stm32f4xx.o(.text) refers to entry.o(.ARM.Collect$$$$00000000) for __main
    entry.o(.ARM.Collect$$$$00000000) refers (Special) to entry10a.o(.ARM.Collect$$$$0000000D) for __rt_final_cpp
    entry.o(.ARM.Collect$$$$00000000) refers (Special) to entry11a.o(.ARM.Collect$$$$0000000F) for __rt_final_exit
    entry.o(.ARM.Collect$$$$00000000) refers (Special) to entry7b.o(.ARM.Collect$$$$00000008) for _main_clock
    entry.o(.ARM.Collect$$$$00000000) refers (Special) to entry8b.o(.ARM.Collect$$$$0000000A) for _main_cpp_init
    entry.o(.ARM.Collect$$$$00000000) refers (Special) to entry9a.o(.ARM.Collect$$$$0000000B) for _main_init
    entry.o(.ARM.Collect$$$$00000000) refers (Special) to entry5.o(.ARM.Collect$$$$00000004) for _main_scatterload
    entry.o(.ARM.Collect$$$$00000000) refers (Special) to entry2.o(.ARM.Collect$$$$00000001) for _main_stk
    printfb.o(i.__0fprintf$bare) refers to printfb.o(i._printf_core) for _printf_core
    printfb.o(i.__0fprintf$bare) refers to uart_to_printf.o(i.fputc) for fputc
    printfb.o(i.__0printf$bare) refers to printfb.o(i._printf_core) for _printf_core
    printfb.o(i.__0printf$bare) refers to uart_to_printf.o(i.fputc) for fputc
    printfb.o(i.__0printf$bare) refers to uart_to_printf.o(.data) for __stdout
    printfb.o(i.__0snprintf$bare) refers to printfb.o(i._printf_core) for _printf_core
    printfb.o(i.__0snprintf$bare) refers to printfb.o(i._snputc) for _snputc
    printfb.o(i.__0sprintf$bare) refers to printfb.o(i._printf_core) for _printf_core
    printfb.o(i.__0sprintf$bare) refers to printfb.o(i._sputc) for _sputc
    printfb.o(i.__0vfprintf$bare) refers to printfb.o(i._printf_core) for _printf_core
    printfb.o(i.__0vfprintf$bare) refers to uart_to_printf.o(i.fputc) for fputc
    printfb.o(i.__0vprintf$bare) refers to printfb.o(i._printf_core) for _printf_core
    printfb.o(i.__0vprintf$bare) refers to uart_to_printf.o(i.fputc) for fputc
    printfb.o(i.__0vprintf$bare) refers to uart_to_printf.o(.data) for __stdout
    printfb.o(i.__0vsnprintf$bare) refers to printfb.o(i._printf_core) for _printf_core
    printfb.o(i.__0vsnprintf$bare) refers to printfb.o(i._snputc) for _snputc
    printfb.o(i.__0vsprintf$bare) refers to printfb.o(i._printf_core) for _printf_core
    printfb.o(i.__0vsprintf$bare) refers to printfb.o(i._sputc) for _sputc
    printf0.o(i.__0fprintf$0) refers to printf0.o(i._printf_core) for _printf_core
    printf0.o(i.__0fprintf$0) refers to uart_to_printf.o(i.fputc) for fputc
    printf0.o(i.__0printf$0) refers to printf0.o(i._printf_core) for _printf_core
    printf0.o(i.__0printf$0) refers to uart_to_printf.o(i.fputc) for fputc
    printf0.o(i.__0printf$0) refers to uart_to_printf.o(.data) for __stdout
    printf0.o(i.__0snprintf$0) refers to printf0.o(i._printf_core) for _printf_core
    printf0.o(i.__0snprintf$0) refers to printf0.o(i._snputc) for _snputc
    printf0.o(i.__0sprintf$0) refers to printf0.o(i._printf_core) for _printf_core
    printf0.o(i.__0sprintf$0) refers to printf0.o(i._sputc) for _sputc
    printf0.o(i.__0vfprintf$0) refers to printf0.o(i._printf_core) for _printf_core
    printf0.o(i.__0vfprintf$0) refers to uart_to_printf.o(i.fputc) for fputc
    printf0.o(i.__0vprintf$0) refers to printf0.o(i._printf_core) for _printf_core
    printf0.o(i.__0vprintf$0) refers to uart_to_printf.o(i.fputc) for fputc
    printf0.o(i.__0vprintf$0) refers to uart_to_printf.o(.data) for __stdout
    printf0.o(i.__0vsnprintf$0) refers to printf0.o(i._printf_core) for _printf_core
    printf0.o(i.__0vsnprintf$0) refers to printf0.o(i._snputc) for _snputc
    printf0.o(i.__0vsprintf$0) refers to printf0.o(i._printf_core) for _printf_core
    printf0.o(i.__0vsprintf$0) refers to printf0.o(i._sputc) for _sputc
    printf1.o(i.__0fprintf$1) refers to printf1.o(i._printf_core) for _printf_core
    printf1.o(i.__0fprintf$1) refers to uart_to_printf.o(i.fputc) for fputc
    printf1.o(i.__0printf$1) refers to printf1.o(i._printf_core) for _printf_core
    printf1.o(i.__0printf$1) refers to uart_to_printf.o(i.fputc) for fputc
    printf1.o(i.__0printf$1) refers to uart_to_printf.o(.data) for __stdout
    printf1.o(i.__0snprintf$1) refers to printf1.o(i._printf_core) for _printf_core
    printf1.o(i.__0snprintf$1) refers to printf1.o(i._snputc) for _snputc
    printf1.o(i.__0sprintf$1) refers to printf1.o(i._printf_core) for _printf_core
    printf1.o(i.__0sprintf$1) refers to printf1.o(i._sputc) for _sputc
    printf1.o(i.__0vfprintf$1) refers to printf1.o(i._printf_core) for _printf_core
    printf1.o(i.__0vfprintf$1) refers to uart_to_printf.o(i.fputc) for fputc
    printf1.o(i.__0vprintf$1) refers to printf1.o(i._printf_core) for _printf_core
    printf1.o(i.__0vprintf$1) refers to uart_to_printf.o(i.fputc) for fputc
    printf1.o(i.__0vprintf$1) refers to uart_to_printf.o(.data) for __stdout
    printf1.o(i.__0vsnprintf$1) refers to printf1.o(i._printf_core) for _printf_core
    printf1.o(i.__0vsnprintf$1) refers to printf1.o(i._snputc) for _snputc
    printf1.o(i.__0vsprintf$1) refers to printf1.o(i._printf_core) for _printf_core
    printf1.o(i.__0vsprintf$1) refers to printf1.o(i._sputc) for _sputc
    printf1.o(i._printf_core) refers to uidiv.o(.text) for __aeabi_uidivmod
    printf2.o(i.__0fprintf$2) refers to printf2.o(i._printf_core) for _printf_core
    printf2.o(i.__0fprintf$2) refers to uart_to_printf.o(i.fputc) for fputc
    printf2.o(i.__0printf$2) refers to printf2.o(i._printf_core) for _printf_core
    printf2.o(i.__0printf$2) refers to uart_to_printf.o(i.fputc) for fputc
    printf2.o(i.__0printf$2) refers to uart_to_printf.o(.data) for __stdout
    printf2.o(i.__0snprintf$2) refers to printf2.o(i._printf_core) for _printf_core
    printf2.o(i.__0snprintf$2) refers to printf2.o(i._snputc) for _snputc
    printf2.o(i.__0sprintf$2) refers to printf2.o(i._printf_core) for _printf_core
    printf2.o(i.__0sprintf$2) refers to printf2.o(i._sputc) for _sputc
    printf2.o(i.__0vfprintf$2) refers to printf2.o(i._printf_core) for _printf_core
    printf2.o(i.__0vfprintf$2) refers to uart_to_printf.o(i.fputc) for fputc
    printf2.o(i.__0vprintf$2) refers to printf2.o(i._printf_core) for _printf_core
    printf2.o(i.__0vprintf$2) refers to uart_to_printf.o(i.fputc) for fputc
    printf2.o(i.__0vprintf$2) refers to uart_to_printf.o(.data) for __stdout
    printf2.o(i.__0vsnprintf$2) refers to printf2.o(i._printf_core) for _printf_core
    printf2.o(i.__0vsnprintf$2) refers to printf2.o(i._snputc) for _snputc
    printf2.o(i.__0vsprintf$2) refers to printf2.o(i._printf_core) for _printf_core
    printf2.o(i.__0vsprintf$2) refers to printf2.o(i._sputc) for _sputc
    printf3.o(i.__0fprintf$3) refers to printf3.o(i._printf_core) for _printf_core
    printf3.o(i.__0fprintf$3) refers to uart_to_printf.o(i.fputc) for fputc
    printf3.o(i.__0printf$3) refers to printf3.o(i._printf_core) for _printf_core
    printf3.o(i.__0printf$3) refers to uart_to_printf.o(i.fputc) for fputc
    printf3.o(i.__0printf$3) refers to uart_to_printf.o(.data) for __stdout
    printf3.o(i.__0snprintf$3) refers to printf3.o(i._printf_core) for _printf_core
    printf3.o(i.__0snprintf$3) refers to printf3.o(i._snputc) for _snputc
    printf3.o(i.__0sprintf$3) refers to printf3.o(i._printf_core) for _printf_core
    printf3.o(i.__0sprintf$3) refers to printf3.o(i._sputc) for _sputc
    printf3.o(i.__0vfprintf$3) refers to printf3.o(i._printf_core) for _printf_core
    printf3.o(i.__0vfprintf$3) refers to uart_to_printf.o(i.fputc) for fputc
    printf3.o(i.__0vprintf$3) refers to printf3.o(i._printf_core) for _printf_core
    printf3.o(i.__0vprintf$3) refers to uart_to_printf.o(i.fputc) for fputc
    printf3.o(i.__0vprintf$3) refers to uart_to_printf.o(.data) for __stdout
    printf3.o(i.__0vsnprintf$3) refers to printf3.o(i._printf_core) for _printf_core
    printf3.o(i.__0vsnprintf$3) refers to printf3.o(i._snputc) for _snputc
    printf3.o(i.__0vsprintf$3) refers to printf3.o(i._printf_core) for _printf_core
    printf3.o(i.__0vsprintf$3) refers to printf3.o(i._sputc) for _sputc
    printf3.o(i._printf_core) refers to uidiv.o(.text) for __aeabi_uidivmod
    printf4.o(i.__0fprintf$4) refers to printf4.o(i._printf_core) for _printf_core
    printf4.o(i.__0fprintf$4) refers to uart_to_printf.o(i.fputc) for fputc
    printf4.o(i.__0printf$4) refers to printf4.o(i._printf_core) for _printf_core
    printf4.o(i.__0printf$4) refers to uart_to_printf.o(i.fputc) for fputc
    printf4.o(i.__0printf$4) refers to uart_to_printf.o(.data) for __stdout
    printf4.o(i.__0snprintf$4) refers to printf4.o(i._printf_core) for _printf_core
    printf4.o(i.__0snprintf$4) refers to printf4.o(i._snputc) for _snputc
    printf4.o(i.__0sprintf$4) refers to printf4.o(i._printf_core) for _printf_core
    printf4.o(i.__0sprintf$4) refers to printf4.o(i._sputc) for _sputc
    printf4.o(i.__0vfprintf$4) refers to printf4.o(i._printf_core) for _printf_core
    printf4.o(i.__0vfprintf$4) refers to uart_to_printf.o(i.fputc) for fputc
    printf4.o(i.__0vprintf$4) refers to printf4.o(i._printf_core) for _printf_core
    printf4.o(i.__0vprintf$4) refers to uart_to_printf.o(i.fputc) for fputc
    printf4.o(i.__0vprintf$4) refers to uart_to_printf.o(.data) for __stdout
    printf4.o(i.__0vsnprintf$4) refers to printf4.o(i._printf_core) for _printf_core
    printf4.o(i.__0vsnprintf$4) refers to printf4.o(i._snputc) for _snputc
    printf4.o(i.__0vsprintf$4) refers to printf4.o(i._printf_core) for _printf_core
    printf4.o(i.__0vsprintf$4) refers to printf4.o(i._sputc) for _sputc
    printf4.o(i._printf_core) refers to uldiv.o(.text) for __aeabi_uldivmod
    printf5.o(i.__0fprintf$5) refers to printf5.o(i._printf_core) for _printf_core
    printf5.o(i.__0fprintf$5) refers to uart_to_printf.o(i.fputc) for fputc
    printf5.o(i.__0printf$5) refers to printf5.o(i._printf_core) for _printf_core
    printf5.o(i.__0printf$5) refers to uart_to_printf.o(i.fputc) for fputc
    printf5.o(i.__0printf$5) refers to uart_to_printf.o(.data) for __stdout
    printf5.o(i.__0snprintf$5) refers to printf5.o(i._printf_core) for _printf_core
    printf5.o(i.__0snprintf$5) refers to printf5.o(i._snputc) for _snputc
    printf5.o(i.__0sprintf$5) refers to printf5.o(i._printf_core) for _printf_core
    printf5.o(i.__0sprintf$5) refers to printf5.o(i._sputc) for _sputc
    printf5.o(i.__0vfprintf$5) refers to printf5.o(i._printf_core) for _printf_core
    printf5.o(i.__0vfprintf$5) refers to uart_to_printf.o(i.fputc) for fputc
    printf5.o(i.__0vprintf$5) refers to printf5.o(i._printf_core) for _printf_core
    printf5.o(i.__0vprintf$5) refers to uart_to_printf.o(i.fputc) for fputc
    printf5.o(i.__0vprintf$5) refers to uart_to_printf.o(.data) for __stdout
    printf5.o(i.__0vsnprintf$5) refers to printf5.o(i._printf_core) for _printf_core
    printf5.o(i.__0vsnprintf$5) refers to printf5.o(i._snputc) for _snputc
    printf5.o(i.__0vsprintf$5) refers to printf5.o(i._printf_core) for _printf_core
    printf5.o(i.__0vsprintf$5) refers to printf5.o(i._sputc) for _sputc
    printf5.o(i._printf_core) refers to uldiv.o(.text) for __aeabi_uldivmod
    printf6.o(i.__0fprintf$6) refers to printf6.o(i._printf_core) for _printf_core
    printf6.o(i.__0fprintf$6) refers to uart_to_printf.o(i.fputc) for fputc
    printf6.o(i.__0printf$6) refers to printf6.o(i._printf_core) for _printf_core
    printf6.o(i.__0printf$6) refers to uart_to_printf.o(i.fputc) for fputc
    printf6.o(i.__0printf$6) refers to uart_to_printf.o(.data) for __stdout
    printf6.o(i.__0snprintf$6) refers to printf6.o(i._printf_core) for _printf_core
    printf6.o(i.__0snprintf$6) refers to printf6.o(i._snputc) for _snputc
    printf6.o(i.__0sprintf$6) refers to printf6.o(i._printf_core) for _printf_core
    printf6.o(i.__0sprintf$6) refers to printf6.o(i._sputc) for _sputc
    printf6.o(i.__0vfprintf$6) refers to printf6.o(i._printf_core) for _printf_core
    printf6.o(i.__0vfprintf$6) refers to uart_to_printf.o(i.fputc) for fputc
    printf6.o(i.__0vprintf$6) refers to printf6.o(i._printf_core) for _printf_core
    printf6.o(i.__0vprintf$6) refers to uart_to_printf.o(i.fputc) for fputc
    printf6.o(i.__0vprintf$6) refers to uart_to_printf.o(.data) for __stdout
    printf6.o(i.__0vsnprintf$6) refers to printf6.o(i._printf_core) for _printf_core
    printf6.o(i.__0vsnprintf$6) refers to printf6.o(i._snputc) for _snputc
    printf6.o(i.__0vsprintf$6) refers to printf6.o(i._printf_core) for _printf_core
    printf6.o(i.__0vsprintf$6) refers to printf6.o(i._sputc) for _sputc
    printf6.o(i._printf_core) refers to printf6.o(i._printf_pre_padding) for _printf_pre_padding
    printf6.o(i._printf_core) refers to uidiv.o(.text) for __aeabi_uidivmod
    printf6.o(i._printf_core) refers to printf6.o(i._printf_post_padding) for _printf_post_padding
    printf7.o(i.__0fprintf$7) refers to printf7.o(i._printf_core) for _printf_core
    printf7.o(i.__0fprintf$7) refers to uart_to_printf.o(i.fputc) for fputc
    printf7.o(i.__0printf$7) refers to printf7.o(i._printf_core) for _printf_core
    printf7.o(i.__0printf$7) refers to uart_to_printf.o(i.fputc) for fputc
    printf7.o(i.__0printf$7) refers to uart_to_printf.o(.data) for __stdout
    printf7.o(i.__0snprintf$7) refers to printf7.o(i._printf_core) for _printf_core
    printf7.o(i.__0snprintf$7) refers to printf7.o(i._snputc) for _snputc
    printf7.o(i.__0sprintf$7) refers to printf7.o(i._printf_core) for _printf_core
    printf7.o(i.__0sprintf$7) refers to printf7.o(i._sputc) for _sputc
    printf7.o(i.__0vfprintf$7) refers to printf7.o(i._printf_core) for _printf_core
    printf7.o(i.__0vfprintf$7) refers to uart_to_printf.o(i.fputc) for fputc
    printf7.o(i.__0vprintf$7) refers to printf7.o(i._printf_core) for _printf_core
    printf7.o(i.__0vprintf$7) refers to uart_to_printf.o(i.fputc) for fputc
    printf7.o(i.__0vprintf$7) refers to uart_to_printf.o(.data) for __stdout
    printf7.o(i.__0vsnprintf$7) refers to printf7.o(i._printf_core) for _printf_core
    printf7.o(i.__0vsnprintf$7) refers to printf7.o(i._snputc) for _snputc
    printf7.o(i.__0vsprintf$7) refers to printf7.o(i._printf_core) for _printf_core
    printf7.o(i.__0vsprintf$7) refers to printf7.o(i._sputc) for _sputc
    printf7.o(i._printf_core) refers to printf7.o(i._printf_pre_padding) for _printf_pre_padding
    printf7.o(i._printf_core) refers to uldiv.o(.text) for __aeabi_uldivmod
    printf7.o(i._printf_core) refers to printf7.o(i._printf_post_padding) for _printf_post_padding
    printf8.o(i.__0fprintf$8) refers to printf8.o(i._printf_core) for _printf_core
    printf8.o(i.__0fprintf$8) refers to uart_to_printf.o(i.fputc) for fputc
    printf8.o(i.__0printf$8) refers to printf8.o(i._printf_core) for _printf_core
    printf8.o(i.__0printf$8) refers to uart_to_printf.o(i.fputc) for fputc
    printf8.o(i.__0printf$8) refers to uart_to_printf.o(.data) for __stdout
    printf8.o(i.__0snprintf$8) refers to printf8.o(i._printf_core) for _printf_core
    printf8.o(i.__0snprintf$8) refers to printf8.o(i._snputc) for _snputc
    printf8.o(i.__0sprintf$8) refers to printf8.o(i._printf_core) for _printf_core
    printf8.o(i.__0sprintf$8) refers to printf8.o(i._sputc) for _sputc
    printf8.o(i.__0vfprintf$8) refers to printf8.o(i._printf_core) for _printf_core
    printf8.o(i.__0vfprintf$8) refers to uart_to_printf.o(i.fputc) for fputc
    printf8.o(i.__0vprintf$8) refers to printf8.o(i._printf_core) for _printf_core
    printf8.o(i.__0vprintf$8) refers to uart_to_printf.o(i.fputc) for fputc
    printf8.o(i.__0vprintf$8) refers to uart_to_printf.o(.data) for __stdout
    printf8.o(i.__0vsnprintf$8) refers to printf8.o(i._printf_core) for _printf_core
    printf8.o(i.__0vsnprintf$8) refers to printf8.o(i._snputc) for _snputc
    printf8.o(i.__0vsprintf$8) refers to printf8.o(i._printf_core) for _printf_core
    printf8.o(i.__0vsprintf$8) refers to printf8.o(i._sputc) for _sputc
    printf8.o(i._printf_core) refers to printf8.o(i._printf_pre_padding) for _printf_pre_padding
    printf8.o(i._printf_core) refers to uldiv.o(.text) for __aeabi_uldivmod
    printf8.o(i._printf_core) refers to printf8.o(i._printf_post_padding) for _printf_post_padding
    printfa.o(i.__0fprintf) refers (Special) to iusefp.o(.text) for __I$use$fp
    printfa.o(i.__0fprintf) refers to printfa.o(i._printf_core) for _printf_core
    printfa.o(i.__0fprintf) refers to uart_to_printf.o(i.fputc) for fputc
    printfa.o(i.__0printf) refers (Special) to iusefp.o(.text) for __I$use$fp
    printfa.o(i.__0printf) refers to printfa.o(i._printf_core) for _printf_core
    printfa.o(i.__0printf) refers to uart_to_printf.o(i.fputc) for fputc
    printfa.o(i.__0printf) refers to uart_to_printf.o(.data) for __stdout
    printfa.o(i.__0snprintf) refers (Special) to iusefp.o(.text) for __I$use$fp
    printfa.o(i.__0snprintf) refers to printfa.o(i._printf_core) for _printf_core
    printfa.o(i.__0snprintf) refers to printfa.o(i._snputc) for _snputc
    printfa.o(i.__0sprintf) refers (Special) to iusefp.o(.text) for __I$use$fp
    printfa.o(i.__0sprintf) refers to printfa.o(i._printf_core) for _printf_core
    printfa.o(i.__0sprintf) refers to printfa.o(i._sputc) for _sputc
    printfa.o(i.__0vfprintf) refers (Special) to iusefp.o(.text) for __I$use$fp
    printfa.o(i.__0vfprintf) refers to printfa.o(i._printf_core) for _printf_core
    printfa.o(i.__0vfprintf) refers to uart_to_printf.o(i.fputc) for fputc
    printfa.o(i.__0vprintf) refers (Special) to iusefp.o(.text) for __I$use$fp
    printfa.o(i.__0vprintf) refers to printfa.o(i._printf_core) for _printf_core
    printfa.o(i.__0vprintf) refers to uart_to_printf.o(i.fputc) for fputc
    printfa.o(i.__0vprintf) refers to uart_to_printf.o(.data) for __stdout
    printfa.o(i.__0vsnprintf) refers (Special) to iusefp.o(.text) for __I$use$fp
    printfa.o(i.__0vsnprintf) refers to printfa.o(i._printf_core) for _printf_core
    printfa.o(i.__0vsnprintf) refers to printfa.o(i._snputc) for _snputc
    printfa.o(i.__0vsprintf) refers (Special) to iusefp.o(.text) for __I$use$fp
    printfa.o(i.__0vsprintf) refers to printfa.o(i._printf_core) for _printf_core
    printfa.o(i.__0vsprintf) refers to printfa.o(i._sputc) for _sputc
    printfa.o(i._fp_digits) refers (Special) to iusefp.o(.text) for __I$use$fp
    printfa.o(i._fp_digits) refers to dmul.o(.text) for __aeabi_dmul
    printfa.o(i._fp_digits) refers to ddiv.o(.text) for __aeabi_ddiv
    printfa.o(i._fp_digits) refers to cdrcmple.o(.text) for __aeabi_cdrcmple
    printfa.o(i._fp_digits) refers to dadd.o(.text) for __aeabi_dadd
    printfa.o(i._fp_digits) refers to dfixul.o(.text) for __aeabi_d2ulz
    printfa.o(i._fp_digits) refers to uldiv.o(.text) for __aeabi_uldivmod
    printfa.o(i._printf_core) refers (Special) to iusefp.o(.text) for __I$use$fp
    printfa.o(i._printf_core) refers to printfa.o(i._printf_pre_padding) for _printf_pre_padding
    printfa.o(i._printf_core) refers to uldiv.o(.text) for __aeabi_uldivmod
    printfa.o(i._printf_core) refers to printfa.o(i._printf_post_padding) for _printf_post_padding
    printfa.o(i._printf_core) refers to printfa.o(i._fp_digits) for _fp_digits
    printfa.o(i._printf_core) refers to uidiv.o(.text) for __aeabi_uidivmod
    printfa.o(i._printf_post_padding) refers (Special) to iusefp.o(.text) for __I$use$fp
    printfa.o(i._printf_pre_padding) refers (Special) to iusefp.o(.text) for __I$use$fp
    printfa.o(i._snputc) refers (Special) to iusefp.o(.text) for __I$use$fp
    printfa.o(i._sputc) refers (Special) to iusefp.o(.text) for __I$use$fp
    atoi.o(.text) refers to errno.o(i.__aeabi_errno_addr) for __aeabi_errno_addr
    atoi.o(.text) refers to strtol.o(.text) for strtol
    entry2.o(.ARM.Collect$$$$00000001) refers to entry2.o(.ARM.Collect$$$$00002712) for __lit__00000000
    entry2.o(.ARM.Collect$$$$00002712) refers to startup_stm32f4xx.o(STACK) for __initial_sp
    entry2.o(__vectab_stack_and_reset_area) refers to startup_stm32f4xx.o(STACK) for __initial_sp
    entry2.o(__vectab_stack_and_reset_area) refers to entry.o(.ARM.Collect$$$$00000000) for __main
    entry5.o(.ARM.Collect$$$$00000004) refers to init.o(.text) for __scatterload
    entry9a.o(.ARM.Collect$$$$0000000B) refers to main.o(i.main) for main
    entry9b.o(.ARM.Collect$$$$0000000C) refers to main.o(i.main) for main
    uldiv.o(.text) refers to llushr.o(.text) for __aeabi_llsr
    uldiv.o(.text) refers to llshl.o(.text) for __aeabi_llsl
    errno.o(i.__aeabi_errno_addr) refers to errno.o(.data) for .data
    errno.o(i.__read_errno) refers to errno.o(.data) for .data
    errno.o(i.__set_errno) refers to errno.o(.data) for .data
    strtol.o(.text) refers to ctype_o.o(.text) for __rt_ctype_table
    strtol.o(.text) refers to _strtoul.o(.text) for _strtoul
    strtol.o(.text) refers to errno.o(i.__aeabi_errno_addr) for __aeabi_errno_addr
    dadd.o(.text) refers to llshl.o(.text) for __aeabi_llsl
    dadd.o(.text) refers to llsshr.o(.text) for __aeabi_lasr
    dadd.o(.text) refers to depilogue.o(.text) for _double_epilogue
    dmul.o(.text) refers to depilogue.o(.text) for _double_epilogue
    ddiv.o(.text) refers to depilogue.o(.text) for _double_round
    dfixul.o(.text) refers to llushr.o(.text) for __aeabi_llsr
    dfixul.o(.text) refers to llshl.o(.text) for __aeabi_llsl
    init.o(.text) refers to entry5.o(.ARM.Collect$$$$00000004) for __main_after_scatterload
    ctype_o.o(.text) refers to ctype_o.o(.constdata) for .constdata
    ctype_o.o(.constdata) refers to ctype_o.o(.constdata) for __ctype_table
    isalnum_o.o(.text) refers to ctype_o.o(.text) for __rt_ctype_table
    isalpha_o.o(.text) refers to ctype_o.o(.text) for __rt_ctype_table
    isblank_o.o(.text) refers to ctype_o.o(.constdata) for __ctype_table
    iscntrl_o.o(.text) refers to ctype_o.o(.text) for __rt_ctype_table
    isdigit_o.o(.text) refers to ctype_o.o(.text) for __rt_ctype_table
    isgraph_o.o(.text) refers to ctype_o.o(.text) for __rt_ctype_table
    islower_o.o(.text) refers to ctype_o.o(.text) for __rt_ctype_table
    isprint_o.o(.text) refers to ctype_o.o(.text) for __rt_ctype_table
    ispunct_o.o(.text) refers to ctype_o.o(.text) for __rt_ctype_table
    isspace_o.o(.text) refers to ctype_o.o(.text) for __rt_ctype_table
    isupper_o.o(.text) refers to ctype_o.o(.text) for __rt_ctype_table
    isxdigit_o.o(.text) refers to ctype_o.o(.text) for __rt_ctype_table
    _strtoul.o(.text) refers to _chval.o(.text) for _chval
    _strtoul.o(.text) refers to errno.o(i.__aeabi_errno_addr) for __aeabi_errno_addr
    depilogue.o(.text) refers to llshl.o(.text) for __aeabi_llsl
    depilogue.o(.text) refers to llushr.o(.text) for __aeabi_llsr


==============================================================================

Removing Unused input sections from the image.

    Removing main.o(.emb_text), (8 bytes).
    Removing main.o(i.Delay), (16 bytes).
    Removing main.o(i.delay_us), (2 bytes).
    Removing main.o(.data), (2 bytes).
    Removing stm32f4xx_it.o(.emb_text), (8 bytes).
    Removing stm32f4xx_it.o(.data), (2 bytes).
    Removing stm32f4xx_it.o(.data), (2 bytes).
    Removing stm32f4xx_it.o(.data), (4 bytes).
    Removing stm32f4xx_it.o(.data), (4 bytes).
    Removing stm32f4xx_it.o(.data), (1 bytes).
    Removing system_stm32f4xx.o(.emb_text), (8 bytes).
    Removing system_stm32f4xx.o(i.SystemCoreClockUpdate), (120 bytes).
    Removing exit_config.o(.emb_text), (8 bytes).
    Removing exit_config.o(i.Econder_1_Config), (100 bytes).
    Removing exit_config.o(i.Econder_2_Config), (100 bytes).
    Removing exit_config.o(i.Econder_3_Config), (100 bytes).
    Removing exit_config.o(i.Econder_4_Config), (100 bytes).
    Removing exit_config.o(i.Econder_5_Config), (116 bytes).
    Removing exit_config.o(i.Econder_6_Config), (104 bytes).
    Removing exit_config.o(.data), (16 bytes).
    Removing gpio_config.o(.emb_text), (8 bytes).
    Removing gpio_config.o(i.GPIO_TIM1_Config), (104 bytes).
    Removing gpio_config.o(i.TIM1_Config), (140 bytes).
    Removing gpio_config.o(.bss), (32 bytes).
    Removing gpio_config.o(.data), (8 bytes).
    Removing uart_to_printf.o(.emb_text), (8 bytes).
    Removing uart_to_printf.o(i._sys_exit), (2 bytes).
    Removing uart_to_printf.o(i._ttywrch), (80 bytes).
    Removing uart_to_printf.o(i.ferror), (6 bytes).
    Removing uart_to_printf.o(i.fgetc), (32 bytes).
    Removing uart_to_printf.o(.data), (4 bytes).
    Removing stm32f4_discovery.o(.emb_text), (8 bytes).
    Removing stm32f4_discovery.o(i.STM_EVAL_LEDOff), (24 bytes).
    Removing stm32f4_discovery.o(i.STM_EVAL_LEDOn), (24 bytes).
    Removing stm32f4_discovery.o(i.STM_EVAL_PBGetState), (24 bytes).
    Removing stm32f4_discovery.o(.data), (4 bytes).
    Removing stm32f4xx_rcc.o(.emb_text), (8 bytes).
    Removing stm32f4xx_rcc.o(i.RCC_AHB1PeriphClockLPModeCmd), (68 bytes).
    Removing stm32f4xx_rcc.o(i.RCC_AHB1PeriphResetCmd), (68 bytes).
    Removing stm32f4xx_rcc.o(i.RCC_AHB2PeriphClockCmd), (64 bytes).
    Removing stm32f4xx_rcc.o(i.RCC_AHB2PeriphClockLPModeCmd), (64 bytes).
    Removing stm32f4xx_rcc.o(i.RCC_AHB2PeriphResetCmd), (64 bytes).
    Removing stm32f4xx_rcc.o(i.RCC_AHB3PeriphClockCmd), (64 bytes).
    Removing stm32f4xx_rcc.o(i.RCC_AHB3PeriphClockLPModeCmd), (64 bytes).
    Removing stm32f4xx_rcc.o(i.RCC_AHB3PeriphResetCmd), (64 bytes).
    Removing stm32f4xx_rcc.o(i.RCC_APB1PeriphClockLPModeCmd), (68 bytes).
    Removing stm32f4xx_rcc.o(i.RCC_APB1PeriphResetCmd), (68 bytes).
    Removing stm32f4xx_rcc.o(i.RCC_APB2PeriphClockLPModeCmd), (68 bytes).
    Removing stm32f4xx_rcc.o(i.RCC_APB2PeriphResetCmd), (68 bytes).
    Removing stm32f4xx_rcc.o(i.RCC_AdjustHSICalibrationValue), (44 bytes).
    Removing stm32f4xx_rcc.o(i.RCC_BackupResetCmd), (36 bytes).
    Removing stm32f4xx_rcc.o(i.RCC_ClearFlag), (16 bytes).
    Removing stm32f4xx_rcc.o(i.RCC_ClearITPendingBit), (36 bytes).
    Removing stm32f4xx_rcc.o(i.RCC_ClockSecuritySystemCmd), (36 bytes).
    Removing stm32f4xx_rcc.o(i.RCC_DeInit), (60 bytes).
    Removing stm32f4xx_rcc.o(i.RCC_GetFlagStatus), (120 bytes).
    Removing stm32f4xx_rcc.o(i.RCC_GetITStatus), (68 bytes).
    Removing stm32f4xx_rcc.o(i.RCC_GetSYSCLKSource), (16 bytes).
    Removing stm32f4xx_rcc.o(i.RCC_HCLKConfig), (72 bytes).
    Removing stm32f4xx_rcc.o(i.RCC_HSEConfig), (40 bytes).
    Removing stm32f4xx_rcc.o(i.RCC_HSICmd), (36 bytes).
    Removing stm32f4xx_rcc.o(i.RCC_I2SCLKConfig), (36 bytes).
    Removing stm32f4xx_rcc.o(i.RCC_ITConfig), (64 bytes).
    Removing stm32f4xx_rcc.o(i.RCC_LSEConfig), (60 bytes).
    Removing stm32f4xx_rcc.o(i.RCC_LSICmd), (36 bytes).
    Removing stm32f4xx_rcc.o(i.RCC_MCO1Config), (96 bytes).
    Removing stm32f4xx_rcc.o(i.RCC_MCO2Config), (96 bytes).
    Removing stm32f4xx_rcc.o(i.RCC_PCLK1Config), (64 bytes).
    Removing stm32f4xx_rcc.o(i.RCC_PCLK2Config), (64 bytes).
    Removing stm32f4xx_rcc.o(i.RCC_PLLCmd), (36 bytes).
    Removing stm32f4xx_rcc.o(i.RCC_PLLConfig), (152 bytes).
    Removing stm32f4xx_rcc.o(i.RCC_PLLI2SCmd), (36 bytes).
    Removing stm32f4xx_rcc.o(i.RCC_PLLI2SConfig), (60 bytes).
    Removing stm32f4xx_rcc.o(i.RCC_RTCCLKCmd), (36 bytes).
    Removing stm32f4xx_rcc.o(i.RCC_RTCCLKConfig), (380 bytes).
    Removing stm32f4xx_rcc.o(i.RCC_SYSCLKConfig), (48 bytes).
    Removing stm32f4xx_rcc.o(i.RCC_WaitForHSEStartUp), (44 bytes).
    Removing misc.o(.emb_text), (8 bytes).
    Removing misc.o(i.NVIC_PriorityGroupConfig), (120 bytes).
    Removing misc.o(i.NVIC_SetVectorTable), (124 bytes).
    Removing misc.o(i.NVIC_SystemLPConfig), (120 bytes).
    Removing misc.o(i.SysTick_CLKSourceConfig), (100 bytes).
    Removing stm32f4xx_gpio.o(.emb_text), (8 bytes).
    Removing stm32f4xx_gpio.o(i.GPIO_DeInit), (284 bytes).
    Removing stm32f4xx_gpio.o(i.GPIO_PinLockConfig), (152 bytes).
    Removing stm32f4xx_gpio.o(i.GPIO_ReadInputData), (116 bytes).
    Removing stm32f4xx_gpio.o(i.GPIO_ReadInputDataBit), (216 bytes).
    Removing stm32f4xx_gpio.o(i.GPIO_ReadOutputData), (116 bytes).
    Removing stm32f4xx_gpio.o(i.GPIO_ReadOutputDataBit), (216 bytes).
    Removing stm32f4xx_gpio.o(i.GPIO_StructInit), (18 bytes).
    Removing stm32f4xx_gpio.o(i.GPIO_ToggleBits), (120 bytes).
    Removing stm32f4xx_gpio.o(i.GPIO_Write), (116 bytes).
    Removing stm32f4xx_gpio.o(i.GPIO_WriteBit), (228 bytes).
    Removing stm32f4xx_syscfg.o(.emb_text), (8 bytes).
    Removing stm32f4xx_syscfg.o(i.SYSCFG_CompensationCellCmd), (32 bytes).
    Removing stm32f4xx_syscfg.o(i.SYSCFG_DeInit), (24 bytes).
    Removing stm32f4xx_syscfg.o(i.SYSCFG_ETH_MediaInterfaceConfig), (32 bytes).
    Removing stm32f4xx_syscfg.o(i.SYSCFG_GetCompensationCellStatus), (20 bytes).
    Removing stm32f4xx_syscfg.o(i.SYSCFG_MemoryRemapConfig), (40 bytes).
    Removing stm32f4xx_exti.o(.emb_text), (8 bytes).
    Removing stm32f4xx_exti.o(i.EXTI_ClearFlag), (32 bytes).
    Removing stm32f4xx_exti.o(i.EXTI_DeInit), (36 bytes).
    Removing stm32f4xx_exti.o(i.EXTI_GenerateSWInterrupt), (36 bytes).
    Removing stm32f4xx_exti.o(i.EXTI_GetFlagStatus), (160 bytes).
    Removing stm32f4xx_exti.o(i.EXTI_GetITStatus), (172 bytes).
    Removing stm32f4xx_exti.o(i.EXTI_StructInit), (14 bytes).
    Removing stm32f4xx_tim.o(.emb_text), (8 bytes).
    Removing stm32f4xx_tim.o(i.TI1_Config), (46 bytes).
    Removing stm32f4xx_tim.o(i.TI2_Config), (54 bytes).
    Removing stm32f4xx_tim.o(i.TIM_ARRPreloadConfig), (192 bytes).
    Removing stm32f4xx_tim.o(i.TIM_BDTRConfig), (204 bytes).
    Removing stm32f4xx_tim.o(i.TIM_BDTRStructInit), (18 bytes).
    Removing stm32f4xx_tim.o(i.TIM_CCPreloadControl), (76 bytes).
    Removing stm32f4xx_tim.o(i.TIM_CCxCmd), (200 bytes).
    Removing stm32f4xx_tim.o(i.TIM_CCxNCmd), (100 bytes).
    Removing stm32f4xx_tim.o(i.TIM_ClearFlag), (164 bytes).
    Removing stm32f4xx_tim.o(i.TIM_ClearITPendingBit), (164 bytes).
    Removing stm32f4xx_tim.o(i.TIM_ClearOC1Ref), (164 bytes).
    Removing stm32f4xx_tim.o(i.TIM_ClearOC2Ref), (132 bytes).
    Removing stm32f4xx_tim.o(i.TIM_ClearOC3Ref), (104 bytes).
    Removing stm32f4xx_tim.o(i.TIM_ClearOC4Ref), (112 bytes).
    Removing stm32f4xx_tim.o(i.TIM_Cmd), (192 bytes).
    Removing stm32f4xx_tim.o(i.TIM_CounterModeConfig), (116 bytes).
    Removing stm32f4xx_tim.o(i.TIM_CtrlPWMOutputs), (80 bytes).
    Removing stm32f4xx_tim.o(i.TIM_DMACmd), (148 bytes).
    Removing stm32f4xx_tim.o(i.TIM_DMAConfig), (288 bytes).
    Removing stm32f4xx_tim.o(i.TIM_DeInit), (420 bytes).
    Removing stm32f4xx_tim.o(i.TIM_ETRClockMode1Config), (168 bytes).
    Removing stm32f4xx_tim.o(i.TIM_ETRClockMode2Config), (168 bytes).
    Removing stm32f4xx_tim.o(i.TIM_ETRConfig), (168 bytes).
    Removing stm32f4xx_tim.o(i.TIM_EncoderInterfaceConfig), (216 bytes).
    Removing stm32f4xx_tim.o(i.TIM_ForcedOC1Config), (168 bytes).
    Removing stm32f4xx_tim.o(i.TIM_ForcedOC2Config), (136 bytes).
    Removing stm32f4xx_tim.o(i.TIM_ForcedOC3Config), (108 bytes).
    Removing stm32f4xx_tim.o(i.TIM_ForcedOC4Config), (116 bytes).
    Removing stm32f4xx_tim.o(i.TIM_GenerateEvent), (176 bytes).
    Removing stm32f4xx_tim.o(i.TIM_GetCapture1), (140 bytes).
    Removing stm32f4xx_tim.o(i.TIM_GetCapture2), (100 bytes).
    Removing stm32f4xx_tim.o(i.TIM_GetCapture3), (80 bytes).
    Removing stm32f4xx_tim.o(i.TIM_GetCapture4), (80 bytes).
    Removing stm32f4xx_tim.o(i.TIM_GetCounter), (160 bytes).
    Removing stm32f4xx_tim.o(i.TIM_GetFlagStatus), (236 bytes).
    Removing stm32f4xx_tim.o(i.TIM_GetITStatus), (220 bytes).
    Removing stm32f4xx_tim.o(i.TIM_GetPrescaler), (160 bytes).
    Removing stm32f4xx_tim.o(i.TIM_ICInit), (540 bytes).
    Removing stm32f4xx_tim.o(i.TIM_ICStructInit), (16 bytes).
    Removing stm32f4xx_tim.o(i.TIM_ITConfig), (204 bytes).
    Removing stm32f4xx_tim.o(i.TIM_ITRxExternalClockConfig), (140 bytes).
    Removing stm32f4xx_tim.o(i.TIM_InternalClockConfig), (104 bytes).
    Removing stm32f4xx_tim.o(i.TIM_OC1FastConfig), (164 bytes).
    Removing stm32f4xx_tim.o(i.TIM_OC1Init), (376 bytes).
    Removing stm32f4xx_tim.o(i.TIM_OC1NPolarityConfig), (68 bytes).
    Removing stm32f4xx_tim.o(i.TIM_OC1PolarityConfig), (164 bytes).
    Removing stm32f4xx_tim.o(i.TIM_OC1PreloadConfig), (164 bytes).
    Removing stm32f4xx_tim.o(i.TIM_OC2FastConfig), (132 bytes).
    Removing stm32f4xx_tim.o(i.TIM_OC2Init), (368 bytes).
    Removing stm32f4xx_tim.o(i.TIM_OC2NPolarityConfig), (76 bytes).
    Removing stm32f4xx_tim.o(i.TIM_OC2PolarityConfig), (132 bytes).
    Removing stm32f4xx_tim.o(i.TIM_OC2PreloadConfig), (132 bytes).
    Removing stm32f4xx_tim.o(i.TIM_OC3FastConfig), (104 bytes).
    Removing stm32f4xx_tim.o(i.TIM_OC3Init), (344 bytes).
    Removing stm32f4xx_tim.o(i.TIM_OC3NPolarityConfig), (76 bytes).
    Removing stm32f4xx_tim.o(i.TIM_OC3PolarityConfig), (112 bytes).
    Removing stm32f4xx_tim.o(i.TIM_OC3PreloadConfig), (104 bytes).
    Removing stm32f4xx_tim.o(i.TIM_OC4FastConfig), (112 bytes).
    Removing stm32f4xx_tim.o(i.TIM_OC4Init), (260 bytes).
    Removing stm32f4xx_tim.o(i.TIM_OC4PolarityConfig), (112 bytes).
    Removing stm32f4xx_tim.o(i.TIM_OC4PreloadConfig), (112 bytes).
    Removing stm32f4xx_tim.o(i.TIM_OCStructInit), (20 bytes).
    Removing stm32f4xx_tim.o(i.TIM_PWMIConfig), (200 bytes).
    Removing stm32f4xx_tim.o(i.TIM_PrescalerConfig), (180 bytes).
    Removing stm32f4xx_tim.o(i.TIM_RemapConfig), (100 bytes).
    Removing stm32f4xx_tim.o(i.TIM_SelectCCDMA), (112 bytes).
    Removing stm32f4xx_tim.o(i.TIM_SelectCOM), (76 bytes).
    Removing stm32f4xx_tim.o(i.TIM_SelectHallSensor), (132 bytes).
    Removing stm32f4xx_tim.o(i.TIM_SelectInputTrigger), (188 bytes).
    Removing stm32f4xx_tim.o(i.TIM_SelectMasterSlaveMode), (128 bytes).
    Removing stm32f4xx_tim.o(i.TIM_SelectOCxM), (276 bytes).
    Removing stm32f4xx_tim.o(i.TIM_SelectOnePulseMode), (188 bytes).
    Removing stm32f4xx_tim.o(i.TIM_SelectOutputTrigger), (152 bytes).
    Removing stm32f4xx_tim.o(i.TIM_SelectSlaveMode), (140 bytes).
    Removing stm32f4xx_tim.o(i.TIM_SetAutoreload), (160 bytes).
    Removing stm32f4xx_tim.o(i.TIM_SetClockDivision), (176 bytes).
    Removing stm32f4xx_tim.o(i.TIM_SetCompare1), (140 bytes).
    Removing stm32f4xx_tim.o(i.TIM_SetCompare2), (100 bytes).
    Removing stm32f4xx_tim.o(i.TIM_SetCompare3), (80 bytes).
    Removing stm32f4xx_tim.o(i.TIM_SetCompare4), (80 bytes).
    Removing stm32f4xx_tim.o(i.TIM_SetCounter), (160 bytes).
    Removing stm32f4xx_tim.o(i.TIM_SetIC1Prescaler), (176 bytes).
    Removing stm32f4xx_tim.o(i.TIM_SetIC2Prescaler), (144 bytes).
    Removing stm32f4xx_tim.o(i.TIM_SetIC3Prescaler), (116 bytes).
    Removing stm32f4xx_tim.o(i.TIM_SetIC4Prescaler), (124 bytes).
    Removing stm32f4xx_tim.o(i.TIM_TIxExternalClockConfig), (220 bytes).
    Removing stm32f4xx_tim.o(i.TIM_TimeBaseInit), (304 bytes).
    Removing stm32f4xx_tim.o(i.TIM_TimeBaseStructInit), (18 bytes).
    Removing stm32f4xx_tim.o(i.TIM_UpdateDisableConfig), (192 bytes).
    Removing stm32f4xx_tim.o(i.TIM_UpdateRequestConfig), (192 bytes).
    Removing stm32f4xx_tim.o(.constdata), (72 bytes).
    Removing stm32f4xx_usart.o(.emb_text), (8 bytes).
    Removing stm32f4xx_usart.o(i.USART_ClearITPendingBit), (164 bytes).
    Removing stm32f4xx_usart.o(i.USART_ClockInit), (168 bytes).
    Removing stm32f4xx_usart.o(i.USART_ClockStructInit), (12 bytes).
    Removing stm32f4xx_usart.o(i.USART_DMACmd), (132 bytes).
    Removing stm32f4xx_usart.o(i.USART_DeInit), (176 bytes).
    Removing stm32f4xx_usart.o(i.USART_HalfDuplexCmd), (116 bytes).
    Removing stm32f4xx_usart.o(i.USART_IrDACmd), (116 bytes).
    Removing stm32f4xx_usart.o(i.USART_IrDAConfig), (112 bytes).
    Removing stm32f4xx_usart.o(i.USART_LINBreakDetectLengthConfig), (112 bytes).
    Removing stm32f4xx_usart.o(i.USART_LINCmd), (116 bytes).
    Removing stm32f4xx_usart.o(i.USART_OneBitMethodCmd), (116 bytes).
    Removing stm32f4xx_usart.o(i.USART_OverSampling8Cmd), (116 bytes).
    Removing stm32f4xx_usart.o(i.USART_ReceiverWakeUpCmd), (116 bytes).
    Removing stm32f4xx_usart.o(i.USART_SendBreak), (88 bytes).
    Removing stm32f4xx_usart.o(i.USART_SetAddress), (112 bytes).
    Removing stm32f4xx_usart.o(i.USART_SetGuardTime), (76 bytes).
    Removing stm32f4xx_usart.o(i.USART_SetPrescaler), (96 bytes).
    Removing stm32f4xx_usart.o(i.USART_SmartCardCmd), (96 bytes).
    Removing stm32f4xx_usart.o(i.USART_SmartCardNACKCmd), (96 bytes).
    Removing stm32f4xx_usart.o(i.USART_StructInit), (22 bytes).
    Removing stm32f4xx_usart.o(i.USART_WakeUpConfig), (116 bytes).
    Removing startup_stm32f4xx.o(HEAP), (512 bytes).
    Removing dadd.o(.text), (334 bytes).
    Removing dmul.o(.text), (228 bytes).
    Removing ddiv.o(.text), (222 bytes).
    Removing dfixul.o(.text), (48 bytes).
    Removing cdrcmple.o(.text), (40 bytes).
    Removing depilogue.o(.text), (190 bytes).

227 unused section(s) (total 24593 bytes) removed from the image.

==============================================================================

Image Symbol Table

    Local Symbols

    Symbol Name                              Value     Ov Type        Size  Object(Section)

    ../clib/microlib/ctype/ctype.c           0x00000000   Number         0  isblank_o.o ABSOLUTE
    ../clib/microlib/ctype/ctype.c           0x00000000   Number         0  islower_o.o ABSOLUTE
    ../clib/microlib/ctype/ctype.c           0x00000000   Number         0  isgraph_o.o ABSOLUTE
    ../clib/microlib/ctype/ctype.c           0x00000000   Number         0  isdigit_o.o ABSOLUTE
    ../clib/microlib/ctype/ctype.c           0x00000000   Number         0  iscntrl_o.o ABSOLUTE
    ../clib/microlib/ctype/ctype.c           0x00000000   Number         0  isxdigit_o.o ABSOLUTE
    ../clib/microlib/ctype/ctype.c           0x00000000   Number         0  isalpha_o.o ABSOLUTE
    ../clib/microlib/ctype/ctype.c           0x00000000   Number         0  isalnum_o.o ABSOLUTE
    ../clib/microlib/ctype/ctype.c           0x00000000   Number         0  ctype_o.o ABSOLUTE
    ../clib/microlib/ctype/ctype.c           0x00000000   Number         0  isupper_o.o ABSOLUTE
    ../clib/microlib/ctype/ctype.c           0x00000000   Number         0  isspace_o.o ABSOLUTE
    ../clib/microlib/ctype/ctype.c           0x00000000   Number         0  ispunct_o.o ABSOLUTE
    ../clib/microlib/ctype/ctype.c           0x00000000   Number         0  isprint_o.o ABSOLUTE
    ../clib/microlib/division.c              0x00000000   Number         0  uldiv.o ABSOLUTE
    ../clib/microlib/division.c              0x00000000   Number         0  uidiv.o ABSOLUTE
    ../clib/microlib/errno.c                 0x00000000   Number         0  errno.o ABSOLUTE
    ../clib/microlib/init/entry.s            0x00000000   Number         0  entry5.o ABSOLUTE
    ../clib/microlib/init/entry.s            0x00000000   Number         0  entry11a.o ABSOLUTE
    ../clib/microlib/init/entry.s            0x00000000   Number         0  entry9b.o ABSOLUTE
    ../clib/microlib/init/entry.s            0x00000000   Number         0  entry11b.o ABSOLUTE
    ../clib/microlib/init/entry.s            0x00000000   Number         0  entry8a.o ABSOLUTE
    ../clib/microlib/init/entry.s            0x00000000   Number         0  entry.o ABSOLUTE
    ../clib/microlib/init/entry.s            0x00000000   Number         0  entry2.o ABSOLUTE
    ../clib/microlib/init/entry.s            0x00000000   Number         0  entry8b.o ABSOLUTE
    ../clib/microlib/init/entry.s            0x00000000   Number         0  entry7b.o ABSOLUTE
    ../clib/microlib/init/entry.s            0x00000000   Number         0  entry9a.o ABSOLUTE
    ../clib/microlib/init/entry.s            0x00000000   Number         0  entry7a.o ABSOLUTE
    ../clib/microlib/init/entry.s            0x00000000   Number         0  entry10b.o ABSOLUTE
    ../clib/microlib/init/entry.s            0x00000000   Number         0  entry10a.o ABSOLUTE
    ../clib/microlib/longlong.c              0x00000000   Number         0  llsshr.o ABSOLUTE
    ../clib/microlib/longlong.c              0x00000000   Number         0  llushr.o ABSOLUTE
    ../clib/microlib/longlong.c              0x00000000   Number         0  llshl.o ABSOLUTE
    ../clib/microlib/printf/printf.c         0x00000000   Number         0  printf1.o ABSOLUTE
    ../clib/microlib/printf/printf.c         0x00000000   Number         0  printfa.o ABSOLUTE
    ../clib/microlib/printf/printf.c         0x00000000   Number         0  printf5.o ABSOLUTE
    ../clib/microlib/printf/printf.c         0x00000000   Number         0  printf8.o ABSOLUTE
    ../clib/microlib/printf/printf.c         0x00000000   Number         0  printf0.o ABSOLUTE
    ../clib/microlib/printf/printf.c         0x00000000   Number         0  printfb.o ABSOLUTE
    ../clib/microlib/printf/printf.c         0x00000000   Number         0  printf7.o ABSOLUTE
    ../clib/microlib/printf/printf.c         0x00000000   Number         0  printf4.o ABSOLUTE
    ../clib/microlib/printf/printf.c         0x00000000   Number         0  printf3.o ABSOLUTE
    ../clib/microlib/printf/printf.c         0x00000000   Number         0  printf2.o ABSOLUTE
    ../clib/microlib/printf/printf.c         0x00000000   Number         0  printf6.o ABSOLUTE
    ../clib/microlib/printf/stubs.s          0x00000000   Number         0  stubs.o ABSOLUTE
    ../clib/microlib/stubs.s                 0x00000000   Number         0  iusefp.o ABSOLUTE
    ../clib/microlib/stubs.s                 0x00000000   Number         0  useno.o ABSOLUTE
    ../clib/scanf.c                          0x00000000   Number         0  atoi.o ABSOLUTE
    ../clib/scanf.c                          0x00000000   Number         0  _chval.o ABSOLUTE
    ../clib/scanf.c                          0x00000000   Number         0  strtol.o ABSOLUTE
    ../clib/scanf.c                          0x00000000   Number         0  _strtoul.o ABSOLUTE
    ../fplib/microlib/fpadd.c                0x00000000   Number         0  dadd.o ABSOLUTE
    ../fplib/microlib/fpdiv.c                0x00000000   Number         0  ddiv.o ABSOLUTE
    ../fplib/microlib/fpepilogue.c           0x00000000   Number         0  depilogue.o ABSOLUTE
    ../fplib/microlib/fpfix.c                0x00000000   Number         0  dfixul.o ABSOLUTE
    ../fplib/microlib/fpmul.c                0x00000000   Number         0  dmul.o ABSOLUTE
    ..\..\..\..\Libraries\CMSIS\ST\STM32F4xx\Source\Templates\arm\startup_stm32f4xx.s 0x00000000   Number         0  startup_stm32f4xx.o ABSOLUTE
    ..\..\..\..\Libraries\STM32F4xx_StdPeriph_Driver\src\misc.c 0x00000000   Number         0  misc.o ABSOLUTE
    ..\..\..\..\Libraries\STM32F4xx_StdPeriph_Driver\src\stm32f4xx_exti.c 0x00000000   Number         0  stm32f4xx_exti.o ABSOLUTE
    ..\..\..\..\Libraries\STM32F4xx_StdPeriph_Driver\src\stm32f4xx_gpio.c 0x00000000   Number         0  stm32f4xx_gpio.o ABSOLUTE
    ..\..\..\..\Libraries\STM32F4xx_StdPeriph_Driver\src\stm32f4xx_rcc.c 0x00000000   Number         0  stm32f4xx_rcc.o ABSOLUTE
    ..\..\..\..\Libraries\STM32F4xx_StdPeriph_Driver\src\stm32f4xx_syscfg.c 0x00000000   Number         0  stm32f4xx_syscfg.o ABSOLUTE
    ..\..\..\..\Libraries\STM32F4xx_StdPeriph_Driver\src\stm32f4xx_tim.c 0x00000000   Number         0  stm32f4xx_tim.o ABSOLUTE
    ..\..\..\..\Libraries\STM32F4xx_StdPeriph_Driver\src\stm32f4xx_usart.c 0x00000000   Number         0  stm32f4xx_usart.o ABSOLUTE
    ..\..\..\..\Utilities\STM32F4-Discovery\stm32f4_discovery.c 0x00000000   Number         0  stm32f4_discovery.o ABSOLUTE
    ..\EXIT_Config.c                         0x00000000   Number         0  exit_config.o ABSOLUTE
    ..\GPIO_Config.c                         0x00000000   Number         0  gpio_config.o ABSOLUTE
    ..\\..\\..\\..\\Libraries\\STM32F4xx_StdPeriph_Driver\\src\\misc.c 0x00000000   Number         0  misc.o ABSOLUTE
    ..\\..\\..\\..\\Libraries\\STM32F4xx_StdPeriph_Driver\\src\\stm32f4xx_exti.c 0x00000000   Number         0  stm32f4xx_exti.o ABSOLUTE
    ..\\..\\..\\..\\Libraries\\STM32F4xx_StdPeriph_Driver\\src\\stm32f4xx_gpio.c 0x00000000   Number         0  stm32f4xx_gpio.o ABSOLUTE
    ..\\..\\..\\..\\Libraries\\STM32F4xx_StdPeriph_Driver\\src\\stm32f4xx_rcc.c 0x00000000   Number         0  stm32f4xx_rcc.o ABSOLUTE
    ..\\..\\..\\..\\Libraries\\STM32F4xx_StdPeriph_Driver\\src\\stm32f4xx_syscfg.c 0x00000000   Number         0  stm32f4xx_syscfg.o ABSOLUTE
    ..\\..\\..\\..\\Libraries\\STM32F4xx_StdPeriph_Driver\\src\\stm32f4xx_tim.c 0x00000000   Number         0  stm32f4xx_tim.o ABSOLUTE
    ..\\..\\..\\..\\Libraries\\STM32F4xx_StdPeriph_Driver\\src\\stm32f4xx_usart.c 0x00000000   Number         0  stm32f4xx_usart.o ABSOLUTE
    ..\\..\\..\\..\\Utilities\\STM32F4-Discovery\\stm32f4_discovery.c 0x00000000   Number         0  stm32f4_discovery.o ABSOLUTE
    ..\\EXIT_Config.c                        0x00000000   Number         0  exit_config.o ABSOLUTE
    ..\\GPIO_Config.c                        0x00000000   Number         0  gpio_config.o ABSOLUTE
    ..\\main.c                               0x00000000   Number         0  main.o ABSOLUTE
    ..\\stm32f4xx_it.c                       0x00000000   Number         0  stm32f4xx_it.o ABSOLUTE
    ..\\system_stm32f4xx.c                   0x00000000   Number         0  system_stm32f4xx.o ABSOLUTE
    ..\\uart_to_printf.c                     0x00000000   Number         0  uart_to_printf.o ABSOLUTE
    ..\main.c                                0x00000000   Number         0  main.o ABSOLUTE
    ..\stm32f4xx_it.c                        0x00000000   Number         0  stm32f4xx_it.o ABSOLUTE
    ..\system_stm32f4xx.c                    0x00000000   Number         0  system_stm32f4xx.o ABSOLUTE
    ..\uart_to_printf.c                      0x00000000   Number         0  uart_to_printf.o ABSOLUTE
    cdrcmple.s                               0x00000000   Number         0  cdrcmple.o ABSOLUTE
    dc.s                                     0x00000000   Number         0  dc.o ABSOLUTE
    handlers.s                               0x00000000   Number         0  handlers.o ABSOLUTE
    init.s                                   0x00000000   Number         0  init.o ABSOLUTE
    RESET                                    0x08000000   Section      392  startup_stm32f4xx.o(RESET)
    .ARM.Collect$$$$00000000                 0x08000188   Section        0  entry.o(.ARM.Collect$$$$00000000)
    .ARM.Collect$$$$00000001                 0x08000188   Section        4  entry2.o(.ARM.Collect$$$$00000001)
    .ARM.Collect$$$$00000004                 0x0800018c   Section        4  entry5.o(.ARM.Collect$$$$00000004)
    .ARM.Collect$$$$00000008                 0x08000190   Section        0  entry7b.o(.ARM.Collect$$$$00000008)
    .ARM.Collect$$$$0000000A                 0x08000190   Section        0  entry8b.o(.ARM.Collect$$$$0000000A)
    .ARM.Collect$$$$0000000B                 0x08000190   Section        8  entry9a.o(.ARM.Collect$$$$0000000B)
    .ARM.Collect$$$$0000000D                 0x08000198   Section        0  entry10a.o(.ARM.Collect$$$$0000000D)
    .ARM.Collect$$$$0000000F                 0x08000198   Section        0  entry11a.o(.ARM.Collect$$$$0000000F)
    .ARM.Collect$$$$00002712                 0x08000198   Section        4  entry2.o(.ARM.Collect$$$$00002712)
    __lit__00000000                          0x08000198   Data           4  entry2.o(.ARM.Collect$$$$00002712)
    .text                                    0x0800019c   Section       36  startup_stm32f4xx.o(.text)
    .text                                    0x080001c0   Section        0  atoi.o(.text)
    .text                                    0x080001da   Section        0  uidiv.o(.text)
    .text                                    0x08000206   Section        0  strtol.o(.text)
    .text                                    0x08000278   Section       36  init.o(.text)
    .text                                    0x0800029c   Section        0  ctype_o.o(.text)
    .text                                    0x080002a4   Section        0  _strtoul.o(.text)
    .text                                    0x08000342   Section        0  _chval.o(.text)
    i.EXTI0_IRQHandler                       0x08000360   Section        0  stm32f4xx_it.o(i.EXTI0_IRQHandler)
    i.EXTI_ClearITPendingBit                 0x080003c0   Section        0  stm32f4xx_exti.o(i.EXTI_ClearITPendingBit)
    i.EXTI_Init                              0x080003e4   Section        0  stm32f4xx_exti.o(i.EXTI_Init)
    i.GPIO_Configuration                     0x080004a0   Section        0  uart_to_printf.o(i.GPIO_Configuration)
    i.GPIO_Init                              0x080004e0   Section        0  stm32f4xx_gpio.o(i.GPIO_Init)
    i.GPIO_PinAFConfig                       0x08000630   Section        0  stm32f4xx_gpio.o(i.GPIO_PinAFConfig)
    i.GPIO_ResetBits                         0x0800074c   Section        0  stm32f4xx_gpio.o(i.GPIO_ResetBits)
    i.GPIO_SetBits                           0x080007cc   Section        0  stm32f4xx_gpio.o(i.GPIO_SetBits)
    i.Init_System                            0x0800084c   Section        0  main.o(i.Init_System)
    i.MAX485_DIR_IN                          0x080008d4   Section        0  main.o(i.MAX485_DIR_IN)
    i.MAX485_DIR_OUT                         0x080008f0   Section        0  main.o(i.MAX485_DIR_OUT)
    i.MSD_SenCmd                             0x0800090c   Section        0  main.o(i.MSD_SenCmd)
    i.NVIC_Configuration                     0x0800093c   Section        0  uart_to_printf.o(i.NVIC_Configuration)
    i.NVIC_Init                              0x0800096c   Section        0  misc.o(i.NVIC_Init)
    i.RCC_AHB1PeriphClockCmd                 0x08000a3c   Section        0  stm32f4xx_rcc.o(i.RCC_AHB1PeriphClockCmd)
    i.RCC_APB1PeriphClockCmd                 0x08000a80   Section        0  stm32f4xx_rcc.o(i.RCC_APB1PeriphClockCmd)
    i.RCC_APB2PeriphClockCmd                 0x08000ac4   Section        0  stm32f4xx_rcc.o(i.RCC_APB2PeriphClockCmd)
    i.RCC_Configuration                      0x08000b08   Section        0  uart_to_printf.o(i.RCC_Configuration)
    i.RCC_GetClocksFreq                      0x08000b20   Section        0  stm32f4xx_rcc.o(i.RCC_GetClocksFreq)
    i.STM_EVAL_LEDInit                       0x08000bb0   Section        0  stm32f4_discovery.o(i.STM_EVAL_LEDInit)
    i.STM_EVAL_LEDToggle                     0x08000bf8   Section        0  stm32f4_discovery.o(i.STM_EVAL_LEDToggle)
    i.STM_EVAL_PBInit                        0x08000c14   Section        0  stm32f4_discovery.o(i.STM_EVAL_PBInit)
    i.SYSCFG_EXTILineConfig                  0x08000cac   Section        0  stm32f4xx_syscfg.o(i.SYSCFG_EXTILineConfig)
    i.SetSysClock                            0x08000d4c   Section        0  system_stm32f4xx.o(i.SetSysClock)
    SetSysClock                              0x08000d4d   Thumb Code   162  system_stm32f4xx.o(i.SetSysClock)
    i.SysTick_Handler                        0x08000e00   Section        0  stm32f4xx_it.o(i.SysTick_Handler)
    i.SystemInit                             0x08000e04   Section        0  system_stm32f4xx.o(i.SystemInit)
    i.UART_Configuration                     0x08000e54   Section        0  uart_to_printf.o(i.UART_Configuration)
    i.USART2_Configuration                   0x08000e6c   Section        0  uart_to_printf.o(i.USART2_Configuration)
    i.USART2_IRQHandler                      0x08000ea8   Section        0  stm32f4xx_it.o(i.USART2_IRQHandler)
    i.USART_ClearFlag                        0x08000f18   Section        0  stm32f4xx_usart.o(i.USART_ClearFlag)
    i.USART_Cmd                              0x08000fa8   Section        0  stm32f4xx_usart.o(i.USART_Cmd)
    i.USART_GetFlagStatus                    0x0800101c   Section        0  stm32f4xx_usart.o(i.USART_GetFlagStatus)
    i.USART_GetITStatus                      0x080010d0   Section        0  stm32f4xx_usart.o(i.USART_GetITStatus)
    i.USART_ITConfig                         0x080011d4   Section        0  stm32f4xx_usart.o(i.USART_ITConfig)
    i.USART_Init                             0x080012cc   Section        0  stm32f4xx_usart.o(i.USART_Init)
    i.USART_ReceiveData                      0x08001470   Section        0  stm32f4xx_usart.o(i.USART_ReceiveData)
    i.USART_SendData                         0x080014c8   Section        0  stm32f4xx_usart.o(i.USART_SendData)
    i.__0printf$1                            0x08001530   Section        0  printf1.o(i.__0printf$1)
    i.__aeabi_errno_addr                     0x08001550   Section        0  errno.o(i.__aeabi_errno_addr)
    i.__scatterload_copy                     0x08001558   Section       14  handlers.o(i.__scatterload_copy)
    i.__scatterload_null                     0x08001566   Section        2  handlers.o(i.__scatterload_null)
    i.__scatterload_zeroinit                 0x08001568   Section       14  handlers.o(i.__scatterload_zeroinit)
    i._printf_core                           0x08001578   Section        0  printf1.o(i._printf_core)
    _printf_core                             0x08001579   Thumb Code   334  printf1.o(i._printf_core)
    i.assert_failed                          0x080016cc   Section        0  main.o(i.assert_failed)
    i.fputc                                  0x080016d0   Section        0  uart_to_printf.o(i.fputc)
    i.main                                   0x08001720   Section        0  main.o(i.main)
    i.rs485_send_message                     0x08001752   Section        0  main.o(i.rs485_send_message)
    i.uart_sent                              0x080017bc   Section        0  main.o(i.uart_sent)
    .constdata                               0x080017dc   Section       36  stm32f4_discovery.o(.constdata)
    .constdata                               0x08001800   Section       72  stm32f4xx_rcc.o(.constdata)
    .constdata                               0x08001848   Section       72  stm32f4xx_gpio.o(.constdata)
    .constdata                               0x08001890   Section       72  stm32f4xx_syscfg.o(.constdata)
    .constdata                               0x080018d8   Section       72  stm32f4xx_exti.o(.constdata)
    .constdata                               0x08001920   Section       72  stm32f4xx_usart.o(.constdata)
    .constdata                               0x08001968   Section      129  ctype_o.o(.constdata)
    .constdata                               0x080019ec   Section        4  ctype_o.o(.constdata)
    table                                    0x080019ec   Data           4  ctype_o.o(.constdata)
    .data                                    0x20000000   Section       20  stm32f4xx_it.o(.data)
    .data                                    0x20000014   Section       20  system_stm32f4xx.o(.data)
    .data                                    0x20000028   Section        8  uart_to_printf.o(.data)
    last                                     0x20000028   Data           4  uart_to_printf.o(.data)
    last                                     0x2000002c   Data           4  uart_to_printf.o(.data)
    .data                                    0x20000030   Section        4  uart_to_printf.o(.data)
    .data                                    0x20000034   Section       20  stm32f4_discovery.o(.data)
    .data                                    0x20000048   Section       16  stm32f4xx_rcc.o(.data)
    APBAHBPrescTable                         0x20000048   Data          16  stm32f4xx_rcc.o(.data)
    .data                                    0x20000058   Section        4  errno.o(.data)
    _errno                                   0x20000058   Data           4  errno.o(.data)
    STACK                                    0x20000060   Section     1024  startup_stm32f4xx.o(STACK)

    Global Symbols

    Symbol Name                              Value     Ov Type        Size  Object(Section)

    BuildAttributes$$THM_ISAv4$E$P$D$K$B$S$7EM$PE$A:L22UL41UL21$X:L11$S22US41US21$IEEE1$IW$USESV6$~STKCKD$USESV7$~SHL$OSPACE$ROPI$EBA8$MICROLIB$REQ8$PRES8$EABIv2 0x00000000   Number         0  anon$$obj.o ABSOLUTE
    __ARM_use_no_argv                        0x00000000   Number         0  main.o ABSOLUTE
    __use_no_errno                           0x00000000   Number         0  useno.o ABSOLUTE
    __use_no_exception_handling              0x00000000   Number         0  useno.o ABSOLUTE
    __use_no_fp                              0x00000000   Number         0  useno.o ABSOLUTE
    __use_no_heap                            0x00000000   Number         0  useno.o ABSOLUTE
    __use_no_heap_region                     0x00000000   Number         0  useno.o ABSOLUTE
    __use_no_semihosting                     0x00000000   Number         0  useno.o ABSOLUTE
    __use_no_semihosting_swi                 0x00000000   Number         0  useno.o ABSOLUTE
    __use_no_signal_handling                 0x00000000   Number         0  useno.o ABSOLUTE
    _printf_a                                0x00000000   Number         0  stubs.o ABSOLUTE
    _printf_c                                0x00000000   Number         0  stubs.o ABSOLUTE
    _printf_charcount                        0x00000000   Number         0  stubs.o ABSOLUTE
    _printf_d                                0x00000000   Number         0  stubs.o ABSOLUTE
    _printf_e                                0x00000000   Number         0  stubs.o ABSOLUTE
    _printf_f                                0x00000000   Number         0  stubs.o ABSOLUTE
    _printf_flags                            0x00000000   Number         0  stubs.o ABSOLUTE
    _printf_fp_dec                           0x00000000   Number         0  stubs.o ABSOLUTE
    _printf_fp_hex                           0x00000000   Number         0  stubs.o ABSOLUTE
    _printf_g                                0x00000000   Number         0  stubs.o ABSOLUTE
    _printf_i                                0x00000000   Number         0  stubs.o ABSOLUTE
    _printf_int_dec                          0x00000000   Number         0  stubs.o ABSOLUTE
    _printf_l                                0x00000000   Number         0  stubs.o ABSOLUTE
    _printf_lc                               0x00000000   Number         0  stubs.o ABSOLUTE
    _printf_ll                               0x00000000   Number         0  stubs.o ABSOLUTE
    _printf_lld                              0x00000000   Number         0  stubs.o ABSOLUTE
    _printf_lli                              0x00000000   Number         0  stubs.o ABSOLUTE
    _printf_llo                              0x00000000   Number         0  stubs.o ABSOLUTE
    _printf_llu                              0x00000000   Number         0  stubs.o ABSOLUTE
    _printf_llx                              0x00000000   Number         0  stubs.o ABSOLUTE
    _printf_longlong_dec                     0x00000000   Number         0  stubs.o ABSOLUTE
    _printf_longlong_hex                     0x00000000   Number         0  stubs.o ABSOLUTE
    _printf_longlong_oct                     0x00000000   Number         0  stubs.o ABSOLUTE
    _printf_ls                               0x00000000   Number         0  stubs.o ABSOLUTE
    _printf_mbtowc                           0x00000000   Number         0  stubs.o ABSOLUTE
    _printf_n                                0x00000000   Number         0  stubs.o ABSOLUTE
    _printf_o                                0x00000000   Number         0  stubs.o ABSOLUTE
    _printf_p                                0x00000000   Number         0  stubs.o ABSOLUTE
    _printf_percent                          0x00000000   Number         0  stubs.o ABSOLUTE
    _printf_pre_padding                      0x00000000   Number         0  stubs.o ABSOLUTE
    _printf_return_value                     0x00000000   Number         0  stubs.o ABSOLUTE
    _printf_s                                0x00000000   Number         0  stubs.o ABSOLUTE
    _printf_sizespec                         0x00000000   Number         0  stubs.o ABSOLUTE
    _printf_str                              0x00000000   Number         0  stubs.o ABSOLUTE
    _printf_truncate_signed                  0x00000000   Number         0  stubs.o ABSOLUTE
    _printf_truncate_unsigned                0x00000000   Number         0  stubs.o ABSOLUTE
    _printf_u                                0x00000000   Number         0  stubs.o ABSOLUTE
    _printf_wc                               0x00000000   Number         0  stubs.o ABSOLUTE
    _printf_wctomb                           0x00000000   Number         0  stubs.o ABSOLUTE
    _printf_widthprec                        0x00000000   Number         0  stubs.o ABSOLUTE
    _printf_x                                0x00000000   Number         0  stubs.o ABSOLUTE
    __cpp_initialize__aeabi_                  - Undefined Weak Reference
    __cxa_finalize                            - Undefined Weak Reference
    __decompress                              - Undefined Weak Reference
    _clock_init                               - Undefined Weak Reference
    _microlib_exit                            - Undefined Weak Reference
    __Vectors_Size                           0x00000188   Number         0  startup_stm32f4xx.o ABSOLUTE
    __Vectors                                0x08000000   Data           4  startup_stm32f4xx.o(RESET)
    __Vectors_End                            0x08000188   Data           0  startup_stm32f4xx.o(RESET)
    __main                                   0x08000189   Thumb Code     0  entry.o(.ARM.Collect$$$$00000000)
    _main_stk                                0x08000189   Thumb Code     0  entry2.o(.ARM.Collect$$$$00000001)
    _main_scatterload                        0x0800018d   Thumb Code     0  entry5.o(.ARM.Collect$$$$00000004)
    __main_after_scatterload                 0x08000191   Thumb Code     0  entry5.o(.ARM.Collect$$$$00000004)
    _main_clock                              0x08000191   Thumb Code     0  entry7b.o(.ARM.Collect$$$$00000008)
    _main_cpp_init                           0x08000191   Thumb Code     0  entry8b.o(.ARM.Collect$$$$0000000A)
    _main_init                               0x08000191   Thumb Code     0  entry9a.o(.ARM.Collect$$$$0000000B)
    __rt_final_cpp                           0x08000199   Thumb Code     0  entry10a.o(.ARM.Collect$$$$0000000D)
    __rt_final_exit                          0x08000199   Thumb Code     0  entry11a.o(.ARM.Collect$$$$0000000F)
    Reset_Handler                            0x0800019d   Thumb Code     8  startup_stm32f4xx.o(.text)
    NMI_Handler                              0x080001a5   Thumb Code     2  startup_stm32f4xx.o(.text)
    HardFault_Handler                        0x080001a7   Thumb Code     2  startup_stm32f4xx.o(.text)
    MemManage_Handler                        0x080001a9   Thumb Code     2  startup_stm32f4xx.o(.text)
    BusFault_Handler                         0x080001ab   Thumb Code     2  startup_stm32f4xx.o(.text)
    UsageFault_Handler                       0x080001ad   Thumb Code     2  startup_stm32f4xx.o(.text)
    SVC_Handler                              0x080001af   Thumb Code     2  startup_stm32f4xx.o(.text)
    DebugMon_Handler                         0x080001b1   Thumb Code     2  startup_stm32f4xx.o(.text)
    PendSV_Handler                           0x080001b3   Thumb Code     2  startup_stm32f4xx.o(.text)
    ADC_IRQHandler                           0x080001b7   Thumb Code     0  startup_stm32f4xx.o(.text)
    CAN1_RX0_IRQHandler                      0x080001b7   Thumb Code     0  startup_stm32f4xx.o(.text)
    CAN1_RX1_IRQHandler                      0x080001b7   Thumb Code     0  startup_stm32f4xx.o(.text)
    CAN1_SCE_IRQHandler                      0x080001b7   Thumb Code     0  startup_stm32f4xx.o(.text)
    CAN1_TX_IRQHandler                       0x080001b7   Thumb Code     0  startup_stm32f4xx.o(.text)
    CAN2_RX0_IRQHandler                      0x080001b7   Thumb Code     0  startup_stm32f4xx.o(.text)
    CAN2_RX1_IRQHandler                      0x080001b7   Thumb Code     0  startup_stm32f4xx.o(.text)
    CAN2_SCE_IRQHandler                      0x080001b7   Thumb Code     0  startup_stm32f4xx.o(.text)
    CAN2_TX_IRQHandler                       0x080001b7   Thumb Code     0  startup_stm32f4xx.o(.text)
    CRYP_IRQHandler                          0x080001b7   Thumb Code     0  startup_stm32f4xx.o(.text)
    DCMI_IRQHandler                          0x080001b7   Thumb Code     0  startup_stm32f4xx.o(.text)
    DMA1_Stream0_IRQHandler                  0x080001b7   Thumb Code     0  startup_stm32f4xx.o(.text)
    DMA1_Stream1_IRQHandler                  0x080001b7   Thumb Code     0  startup_stm32f4xx.o(.text)
    DMA1_Stream2_IRQHandler                  0x080001b7   Thumb Code     0  startup_stm32f4xx.o(.text)
    DMA1_Stream3_IRQHandler                  0x080001b7   Thumb Code     0  startup_stm32f4xx.o(.text)
    DMA1_Stream4_IRQHandler                  0x080001b7   Thumb Code     0  startup_stm32f4xx.o(.text)
    DMA1_Stream5_IRQHandler                  0x080001b7   Thumb Code     0  startup_stm32f4xx.o(.text)
    DMA1_Stream6_IRQHandler                  0x080001b7   Thumb Code     0  startup_stm32f4xx.o(.text)
    DMA1_Stream7_IRQHandler                  0x080001b7   Thumb Code     0  startup_stm32f4xx.o(.text)
    DMA2_Stream0_IRQHandler                  0x080001b7   Thumb Code     0  startup_stm32f4xx.o(.text)
    DMA2_Stream1_IRQHandler                  0x080001b7   Thumb Code     0  startup_stm32f4xx.o(.text)
    DMA2_Stream2_IRQHandler                  0x080001b7   Thumb Code     0  startup_stm32f4xx.o(.text)
    DMA2_Stream3_IRQHandler                  0x080001b7   Thumb Code     0  startup_stm32f4xx.o(.text)
    DMA2_Stream4_IRQHandler                  0x080001b7   Thumb Code     0  startup_stm32f4xx.o(.text)
    DMA2_Stream5_IRQHandler                  0x080001b7   Thumb Code     0  startup_stm32f4xx.o(.text)
    DMA2_Stream6_IRQHandler                  0x080001b7   Thumb Code     0  startup_stm32f4xx.o(.text)
    DMA2_Stream7_IRQHandler                  0x080001b7   Thumb Code     0  startup_stm32f4xx.o(.text)
    ETH_IRQHandler                           0x080001b7   Thumb Code     0  startup_stm32f4xx.o(.text)
    ETH_WKUP_IRQHandler                      0x080001b7   Thumb Code     0  startup_stm32f4xx.o(.text)
    EXTI15_10_IRQHandler                     0x080001b7   Thumb Code     0  startup_stm32f4xx.o(.text)
    EXTI1_IRQHandler                         0x080001b7   Thumb Code     0  startup_stm32f4xx.o(.text)
    EXTI2_IRQHandler                         0x080001b7   Thumb Code     0  startup_stm32f4xx.o(.text)
    EXTI3_IRQHandler                         0x080001b7   Thumb Code     0  startup_stm32f4xx.o(.text)
    EXTI4_IRQHandler                         0x080001b7   Thumb Code     0  startup_stm32f4xx.o(.text)
    EXTI9_5_IRQHandler                       0x080001b7   Thumb Code     0  startup_stm32f4xx.o(.text)
    FLASH_IRQHandler                         0x080001b7   Thumb Code     0  startup_stm32f4xx.o(.text)
    FPU_IRQHandler                           0x080001b7   Thumb Code     0  startup_stm32f4xx.o(.text)
    FSMC_IRQHandler                          0x080001b7   Thumb Code     0  startup_stm32f4xx.o(.text)
    HASH_RNG_IRQHandler                      0x080001b7   Thumb Code     0  startup_stm32f4xx.o(.text)
    I2C1_ER_IRQHandler                       0x080001b7   Thumb Code     0  startup_stm32f4xx.o(.text)
    I2C1_EV_IRQHandler                       0x080001b7   Thumb Code     0  startup_stm32f4xx.o(.text)
    I2C2_ER_IRQHandler                       0x080001b7   Thumb Code     0  startup_stm32f4xx.o(.text)
    I2C2_EV_IRQHandler                       0x080001b7   Thumb Code     0  startup_stm32f4xx.o(.text)
    I2C3_ER_IRQHandler                       0x080001b7   Thumb Code     0  startup_stm32f4xx.o(.text)
    I2C3_EV_IRQHandler                       0x080001b7   Thumb Code     0  startup_stm32f4xx.o(.text)
    OTG_FS_IRQHandler                        0x080001b7   Thumb Code     0  startup_stm32f4xx.o(.text)
    OTG_FS_WKUP_IRQHandler                   0x080001b7   Thumb Code     0  startup_stm32f4xx.o(.text)
    OTG_HS_EP1_IN_IRQHandler                 0x080001b7   Thumb Code     0  startup_stm32f4xx.o(.text)
    OTG_HS_EP1_OUT_IRQHandler                0x080001b7   Thumb Code     0  startup_stm32f4xx.o(.text)
    OTG_HS_IRQHandler                        0x080001b7   Thumb Code     0  startup_stm32f4xx.o(.text)
    OTG_HS_WKUP_IRQHandler                   0x080001b7   Thumb Code     0  startup_stm32f4xx.o(.text)
    PVD_IRQHandler                           0x080001b7   Thumb Code     0  startup_stm32f4xx.o(.text)
    RCC_IRQHandler                           0x080001b7   Thumb Code     0  startup_stm32f4xx.o(.text)
    RTC_Alarm_IRQHandler                     0x080001b7   Thumb Code     0  startup_stm32f4xx.o(.text)
    RTC_WKUP_IRQHandler                      0x080001b7   Thumb Code     0  startup_stm32f4xx.o(.text)
    SDIO_IRQHandler                          0x080001b7   Thumb Code     0  startup_stm32f4xx.o(.text)
    SPI1_IRQHandler                          0x080001b7   Thumb Code     0  startup_stm32f4xx.o(.text)
    SPI2_IRQHandler                          0x080001b7   Thumb Code     0  startup_stm32f4xx.o(.text)
    SPI3_IRQHandler                          0x080001b7   Thumb Code     0  startup_stm32f4xx.o(.text)
    TAMP_STAMP_IRQHandler                    0x080001b7   Thumb Code     0  startup_stm32f4xx.o(.text)
    TIM1_BRK_TIM9_IRQHandler                 0x080001b7   Thumb Code     0  startup_stm32f4xx.o(.text)
    TIM1_CC_IRQHandler                       0x080001b7   Thumb Code     0  startup_stm32f4xx.o(.text)
    TIM1_TRG_COM_TIM11_IRQHandler            0x080001b7   Thumb Code     0  startup_stm32f4xx.o(.text)
    TIM1_UP_TIM10_IRQHandler                 0x080001b7   Thumb Code     0  startup_stm32f4xx.o(.text)
    TIM2_IRQHandler                          0x080001b7   Thumb Code     0  startup_stm32f4xx.o(.text)
    TIM3_IRQHandler                          0x080001b7   Thumb Code     0  startup_stm32f4xx.o(.text)
    TIM4_IRQHandler                          0x080001b7   Thumb Code     0  startup_stm32f4xx.o(.text)
    TIM5_IRQHandler                          0x080001b7   Thumb Code     0  startup_stm32f4xx.o(.text)
    TIM6_DAC_IRQHandler                      0x080001b7   Thumb Code     0  startup_stm32f4xx.o(.text)
    TIM7_IRQHandler                          0x080001b7   Thumb Code     0  startup_stm32f4xx.o(.text)
    TIM8_BRK_TIM12_IRQHandler                0x080001b7   Thumb Code     0  startup_stm32f4xx.o(.text)
    TIM8_CC_IRQHandler                       0x080001b7   Thumb Code     0  startup_stm32f4xx.o(.text)
    TIM8_TRG_COM_TIM14_IRQHandler            0x080001b7   Thumb Code     0  startup_stm32f4xx.o(.text)
    TIM8_UP_TIM13_IRQHandler                 0x080001b7   Thumb Code     0  startup_stm32f4xx.o(.text)
    UART4_IRQHandler                         0x080001b7   Thumb Code     0  startup_stm32f4xx.o(.text)
    UART5_IRQHandler                         0x080001b7   Thumb Code     0  startup_stm32f4xx.o(.text)
    USART1_IRQHandler                        0x080001b7   Thumb Code     0  startup_stm32f4xx.o(.text)
    USART3_IRQHandler                        0x080001b7   Thumb Code     0  startup_stm32f4xx.o(.text)
    USART6_IRQHandler                        0x080001b7   Thumb Code     0  startup_stm32f4xx.o(.text)
    WWDG_IRQHandler                          0x080001b7   Thumb Code     0  startup_stm32f4xx.o(.text)
    atoi                                     0x080001c1   Thumb Code    26  atoi.o(.text)
    __aeabi_uidiv                            0x080001db   Thumb Code     0  uidiv.o(.text)
    __aeabi_uidivmod                         0x080001db   Thumb Code    44  uidiv.o(.text)
    strtol                                   0x08000207   Thumb Code   112  strtol.o(.text)
    __scatterload                            0x08000279   Thumb Code    28  init.o(.text)
    __scatterload_rt2                        0x08000279   Thumb Code     0  init.o(.text)
    __rt_ctype_table                         0x0800029d   Thumb Code     4  ctype_o.o(.text)
    _strtoul                                 0x080002a5   Thumb Code   158  _strtoul.o(.text)
    _chval                                   0x08000343   Thumb Code    28  _chval.o(.text)
    EXTI0_IRQHandler                         0x08000361   Thumb Code    88  stm32f4xx_it.o(i.EXTI0_IRQHandler)
    EXTI_ClearITPendingBit                   0x080003c1   Thumb Code    26  stm32f4xx_exti.o(i.EXTI_ClearITPendingBit)
    EXTI_Init                                0x080003e5   Thumb Code   180  stm32f4xx_exti.o(i.EXTI_Init)
    GPIO_Configuration                       0x080004a1   Thumb Code    58  uart_to_printf.o(i.GPIO_Configuration)
    GPIO_Init                                0x080004e1   Thumb Code   294  stm32f4xx_gpio.o(i.GPIO_Init)
    GPIO_PinAFConfig                         0x08000631   Thumb Code   242  stm32f4xx_gpio.o(i.GPIO_PinAFConfig)
    GPIO_ResetBits                           0x0800074d   Thumb Code    86  stm32f4xx_gpio.o(i.GPIO_ResetBits)
    GPIO_SetBits                             0x080007cd   Thumb Code    86  stm32f4xx_gpio.o(i.GPIO_SetBits)
    Init_System                              0x0800084d   Thumb Code   124  main.o(i.Init_System)
    MAX485_DIR_IN                            0x080008d5   Thumb Code    24  main.o(i.MAX485_DIR_IN)
    MAX485_DIR_OUT                           0x080008f1   Thumb Code    24  main.o(i.MAX485_DIR_OUT)
    MSD_SenCmd                               0x0800090d   Thumb Code    48  main.o(i.MSD_SenCmd)
    NVIC_Configuration                       0x0800093d   Thumb Code    42  uart_to_printf.o(i.NVIC_Configuration)
    NVIC_Init                                0x0800096d   Thumb Code   140  misc.o(i.NVIC_Init)
    RCC_AHB1PeriphClockCmd                   0x08000a3d   Thumb Code    56  stm32f4xx_rcc.o(i.RCC_AHB1PeriphClockCmd)
    RCC_APB1PeriphClockCmd                   0x08000a81   Thumb Code    56  stm32f4xx_rcc.o(i.RCC_APB1PeriphClockCmd)
    RCC_APB2PeriphClockCmd                   0x08000ac5   Thumb Code    56  stm32f4xx_rcc.o(i.RCC_APB2PeriphClockCmd)
    RCC_Configuration                        0x08000b09   Thumb Code    22  uart_to_printf.o(i.RCC_Configuration)
    RCC_GetClocksFreq                        0x08000b21   Thumb Code   132  stm32f4xx_rcc.o(i.RCC_GetClocksFreq)
    STM_EVAL_LEDInit                         0x08000bb1   Thumb Code    62  stm32f4_discovery.o(i.STM_EVAL_LEDInit)
    STM_EVAL_LEDToggle                       0x08000bf9   Thumb Code    20  stm32f4_discovery.o(i.STM_EVAL_LEDToggle)
    STM_EVAL_PBInit                          0x08000c15   Thumb Code   144  stm32f4_discovery.o(i.STM_EVAL_PBInit)
    SYSCFG_EXTILineConfig                    0x08000cad   Thumb Code   150  stm32f4xx_syscfg.o(i.SYSCFG_EXTILineConfig)
    SysTick_Handler                          0x08000e01   Thumb Code     2  stm32f4xx_it.o(i.SysTick_Handler)
    SystemInit                               0x08000e05   Thumb Code    62  system_stm32f4xx.o(i.SystemInit)
    UART_Configuration                       0x08000e55   Thumb Code    22  uart_to_printf.o(i.UART_Configuration)
    USART2_Configuration                     0x08000e6d   Thumb Code    56  uart_to_printf.o(i.USART2_Configuration)
    USART2_IRQHandler                        0x08000ea9   Thumb Code    86  stm32f4xx_it.o(i.USART2_IRQHandler)
    USART_ClearFlag                          0x08000f19   Thumb Code   114  stm32f4xx_usart.o(i.USART_ClearFlag)
    USART_Cmd                                0x08000fa9   Thumb Code    86  stm32f4xx_usart.o(i.USART_Cmd)
    USART_GetFlagStatus                      0x0800101d   Thumb Code   152  stm32f4xx_usart.o(i.USART_GetFlagStatus)
    USART_GetITStatus                        0x080010d1   Thumb Code   232  stm32f4xx_usart.o(i.USART_GetITStatus)
    USART_ITConfig                           0x080011d5   Thumb Code   220  stm32f4xx_usart.o(i.USART_ITConfig)
    USART_Init                               0x080012cd   Thumb Code   388  stm32f4xx_usart.o(i.USART_Init)
    USART_ReceiveData                        0x08001471   Thumb Code    58  stm32f4xx_usart.o(i.USART_ReceiveData)
    USART_SendData                           0x080014c9   Thumb Code    76  stm32f4xx_usart.o(i.USART_SendData)
    __0printf$1                              0x08001531   Thumb Code    22  printf1.o(i.__0printf$1)
    __1printf$1                              0x08001531   Thumb Code     0  printf1.o(i.__0printf$1)
    __2printf                                0x08001531   Thumb Code     0  printf1.o(i.__0printf$1)
    __aeabi_errno_addr                       0x08001551   Thumb Code     4  errno.o(i.__aeabi_errno_addr)
    __rt_errno_addr                          0x08001551   Thumb Code     0  errno.o(i.__aeabi_errno_addr)
    __scatterload_copy                       0x08001559   Thumb Code    14  handlers.o(i.__scatterload_copy)
    __scatterload_null                       0x08001567   Thumb Code     2  handlers.o(i.__scatterload_null)
    __scatterload_zeroinit                   0x08001569   Thumb Code    14  handlers.o(i.__scatterload_zeroinit)
    assert_failed                            0x080016cd   Thumb Code     2  main.o(i.assert_failed)
    fputc                                    0x080016d1   Thumb Code    72  uart_to_printf.o(i.fputc)
    main                                     0x08001721   Thumb Code    50  main.o(i.main)
    rs485_send_message                       0x08001753   Thumb Code   106  main.o(i.rs485_send_message)
    uart_sent                                0x080017bd   Thumb Code    26  main.o(i.uart_sent)
    BUTTON_PORT_SOURCE                       0x080017dc   Data           1  stm32f4_discovery.o(.constdata)
    BUTTON_PIN_SOURCE                        0x080017dd   Data           1  stm32f4_discovery.o(.constdata)
    BUTTON_IRQn                              0x080017de   Data           1  stm32f4_discovery.o(.constdata)
    BUTTON_PIN                               0x080017e0   Data           2  stm32f4_discovery.o(.constdata)
    BUTTON_EXTI_LINE                         0x080017e2   Data           2  stm32f4_discovery.o(.constdata)
    BUTTON_CLK                               0x080017e4   Data           4  stm32f4_discovery.o(.constdata)
    GPIO_PIN                                 0x080017e8   Data           8  stm32f4_discovery.o(.constdata)
    GPIO_CLK                                 0x080017f0   Data          16  stm32f4_discovery.o(.constdata)
    __ctype_table                            0x08001968   Data         129  ctype_o.o(.constdata)
    Region$$Table$$Base                      0x080019f0   Number         0  anon$$obj.o(Region$$Table)
    Region$$Table$$Limit                     0x08001a10   Number         0  anon$$obj.o(Region$$Table)
    chieu                                    0x20000000   Data           1  stm32f4xx_it.o(.data)
    data                                     0x20000004   Data           4  stm32f4xx_it.o(.data)
    UART_count                               0x20000008   Data           4  stm32f4xx_it.o(.data)
    UART_chuoi                               0x2000000c   Data           8  stm32f4xx_it.o(.data)
    SystemCoreClock                          0x20000014   Data           4  system_stm32f4xx.o(.data)
    AHBPrescTable                            0x20000018   Data          16  system_stm32f4xx.o(.data)
    __stdout                                 0x20000030   Data           4  uart_to_printf.o(.data)
    BUTTON_PORT                              0x20000034   Data           4  stm32f4_discovery.o(.data)
    GPIO_PORT                                0x20000038   Data          16  stm32f4_discovery.o(.data)
    __initial_sp                             0x20000460   Data           0  startup_stm32f4xx.o(STACK)



==============================================================================

Memory Map of the image

  Image Entry point : 0x08000189

  Load Region LR_IROM1 (Base: 0x08000000, Size: 0x00001a6c, Max: 0x00100000, ABSOLUTE)

    Execution Region ER_IROM1 (Base: 0x08000000, Size: 0x00001a10, Max: 0x00100000, ABSOLUTE)

    Base Addr    Size         Type   Attr      Idx    E Section Name        Object

    0x08000000   0x00000188   Data   RO         1877    RESET               startup_stm32f4xx.o
    0x08000188   0x00000000   Code   RO         1882  * .ARM.Collect$$$$00000000  mc_w.l(entry.o)
    0x08000188   0x00000004   Code   RO         2148    .ARM.Collect$$$$00000001  mc_w.l(entry2.o)
    0x0800018c   0x00000004   Code   RO         2151    .ARM.Collect$$$$00000004  mc_w.l(entry5.o)
    0x08000190   0x00000000   Code   RO         2153    .ARM.Collect$$$$00000008  mc_w.l(entry7b.o)
    0x08000190   0x00000000   Code   RO         2155    .ARM.Collect$$$$0000000A  mc_w.l(entry8b.o)
    0x08000190   0x00000008   Code   RO         2156    .ARM.Collect$$$$0000000B  mc_w.l(entry9a.o)
    0x08000198   0x00000000   Code   RO         2158    .ARM.Collect$$$$0000000D  mc_w.l(entry10a.o)
    0x08000198   0x00000000   Code   RO         2160    .ARM.Collect$$$$0000000F  mc_w.l(entry11a.o)
    0x08000198   0x00000004   Code   RO         2149    .ARM.Collect$$$$00002712  mc_w.l(entry2.o)
    0x0800019c   0x00000024   Code   RO         1878    .text               startup_stm32f4xx.o
    0x080001c0   0x0000001a   Code   RO         2146    .text               mc_w.l(atoi.o)
    0x080001da   0x0000002c   Code   RO         2162    .text               mc_w.l(uidiv.o)
    0x08000206   0x00000070   Code   RO         2173    .text               mc_w.l(strtol.o)
    0x08000276   0x00000002   PAD
    0x08000278   0x00000024   Code   RO         2186    .text               mc_w.l(init.o)
    0x0800029c   0x00000008   Code   RO         2194    .text               mc_w.l(ctype_o.o)
    0x080002a4   0x0000009e   Code   RO         2222    .text               mc_w.l(_strtoul.o)
    0x08000342   0x0000001c   Code   RO         2226    .text               mc_w.l(_chval.o)
    0x0800035e   0x00000002   PAD
    0x08000360   0x00000060   Code   RO          205    i.EXTI0_IRQHandler  stm32f4xx_it.o
    0x080003c0   0x00000024   Code   RO         1075    i.EXTI_ClearITPendingBit  stm32f4xx_exti.o
    0x080003e4   0x000000bc   Code   RO         1080    i.EXTI_Init         stm32f4xx_exti.o
    0x080004a0   0x00000040   Code   RO          393    i.GPIO_Configuration  uart_to_printf.o
    0x080004e0   0x00000150   Code   RO          930    i.GPIO_Init         stm32f4xx_gpio.o
    0x08000630   0x0000011c   Code   RO          931    i.GPIO_PinAFConfig  stm32f4xx_gpio.o
    0x0800074c   0x00000080   Code   RO          937    i.GPIO_ResetBits    stm32f4xx_gpio.o
    0x080007cc   0x00000080   Code   RO          938    i.GPIO_SetBits      stm32f4xx_gpio.o
    0x0800084c   0x00000088   Code   RO            3    i.Init_System       main.o
    0x080008d4   0x0000001c   Code   RO            4    i.MAX485_DIR_IN     main.o
    0x080008f0   0x0000001c   Code   RO            5    i.MAX485_DIR_OUT    main.o
    0x0800090c   0x00000030   Code   RO            6    i.MSD_SenCmd        main.o
    0x0800093c   0x00000030   Code   RO          394    i.NVIC_Configuration  uart_to_printf.o
    0x0800096c   0x000000d0   Code   RO          883    i.NVIC_Init         misc.o
    0x08000a3c   0x00000044   Code   RO          528    i.RCC_AHB1PeriphClockCmd  stm32f4xx_rcc.o
    0x08000a80   0x00000044   Code   RO          537    i.RCC_APB1PeriphClockCmd  stm32f4xx_rcc.o
    0x08000ac4   0x00000044   Code   RO          540    i.RCC_APB2PeriphClockCmd  stm32f4xx_rcc.o
    0x08000b08   0x00000016   Code   RO          395    i.RCC_Configuration  uart_to_printf.o
    0x08000b1e   0x00000002   PAD
    0x08000b20   0x00000090   Code   RO          549    i.RCC_GetClocksFreq  stm32f4xx_rcc.o
    0x08000bb0   0x00000048   Code   RO          474    i.STM_EVAL_LEDInit  stm32f4_discovery.o
    0x08000bf8   0x0000001c   Code   RO          477    i.STM_EVAL_LEDToggle  stm32f4_discovery.o
    0x08000c14   0x00000098   Code   RO          479    i.STM_EVAL_PBInit   stm32f4_discovery.o
    0x08000cac   0x000000a0   Code   RO         1030    i.SYSCFG_EXTILineConfig  stm32f4xx_syscfg.o
    0x08000d4c   0x000000b4   Code   RO          262    i.SetSysClock       system_stm32f4xx.o
    0x08000e00   0x00000002   Code   RO          206    i.SysTick_Handler   stm32f4xx_it.o
    0x08000e02   0x00000002   PAD
    0x08000e04   0x00000050   Code   RO          264    i.SystemInit        system_stm32f4xx.o
    0x08000e54   0x00000016   Code   RO          396    i.UART_Configuration  uart_to_printf.o
    0x08000e6a   0x00000002   PAD
    0x08000e6c   0x0000003c   Code   RO          397    i.USART2_Configuration  uart_to_printf.o
    0x08000ea8   0x00000070   Code   RO          207    i.USART2_IRQHandler  stm32f4xx_it.o
    0x08000f18   0x00000090   Code   RO         1688    i.USART_ClearFlag   stm32f4xx_usart.o
    0x08000fa8   0x00000074   Code   RO         1692    i.USART_Cmd         stm32f4xx_usart.o
    0x0800101c   0x000000b4   Code   RO         1695    i.USART_GetFlagStatus  stm32f4xx_usart.o
    0x080010d0   0x00000104   Code   RO         1696    i.USART_GetITStatus  stm32f4xx_usart.o
    0x080011d4   0x000000f8   Code   RO         1698    i.USART_ITConfig    stm32f4xx_usart.o
    0x080012cc   0x000001a4   Code   RO         1699    i.USART_Init        stm32f4xx_usart.o
    0x08001470   0x00000058   Code   RO         1706    i.USART_ReceiveData  stm32f4xx_usart.o
    0x080014c8   0x00000068   Code   RO         1709    i.USART_SendData    stm32f4xx_usart.o
    0x08001530   0x00000020   Code   RO         1930    i.__0printf$1       mc_w.l(printf1.o)
    0x08001550   0x00000008   Code   RO         2166    i.__aeabi_errno_addr  mc_w.l(errno.o)
    0x08001558   0x0000000e   Code   RO         2230    i.__scatterload_copy  mc_w.l(handlers.o)
    0x08001566   0x00000002   Code   RO         2231    i.__scatterload_null  mc_w.l(handlers.o)
    0x08001568   0x0000000e   Code   RO         2232    i.__scatterload_zeroinit  mc_w.l(handlers.o)
    0x08001576   0x00000002   PAD
    0x08001578   0x00000154   Code   RO         1937    i._printf_core      mc_w.l(printf1.o)
    0x080016cc   0x00000002   Code   RO            7    i.assert_failed     main.o
    0x080016ce   0x00000002   PAD
    0x080016d0   0x00000050   Code   RO          402    i.fputc             uart_to_printf.o
    0x08001720   0x00000032   Code   RO            9    i.main              main.o
    0x08001752   0x0000006a   Code   RO           10    i.rs485_send_message  main.o
    0x080017bc   0x00000020   Code   RO           11    i.uart_sent         main.o
    0x080017dc   0x00000024   Data   RO          480    .constdata          stm32f4_discovery.o
    0x08001800   0x00000048   Data   RO          572    .constdata          stm32f4xx_rcc.o
    0x08001848   0x00000048   Data   RO          943    .constdata          stm32f4xx_gpio.o
    0x08001890   0x00000048   Data   RO         1033    .constdata          stm32f4xx_syscfg.o
    0x080018d8   0x00000048   Data   RO         1082    .constdata          stm32f4xx_exti.o
    0x08001920   0x00000048   Data   RO         1717    .constdata          stm32f4xx_usart.o
    0x08001968   0x00000081   Data   RO         2195    .constdata          mc_w.l(ctype_o.o)
    0x080019e9   0x00000003   PAD
    0x080019ec   0x00000004   Data   RO         2196    .constdata          mc_w.l(ctype_o.o)
    0x080019f0   0x00000020   Data   RO         2228    Region$$Table       anon$$obj.o


    Execution Region RW_IRAM1 (Base: 0x20000000, Size: 0x00000460, Max: 0x00020000, ABSOLUTE)

    Base Addr    Size         Type   Attr      Idx    E Section Name        Object

    0x20000000   0x00000014   Data   RW          208    .data               stm32f4xx_it.o
    0x20000014   0x00000014   Data   RW          265    .data               system_stm32f4xx.o
    0x20000028   0x00000008   Data   RW          403    .data               uart_to_printf.o
    0x20000030   0x00000004   Data   RW          404    .data               uart_to_printf.o
    0x20000034   0x00000014   Data   RW          481    .data               stm32f4_discovery.o
    0x20000048   0x00000010   Data   RW          573    .data               stm32f4xx_rcc.o
    0x20000058   0x00000004   Data   RW         2169    .data               mc_w.l(errno.o)
    0x2000005c   0x00000004   PAD
    0x20000060   0x00000400   Zero   RW         1875    STACK               startup_stm32f4xx.o


==============================================================================

Image component sizes


      Code (inc. data)   RO Data    RW Data    ZI Data      Debug   Object Name

       430         26          0          0          0     248895   main.o
       208         68          0          0          0      15996   misc.o
        36          8        392          0       1024        908   startup_stm32f4xx.o
       252         26         36         20          0       4479   stm32f4_discovery.o
       224         18         72          0          0       4365   stm32f4xx_exti.o
       876        168         72          0          0       9979   stm32f4xx_gpio.o
       210         34          0         20          0       2624   stm32f4xx_it.o
       348         48         72         16          0      17919   stm32f4xx_rcc.o
       160         10         72          0          0        768   stm32f4xx_syscfg.o
      1560        234         72          0          0      13039   stm32f4xx_usart.o
       260         36          0         20          0     213613   system_stm32f4xx.o
       296         24          0         12          0       5409   uart_to_printf.o

    ----------------------------------------------------------------------
      4868        700        820         88       1024     537994   Object Totals
         0          0         32          0          0          0   (incl. Generated)
         8          0          0          0          0          0   (incl. Padding)

    ----------------------------------------------------------------------

      Code (inc. data)   RO Data    RW Data    ZI Data      Debug   Library Member Name

        28          0          0          0          0         68   _chval.o
       158          0          0          0          0         92   _strtoul.o
        26          0          0          0          0         80   atoi.o
         8          4        133          0          0         68   ctype_o.o
         0          0          0          0          0          0   entry.o
         0          0          0          0          0          0   entry10a.o
         0          0          0          0          0          0   entry11a.o
         8          4          0          0          0          0   entry2.o
         4          0          0          0          0          0   entry5.o
         0          0          0          0          0          0   entry7b.o
         0          0          0          0          0          0   entry8b.o
         8          4          0          0          0          0   entry9a.o
         8          4          0          4          0         68   errno.o
        30          0          0          0          0          0   handlers.o
        36          8          0          0          0         68   init.o
       372         16          0          0          0        180   printf1.o
       112          0          0          0          0         88   strtol.o
        44          0          0          0          0         80   uidiv.o

    ----------------------------------------------------------------------
       848         40        136          4          4        792   Library Totals
         6          0          3          0          4          0   (incl. Padding)

    ----------------------------------------------------------------------

      Code (inc. data)   RO Data    RW Data    ZI Data      Debug   Library Name

       842         40        133          4          0        792   mc_w.l

    ----------------------------------------------------------------------
       848         40        136          4          4        792   Library Totals

    ----------------------------------------------------------------------

==============================================================================


      Code (inc. data)   RO Data    RW Data    ZI Data      Debug   

      5716        740        956         92       1028     536394   Grand Totals
      5716        740        956         92       1028     536394   ELF Image Totals
      5716        740        956         92          0          0   ROM Totals

==============================================================================

    Total RO  Size (Code + RO Data)                 6672 (   6.52kB)
    Total RW  Size (RW Data + ZI Data)              1120 (   1.09kB)
    Total ROM Size (Code + RO Data + RW Data)       6764 (   6.61kB)

==============================================================================

