ARM Linker, 5.03 [Build 76] [MDK-ARM Professional]

==============================================================================

Section Cross References

    main.o(i.Delay) refers to main.o(.data) for .data
    main.o(i.Init_System) refers to uart_to_printf.o(i.UART_Configuration) for UART_Configuration
    main.o(i.Init_System) refers to printfa.o(i.__0printf) for __2printf
    main.o(i.Init_System) refers to puts.o(i.puts) for puts
    main.o(i.Init_System) refers to stm32f4_discovery.o(i.STM_EVAL_PBInit) for STM_EVAL_PBInit
    main.o(i.Init_System) refers to stm32f4_discovery.o(i.STM_EVAL_LEDInit) for STM_EVAL_LEDInit
    main.o(i.Init_System) refers to i2c.o(i.init_I2C1) for init_I2C1
    main.o(i.Motor_Speed_PID) refers to mpu_6050.o(i.Get_Accel_Values) for Get_Accel_Values
    main.o(i.Motor_Speed_PID) refers to mpu_6050.o(i.Get_Accel_Angles) for Get_Accel_Angles
    main.o(i.Motor_Speed_PID) refers to mpu_6050.o(i.Get_GYRO_RATE) for Get_GYRO_RATE
    main.o(i.Motor_Speed_PID) refers to dflti.o(.text) for __aeabi_i2d
    main.o(i.Motor_Speed_PID) refers to ddiv.o(.text) for __aeabi_ddiv
    main.o(i.Motor_Speed_PID) refers to d2f.o(.text) for __aeabi_d2f
    main.o(i.Motor_Speed_PID) refers to kalman.o(i.Kalman) for Kalman
    main.o(i.Motor_Speed_PID) refers to fmul.o(.text) for __aeabi_fmul
    main.o(i.Motor_Speed_PID) refers to ffltui.o(.text) for __aeabi_ui2f
    main.o(i.Motor_Speed_PID) refers to fadd.o(.text) for __aeabi_fsub
    main.o(i.Motor_Speed_PID) refers to fdiv.o(.text) for __aeabi_fdiv
    main.o(i.Motor_Speed_PID) refers to ffixi.o(.text) for __aeabi_f2iz
    main.o(i.Motor_Speed_PID) refers to stm32f4_discovery.o(i.STM_EVAL_LEDOff) for STM_EVAL_LEDOff
    main.o(i.Motor_Speed_PID) refers to stm32f4_discovery.o(i.STM_EVAL_LEDOn) for STM_EVAL_LEDOn
    main.o(i.Motor_Speed_PID) refers to main.o(i.Set_PWM) for Set_PWM
    main.o(i.Motor_Speed_PID) refers to f2d.o(.text) for __aeabi_f2d
    main.o(i.Motor_Speed_PID) refers to printfa.o(i.__0printf) for __2printf
    main.o(i.Motor_Speed_PID) refers to mpu_6050.o(.data) for GYRO_XRATE
    main.o(i.Motor_Speed_PID) refers to main.o(.data) for .data
    main.o(i.Set_PWM) refers to stm32f4xx_gpio.o(i.GPIO_ReadOutputDataBit) for GPIO_ReadOutputDataBit
    main.o(i.Set_PWM) refers to stm32f4xx_tim.o(i.TIM_SetCompare1) for TIM_SetCompare1
    main.o(i.Set_PWM) refers to stm32f4xx_tim.o(i.TIM_SetCompare2) for TIM_SetCompare2
    main.o(i.main) refers to main.o(i.Init_System) for Init_System
    main.o(i.main) refers to stm32f4_discovery.o(i.STM_EVAL_LEDOn) for STM_EVAL_LEDOn
    stm32f4xx_it.o(i.EXTI0_IRQHandler) refers to stm32f4xx_exti.o(i.EXTI_ClearITPendingBit) for EXTI_ClearITPendingBit
    stm32f4xx_it.o(i.SysTick_Handler) refers to main.o(i.Motor_Speed_PID) for Motor_Speed_PID
    stm32f4xx_it.o(i.SysTick_Handler) refers to main.o(.data) for Set_Point
    stm32f4xx_it.o(i.USART2_IRQHandler) refers to stm32f4xx_usart.o(i.USART_GetITStatus) for USART_GetITStatus
    stm32f4xx_it.o(i.USART2_IRQHandler) refers to stm32f4xx_usart.o(i.USART_ReceiveData) for USART_ReceiveData
    stm32f4xx_it.o(i.USART2_IRQHandler) refers to atoi.o(.text) for atoi
    stm32f4xx_it.o(i.USART2_IRQHandler) refers to printfa.o(i.__0printf) for __2printf
    stm32f4xx_it.o(i.USART2_IRQHandler) refers to stm32f4xx_usart.o(i.USART_ClearFlag) for USART_ClearFlag
    stm32f4xx_it.o(i.USART2_IRQHandler) refers to stm32f4xx_it.o(.data) for .data
    stm32f4xx_it.o(i.USART2_IRQHandler) refers to main.o(.data) for Set_Point
    system_stm32f4xx.o(i.SystemCoreClockUpdate) refers to system_stm32f4xx.o(.data) for .data
    system_stm32f4xx.o(i.SystemInit) refers to system_stm32f4xx.o(i.SetSysClock) for SetSysClock
    exit_config.o(i.Econder_1_Config) refers to stm32f4xx_rcc.o(i.RCC_AHB1PeriphClockCmd) for RCC_AHB1PeriphClockCmd
    exit_config.o(i.Econder_1_Config) refers to stm32f4xx_rcc.o(i.RCC_APB2PeriphClockCmd) for RCC_APB2PeriphClockCmd
    exit_config.o(i.Econder_1_Config) refers to stm32f4xx_gpio.o(i.GPIO_Init) for GPIO_Init
    exit_config.o(i.Econder_1_Config) refers to stm32f4xx_syscfg.o(i.SYSCFG_EXTILineConfig) for SYSCFG_EXTILineConfig
    exit_config.o(i.Econder_1_Config) refers to stm32f4xx_exti.o(i.EXTI_Init) for EXTI_Init
    exit_config.o(i.Econder_1_Config) refers to misc.o(i.NVIC_Init) for NVIC_Init
    exit_config.o(i.Econder_1_Config) refers to exit_config.o(.data) for .data
    exit_config.o(i.Econder_1_Config) refers to stm32f4_discovery.o(.data) for NVIC_InitStructure
    exit_config.o(i.Econder_2_Config) refers to stm32f4xx_rcc.o(i.RCC_AHB1PeriphClockCmd) for RCC_AHB1PeriphClockCmd
    exit_config.o(i.Econder_2_Config) refers to stm32f4xx_rcc.o(i.RCC_APB2PeriphClockCmd) for RCC_APB2PeriphClockCmd
    exit_config.o(i.Econder_2_Config) refers to stm32f4xx_gpio.o(i.GPIO_Init) for GPIO_Init
[...]
    Removing stm32f4xx_exti.o(.emb_text), (8 bytes).
    Removing stm32f4xx_exti.o(i.EXTI_ClearFlag), (32 bytes).
    Removing stm32f4xx_exti.o(i.EXTI_DeInit), (36 bytes).
    Removing stm32f4xx_exti.o(i.EXTI_GenerateSWInterrupt), (36 bytes).
    Removing stm32f4xx_exti.o(i.EXTI_GetFlagStatus), (160 bytes).
    Removing stm32f4xx_exti.o(i.EXTI_GetITStatus), (172 bytes).
    Removing stm32f4xx_exti.o(i.EXTI_StructInit), (14 bytes).
    Removing stm32f4xx_tim.o(.emb_text), (8 bytes).
    Removing stm32f4xx_tim.o(i.TI1_Config), (46 bytes).
    Removing stm32f4xx_tim.o(i.TI2_Config), (54 bytes).
    Removing stm32f4xx_tim.o(i.TIM_ARRPreloadConfig), (192 bytes).
    Removing stm32f4xx_tim.o(i.TIM_BDTRConfig), (204 bytes).
    Removing stm32f4xx_tim.o(i.TIM_BDTRStructInit), (18 bytes).
    Removing stm32f4xx_tim.o(i.TIM_CCPreloadControl), (76 bytes).
    Removing stm32f4xx_tim.o(i.TIM_CCxCmd), (200 bytes).
    Removing stm32f4xx_tim.o(i.TIM_CCxNCmd), (100 bytes).
    Removing stm32f4xx_tim.o(i.TIM_ClearFlag), (164 bytes).
    Removing stm32f4xx_tim.o(i.TIM_ClearITPendingBit), (164 bytes).
    Removing stm32f4xx_tim.o(i.TIM_ClearOC1Ref), (164 bytes).
    Removing stm32f4xx_tim.o(i.TIM_ClearOC2Ref), (132 bytes).
    Removing stm32f4xx_tim.o(i.TIM_ClearOC3Ref), (104 bytes).
    Removing stm32f4xx_tim.o(i.TIM_ClearOC4Ref), (112 bytes).
    Removing stm32f4xx_tim.o(i.TIM_Cmd), (192 bytes).
    Removing stm32f4xx_tim.o(i.TIM_CounterModeConfig), (116 bytes).
    Removing stm32f4xx_tim.o(i.TIM_CtrlPWMOutputs), (80 bytes).
    Removing stm32f4xx_tim.o(i.TIM_DMACmd), (148 bytes).
    Removing stm32f4xx_tim.o(i.TIM_DMAConfig), (288 bytes).
    Removing stm32f4xx_tim.o(i.TIM_DeInit), (420 bytes).
    Removing stm32f4xx_tim.o(i.TIM_ETRClockMode1Config), (168 bytes).
    Removing stm32f4xx_tim.o(i.TIM_ETRClockMode2Config), (168 bytes).
    Removing stm32f4xx_tim.o(i.TIM_ETRConfig), (168 bytes).
    Removing stm32f4xx_tim.o(i.TIM_EncoderInterfaceConfig), (216 bytes).
    Removing stm32f4xx_tim.o(i.TIM_ForcedOC1Config), (168 bytes).
    Removing stm32f4xx_tim.o(i.TIM_ForcedOC2Config), (136 bytes).
    Removing stm32f4xx_tim.o(i.TIM_ForcedOC3Config), (108 bytes).
    Removing stm32f4xx_tim.o(i.TIM_ForcedOC4Config), (116 bytes).
    Removing stm32f4xx_tim.o(i.TIM_GenerateEvent), (176 bytes).
    Removing stm32f4xx_tim.o(i.TIM_GetCapture1), (140 bytes).
    Removing stm32f4xx_tim.o(i.TIM_GetCapture2), (100 bytes).
    Removing stm32f4xx_tim.o(i.TIM_GetCapture3), (80 bytes).
    Removing stm32f4xx_tim.o(i.TIM_GetCapture4), (80 bytes).
    Removing stm32f4xx_tim.o(i.TIM_GetCounter), (160 bytes).
    Removing stm32f4xx_tim.o(i.TIM_GetFlagStatus), (236 bytes).
    Removing stm32f4xx_tim.o(i.TIM_GetITStatus), (220 bytes).
    Removing stm32f4xx_tim.o(i.TIM_GetPrescaler), (160 bytes).
    Removing stm32f4xx_tim.o(i.TIM_ICInit), (540 bytes).
    Removing stm32f4xx_tim.o(i.TIM_ICStructInit), (16 bytes).
    Removing stm32f4xx_tim.o(i.TIM_ITConfig), (204 bytes).
    Removing stm32f4xx_tim.o(i.TIM_ITRxExternalClockConfig), (140 bytes).
    Removing stm32f4xx_tim.o(i.TIM_InternalClockConfig), (104 bytes).
    Removing stm32f4xx_tim.o(i.TIM_OC1FastConfig), (164 bytes).
    Removing stm32f4xx_tim.o(i.TIM_OC1Init), (376 bytes).
    Removing stm32f4xx_tim.o(i.TIM_OC1NPolarityConfig), (68 bytes).
    Removing stm32f4xx_tim.o(i.TIM_OC1PolarityConfig), (164 bytes).
    Removing stm32f4xx_tim.o(i.TIM_OC1PreloadConfig), (164 bytes).
    Removing stm32f4xx_tim.o(i.TIM_OC2FastConfig), (132 bytes).
    Removing stm32f4xx_tim.o(i.TIM_OC2Init), (368 bytes).
    Removing stm32f4xx_tim.o(i.TIM_OC2NPolarityConfig), (76 bytes).
    Removing stm32f4xx_tim.o(i.TIM_OC2PolarityConfig), (132 bytes).
    Removing stm32f4xx_tim.o(i.TIM_OC2PreloadConfig), (132 bytes).
    Removing stm32f4xx_tim.o(i.TIM_OC3FastConfig), (104 bytes).
    Removing stm32f4xx_tim.o(i.TIM_OC3Init), (344 bytes).
    Removing stm32f4xx_tim.o(i.TIM_OC3NPolarityConfig), (76 bytes).
    Removing stm32f4xx_tim.o(i.TIM_OC3PolarityConfig), (112 bytes).
    Removing stm32f4xx_tim.o(i.TIM_OC3PreloadConfig), (104 bytes).
    Removing stm32f4xx_tim.o(i.TIM_OC4FastConfig), (112 bytes).
    Removing stm32f4xx_tim.o(i.TIM_OC4Init), (260 bytes).
    Removing stm32f4xx_tim.o(i.TIM_OC4PolarityConfig), (112 bytes).
    Removing stm32f4xx_tim.o(i.TIM_OC4PreloadConfig), (112 bytes).
    Removing stm32f4xx_tim.o(i.TIM_OCStructInit), (20 bytes).
    Removing stm32f4xx_tim.o(i.TIM_PWMIConfig), (200 bytes).
    Removing stm32f4xx_tim.o(i.TIM_PrescalerConfig), (180 bytes).
    Removing stm32f4xx_tim.o(i.TIM_RemapConfig), (100 bytes).
    Removing stm32f4xx_tim.o(i.TIM_SelectCCDMA), (112 bytes).
    Removing stm32f4xx_tim.o(i.TIM_SelectCOM), (76 bytes).
    Removing stm32f4xx_tim.o(i.TIM_SelectHallSensor), (132 bytes).
    Removing stm32f4xx_tim.o(i.TIM_SelectInputTrigger), (188 bytes).
    Removing stm32f4xx_tim.o(i.TIM_SelectMasterSlaveMode), (128 bytes).
    Removing stm32f4xx_tim.o(i.TIM_SelectOCxM), (276 bytes).
    Removing stm32f4xx_tim.o(i.TIM_SelectOnePulseMode), (188 bytes).
    Removing stm32f4xx_tim.o(i.TIM_SelectOutputTrigger), (152 bytes).
    Removing stm32f4xx_tim.o(i.TIM_SelectSlaveMode), (140 bytes).
    Removing stm32f4xx_tim.o(i.TIM_SetAutoreload), (160 bytes).
    Removing stm32f4xx_tim.o(i.TIM_SetClockDivision), (176 bytes).
    Removing stm32f4xx_tim.o(i.TIM_SetCompare3), (80 bytes).
    Removing stm32f4xx_tim.o(i.TIM_SetCompare4), (80 bytes).
    Removing stm32f4xx_tim.o(i.TIM_SetCounter), (160 bytes).
    Removing stm32f4xx_tim.o(i.TIM_SetIC1Prescaler), (176 bytes).
    Removing stm32f4xx_tim.o(i.TIM_SetIC2Prescaler), (144 bytes).
    Removing stm32f4xx_tim.o(i.TIM_SetIC3Prescaler), (116 bytes).
    Removing stm32f4xx_tim.o(i.TIM_SetIC4Prescaler), (124 bytes).
    Removing stm32f4xx_tim.o(i.TIM_TIxExternalClockConfig), (220 bytes).
    Removing stm32f4xx_tim.o(i.TIM_TimeBaseInit), (304 bytes).
    Removing stm32f4xx_tim.o(i.TIM_TimeBaseStructInit), (18 bytes).
    Removing stm32f4xx_tim.o(i.TIM_UpdateDisableConfig), (192 bytes).
    Removing stm32f4xx_tim.o(i.TIM_UpdateRequestConfig), (192 bytes).
    Removing stm32f4xx_usart.o(.emb_text), (8 bytes).
    Removing stm32f4xx_usart.o(i.USART_ClearITPendingBit), (164 bytes).
    Removing stm32f4xx_usart.o(i.USART_ClockInit), (168 bytes).
    Removing stm32f4xx_usart.o(i.USART_ClockStructInit), (12 bytes).
    Removing stm32f4xx_usart.o(i.USART_DMACmd), (132 bytes).
    Removing stm32f4xx_usart.o(i.USART_DeInit), (176 bytes).
    Removing stm32f4xx_usart.o(i.USART_HalfDuplexCmd), (116 bytes).
    Removing stm32f4xx_usart.o(i.USART_IrDACmd), (116 bytes).
    Removing stm32f4xx_usart.o(i.USART_IrDAConfig), (112 bytes).
    Removing stm32f4xx_usart.o(i.USART_LINBreakDetectLengthConfig), (112 bytes).
    Removing stm32f4xx_usart.o(i.USART_LINCmd), (116 bytes).
    Removing stm32f4xx_usart.o(i.USART_OneBitMethodCmd), (116 bytes).
    Removing stm32f4xx_usart.o(i.USART_OverSampling8Cmd), (116 bytes).
    Removing stm32f4xx_usart.o(i.USART_ReceiverWakeUpCmd), (116 bytes).
    Removing stm32f4xx_usart.o(i.USART_SendBreak), (88 bytes).
    Removing stm32f4xx_usart.o(i.USART_SetAddress), (112 bytes).
    Removing stm32f4xx_usart.o(i.USART_SetGuardTime), (76 bytes).
    Removing stm32f4xx_usart.o(i.USART_SetPrescaler), (96 bytes).
    Removing stm32f4xx_usart.o(i.USART_SmartCardCmd), (96 bytes).
    Removing stm32f4xx_usart.o(i.USART_SmartCardNACKCmd), (96 bytes).
    Removing stm32f4xx_usart.o(i.USART_StructInit), (22 bytes).
    Removing stm32f4xx_usart.o(i.USART_WakeUpConfig), (116 bytes).
    Removing stm32f4xx_i2c.o(.emb_text), (8 bytes).
    Removing stm32f4xx_i2c.o(i.I2C_ARPCmd), (84 bytes).
    Removing stm32f4xx_i2c.o(i.I2C_CalculatePEC), (84 bytes).
    Removing stm32f4xx_i2c.o(i.I2C_ClearFlag), (76 bytes).
    Removing stm32f4xx_i2c.o(i.I2C_ClearITPendingBit), (76 bytes).
    Removing stm32f4xx_i2c.o(i.I2C_DMACmd), (84 bytes).
    Removing stm32f4xx_i2c.o(i.I2C_DMALastTransferCmd), (84 bytes).
    Removing stm32f4xx_i2c.o(i.I2C_DeInit), (84 bytes).
    Removing stm32f4xx_i2c.o(i.I2C_DualAddressCmd), (84 bytes).
    Removing stm32f4xx_i2c.o(i.I2C_FastModeDutyCycleConfig), (92 bytes).
    Removing stm32f4xx_i2c.o(i.I2C_GeneralCallCmd), (84 bytes).
    Removing stm32f4xx_i2c.o(i.I2C_GetITStatus), (200 bytes).
    Removing stm32f4xx_i2c.o(i.I2C_GetLastEvent), (64 bytes).
    Removing stm32f4xx_i2c.o(i.I2C_GetPEC), (56 bytes).
    Removing stm32f4xx_i2c.o(i.I2C_ITConfig), (100 bytes).
    Removing stm32f4xx_i2c.o(i.I2C_NACKPositionConfig), (92 bytes).
    Removing stm32f4xx_i2c.o(i.I2C_OwnAddress2Config), (68 bytes).
    Removing stm32f4xx_i2c.o(i.I2C_PECPositionConfig), (92 bytes).
    Removing stm32f4xx_i2c.o(i.I2C_ReadRegister), (108 bytes).
    Removing stm32f4xx_i2c.o(i.I2C_SMBusAlertConfig), (92 bytes).
    Removing stm32f4xx_i2c.o(i.I2C_SoftwareResetCmd), (84 bytes).
    Removing stm32f4xx_i2c.o(i.I2C_StretchClockCmd), (84 bytes).
    Removing stm32f4xx_i2c.o(i.I2C_StructInit), (28 bytes).
    Removing stm32f4xx_i2c.o(i.I2C_TransmitPEC), (84 bytes).
    Removing startup_stm32f4xx.o(HEAP), (512 bytes).
    Removing cdcmple.o(.text), (40 bytes).

278 unused section(s) (total 26239 bytes) removed from the image.

==============================================================================

Image Symbol Table

    Local Symbols

    Symbol Name                              Value     Ov Type        Size  Object(Section)

    ../clib/microlib/ctype/ctype.c           0x00000000   Number         0  isgraph_o.o ABSOLUTE
    ../clib/microlib/ctype/ctype.c           0x00000000   Number         0  isalnum_o.o ABSOLUTE
    ../clib/microlib/ctype/ctype.c           0x00000000   Number         0  isupper_o.o ABSOLUTE
    ../clib/microlib/ctype/ctype.c           0x00000000   Number         0  isxdigit_o.o ABSOLUTE
    ../clib/microlib/ctype/ctype.c           0x00000000   Number         0  islower_o.o ABSOLUTE
    ../clib/microlib/ctype/ctype.c           0x00000000   Number         0  isblank_o.o ABSOLUTE
    ../clib/microlib/ctype/ctype.c           0x00000000   Number         0  isdigit_o.o ABSOLUTE
    ../clib/microlib/ctype/ctype.c           0x00000000   Number         0  iscntrl_o.o ABSOLUTE
    ../clib/microlib/ctype/ctype.c           0x00000000   Number         0  isprint_o.o ABSOLUTE
    ../clib/microlib/ctype/ctype.c           0x00000000   Number         0  ispunct_o.o ABSOLUTE
    ../clib/microlib/ctype/ctype.c           0x00000000   Number         0  isalpha_o.o ABSOLUTE
    ../clib/microlib/ctype/ctype.c           0x00000000   Number         0  ctype_o.o ABSOLUTE
    ../clib/microlib/ctype/ctype.c           0x00000000   Number         0  isspace_o.o ABSOLUTE
    ../clib/microlib/division.c              0x00000000   Number         0  uldiv.o ABSOLUTE
    ../clib/microlib/division.c              0x00000000   Number         0  uidiv.o ABSOLUTE
    ../clib/microlib/errno.c                 0x00000000   Number         0  errno.o ABSOLUTE
    ../clib/microlib/init/entry.s            0x00000000   Number         0  entry9b.o ABSOLUTE
    ../clib/microlib/init/entry.s            0x00000000   Number         0  entry10b.o ABSOLUTE
    ../clib/microlib/init/entry.s            0x00000000   Number         0  entry5.o ABSOLUTE
    ../clib/microlib/init/entry.s            0x00000000   Number         0  entry7a.o ABSOLUTE
    ../clib/microlib/init/entry.s            0x00000000   Number         0  entry11b.o ABSOLUTE
    ../clib/microlib/init/entry.s            0x00000000   Number         0  entry7b.o ABSOLUTE
    ../clib/microlib/init/entry.s            0x00000000   Number         0  entry8a.o ABSOLUTE
    ../clib/microlib/init/entry.s            0x00000000   Number         0  entry.o ABSOLUTE
    ../clib/microlib/init/entry.s            0x00000000   Number         0  entry11a.o ABSOLUTE
    ../clib/microlib/init/entry.s            0x00000000   Number         0  entry2.o ABSOLUTE
    ../clib/microlib/init/entry.s            0x00000000   Number         0  entry8b.o ABSOLUTE
    ../clib/microlib/init/entry.s            0x00000000   Number         0  entry9a.o ABSOLUTE
    ../clib/microlib/init/entry.s            0x00000000   Number         0  entry10a.o ABSOLUTE
    ../clib/microlib/longlong.c              0x00000000   Number         0  llshl.o ABSOLUTE
    ../clib/microlib/longlong.c              0x00000000   Number         0  llushr.o ABSOLUTE
    ../clib/microlib/longlong.c              0x00000000   Number         0  llsshr.o ABSOLUTE
    ../clib/microlib/printf/printf.c         0x00000000   Number         0  printf5.o ABSOLUTE
    ../clib/microlib/printf/printf.c         0x00000000   Number         0  printf8.o ABSOLUTE
    ../clib/microlib/printf/printf.c         0x00000000   Number         0  printf6.o ABSOLUTE
    ../clib/microlib/printf/printf.c         0x00000000   Number         0  printfb.o ABSOLUTE
    ../clib/microlib/printf/printf.c         0x00000000   Number         0  printf7.o ABSOLUTE
    ../clib/microlib/printf/printf.c         0x00000000   Number         0  printf4.o ABSOLUTE
    ../clib/microlib/printf/printf.c         0x00000000   Number         0  printf3.o ABSOLUTE
    ../clib/microlib/printf/printf.c         0x00000000   Number         0  printf0.o ABSOLUTE
    ../clib/microlib/printf/printf.c         0x00000000   Number         0  printf2.o ABSOLUTE
    ../clib/microlib/printf/printf.c         0x00000000   Number         0  printf1.o ABSOLUTE
    ../clib/microlib/printf/printf.c         0x00000000   Number         0  printfa.o ABSOLUTE
    ../clib/microlib/printf/stubs.s          0x00000000   Number         0  stubs.o ABSOLUTE
    ../clib/microlib/stdio/puts.c            0x00000000   Number         0  puts_e.o ABSOLUTE
    ../clib/microlib/stdio/puts.c            0x00000000   Number         0  puts.o ABSOLUTE
    ../clib/microlib/stubs.s                 0x00000000   Number         0  iusefp.o ABSOLUTE
    ../clib/microlib/stubs.s                 0x00000000   Number         0  useno.o ABSOLUTE
    ../clib/scanf.c                          0x00000000   Number         0  atoi.o ABSOLUTE
    ../clib/scanf.c                          0x00000000   Number         0  strtol.o ABSOLUTE
    ../clib/scanf.c                          0x00000000   Number         0  _strtoul.o ABSOLUTE
    ../clib/scanf.c                          0x00000000   Number         0  _chval.o ABSOLUTE
    ../fplib/microlib/d2f.c                  0x00000000   Number         0  d2f.o ABSOLUTE
    ../fplib/microlib/f2d.c                  0x00000000   Number         0  f2d.o ABSOLUTE
    ../fplib/microlib/fpadd.c                0x00000000   Number         0  dadd.o ABSOLUTE
    ../fplib/microlib/fpadd.c                0x00000000   Number         0  fadd.o ABSOLUTE
    ../fplib/microlib/fpdiv.c                0x00000000   Number         0  ddiv.o ABSOLUTE
    ../fplib/microlib/fpdiv.c                0x00000000   Number         0  fdiv.o ABSOLUTE
    ../fplib/microlib/fpepilogue.c           0x00000000   Number         0  depilogue.o ABSOLUTE
    ../fplib/microlib/fpepilogue.c           0x00000000   Number         0  fepilogue.o ABSOLUTE
    ../fplib/microlib/fpfix.c                0x00000000   Number         0  ffixi.o ABSOLUTE
    ../fplib/microlib/fpfix.c                0x00000000   Number         0  dfixul.o ABSOLUTE
    ../fplib/microlib/fpflt.c                0x00000000   Number         0  ffltui.o ABSOLUTE
    ../fplib/microlib/fpflt.c                0x00000000   Number         0  fflti.o ABSOLUTE
    ../fplib/microlib/fpflt.c                0x00000000   Number         0  dflti.o ABSOLUTE
    ../fplib/microlib/fpmul.c                0x00000000   Number         0  dmul.o ABSOLUTE
    ../fplib/microlib/fpmul.c                0x00000000   Number         0  fmul.o ABSOLUTE
    ../fplib/microlib/fpscalb.c              0x00000000   Number         0  dscalb.o ABSOLUTE
    ../fplib/microlib/fpsqrt.c               0x00000000   Number         0  dsqrt.o ABSOLUTE
    ../mathlib/atan.c                        0x00000000   Number         0  atan_x.o ABSOLUTE
    ../mathlib/atan.c                        0x00000000   Number         0  atan.o ABSOLUTE
    ../mathlib/dunder.c                      0x00000000   Number         0  dunder.o ABSOLUTE
    ../mathlib/fpclassify.c                  0x00000000   Number         0  fpclassify.o ABSOLUTE
    ../mathlib/poly.c                        0x00000000   Number         0  poly.o ABSOLUTE
    ../mathlib/pow.c                         0x00000000   Number         0  pow_x.o ABSOLUTE
    ../mathlib/pow.c                         0x00000000   Number         0  pow.o ABSOLUTE
    ../mathlib/qnan.c                        0x00000000   Number         0  qnan.o ABSOLUTE
    ../mathlib/sqrt.c                        0x00000000   Number         0  sqrt.o ABSOLUTE
    ../mathlib/sqrt.c                        0x00000000   Number         0  sqrt_x.o ABSOLUTE
    ..\..\..\..\Libraries\CMSIS\ST\STM32F4xx\Source\Templates\arm\startup_stm32f4xx.s 0x00000000   Number         0  startup_stm32f4xx.o ABSOLUTE
    ..\..\..\..\Libraries\STM32F4xx_StdPeriph_Driver\src\misc.c 0x00000000   Number         0  misc.o ABSOLUTE
    ..\..\..\..\Libraries\STM32F4xx_StdPeriph_Driver\src\stm32f4xx_exti.c 0x00000000   Number         0  stm32f4xx_exti.o ABSOLUTE
    ..\..\..\..\Libraries\STM32F4xx_StdPeriph_Driver\src\stm32f4xx_gpio.c 0x00000000   Number         0  stm32f4xx_gpio.o ABSOLUTE
    ..\..\..\..\Libraries\STM32F4xx_StdPeriph_Driver\src\stm32f4xx_i2c.c 0x00000000   Number         0  stm32f4xx_i2c.o ABSOLUTE
    ..\..\..\..\Libraries\STM32F4xx_StdPeriph_Driver\src\stm32f4xx_rcc.c 0x00000000   Number         0  stm32f4xx_rcc.o ABSOLUTE
    ..\..\..\..\Libraries\STM32F4xx_StdPeriph_Driver\src\stm32f4xx_syscfg.c 0x00000000   Number         0  stm32f4xx_syscfg.o ABSOLUTE
    ..\..\..\..\Libraries\STM32F4xx_StdPeriph_Driver\src\stm32f4xx_tim.c 0x00000000   Number         0  stm32f4xx_tim.o ABSOLUTE
    ..\..\..\..\Libraries\STM32F4xx_StdPeriph_Driver\src\stm32f4xx_usart.c 0x00000000   Number         0  stm32f4xx_usart.o ABSOLUTE
    ..\..\..\..\Utilities\STM32F4-Discovery\stm32f4_discovery.c 0x00000000   Number         0  stm32f4_discovery.o ABSOLUTE
    ..\Control_PWM.c                         0x00000000   Number         0  control_pwm.o ABSOLUTE
    ..\EXIT_Config.c                         0x00000000   Number         0  exit_config.o ABSOLUTE
    ..\Encoder_Interface.c                   0x00000000   Number         0  encoder_interface.o ABSOLUTE
    ..\GPIO_Config.c                         0x00000000   Number         0  gpio_config.o ABSOLUTE
    ..\Kalman.c                              0x00000000   Number         0  kalman.o ABSOLUTE
    ..\MPU_6050.c                            0x00000000   Number         0  mpu_6050.o ABSOLUTE
    ..\\..\\..\\..\\Libraries\\STM32F4xx_StdPeriph_Driver\\src\\misc.c 0x00000000   Number         0  misc.o ABSOLUTE
    ..\\..\\..\\..\\Libraries\\STM32F4xx_StdPeriph_Driver\\src\\stm32f4xx_exti.c 0x00000000   Number         0  stm32f4xx_exti.o ABSOLUTE
    ..\\..\\..\\..\\Libraries\\STM32F4xx_StdPeriph_Driver\\src\\stm32f4xx_gpio.c 0x00000000   Number         0  stm32f4xx_gpio.o ABSOLUTE
    ..\\..\\..\\..\\Libraries\\STM32F4xx_StdPeriph_Driver\\src\\stm32f4xx_i2c.c 0x00000000   Number         0  stm32f4xx_i2c.o ABSOLUTE
    ..\\..\\..\\..\\Libraries\\STM32F4xx_StdPeriph_Driver\\src\\stm32f4xx_rcc.c 0x00000000   Number         0  stm32f4xx_rcc.o ABSOLUTE
    ..\\..\\..\\..\\Libraries\\STM32F4xx_StdPeriph_Driver\\src\\stm32f4xx_syscfg.c 0x00000000   Number         0  stm32f4xx_syscfg.o ABSOLUTE
    ..\\..\\..\\..\\Libraries\\STM32F4xx_StdPeriph_Driver\\src\\stm32f4xx_tim.c 0x00000000   Number         0  stm32f4xx_tim.o ABSOLUTE
    ..\\..\\..\\..\\Libraries\\STM32F4xx_StdPeriph_Driver\\src\\stm32f4xx_usart.c 0x00000000   Number         0  stm32f4xx_usart.o ABSOLUTE
    ..\\..\\..\\..\\Utilities\\STM32F4-Discovery\\stm32f4_discovery.c 0x00000000   Number         0  stm32f4_discovery.o ABSOLUTE
    ..\\Control_PWM.c                        0x00000000   Number         0  control_pwm.o ABSOLUTE
    ..\\EXIT_Config.c                        0x00000000   Number         0  exit_config.o ABSOLUTE
    ..\\Encoder_Interface.c                  0x00000000   Number         0  encoder_interface.o ABSOLUTE
    ..\\GPIO_Config.c                        0x00000000   Number         0  gpio_config.o ABSOLUTE
    ..\\MPU_6050.c                           0x00000000   Number         0  mpu_6050.o ABSOLUTE
    ..\\i2c.c                                0x00000000   Number         0  i2c.o ABSOLUTE
    ..\\main.c                               0x00000000   Number         0  main.o ABSOLUTE
    ..\\stm32f4xx_it.c                       0x00000000   Number         0  stm32f4xx_it.o ABSOLUTE
    ..\\system_stm32f4xx.c                   0x00000000   Number         0  system_stm32f4xx.o ABSOLUTE
    ..\\uart_to_printf.c                     0x00000000   Number         0  uart_to_printf.o ABSOLUTE
    ..\i2c.c                                 0x00000000   Number         0  i2c.o ABSOLUTE
    ..\main.c                                0x00000000   Number         0  main.o ABSOLUTE
    ..\stm32f4xx_it.c                        0x00000000   Number         0  stm32f4xx_it.o ABSOLUTE
    ..\system_stm32f4xx.c                    0x00000000   Number         0  system_stm32f4xx.o ABSOLUTE
    ..\uart_to_printf.c                      0x00000000   Number         0  uart_to_printf.o ABSOLUTE
    cdcmple.s                                0x00000000   Number         0  cdcmple.o ABSOLUTE
    cdrcmple.s                               0x00000000   Number         0  cdrcmple.o ABSOLUTE
    dc.s                                     0x00000000   Number         0  dc.o ABSOLUTE
    handlers.s                               0x00000000   Number         0  handlers.o ABSOLUTE
    init.s                                   0x00000000   Number         0  init.o ABSOLUTE
    RESET                                    0x08000000   Section      392  startup_stm32f4xx.o(RESET)
    .ARM.Collect$$$$00000000                 0x08000188   Section        0  entry.o(.ARM.Collect$$$$00000000)
    .ARM.Collect$$$$00000001                 0x08000188   Section        4  entry2.o(.ARM.Collect$$$$00000001)
    .ARM.Collect$$$$00000004                 0x0800018c   Section        4  entry5.o(.ARM.Collect$$$$00000004)
    .ARM.Collect$$$$00000008                 0x08000190   Section        0  entry7b.o(.ARM.Collect$$$$00000008)
    .ARM.Collect$$$$0000000A                 0x08000190   Section        0  entry8b.o(.ARM.Collect$$$$0000000A)
    .ARM.Collect$$$$0000000B                 0x08000190   Section        8  entry9a.o(.ARM.Collect$$$$0000000B)
    .ARM.Collect$$$$0000000D                 0x08000198   Section        0  entry10a.o(.ARM.Collect$$$$0000000D)
    .ARM.Collect$$$$0000000F                 0x08000198   Section        0  entry11a.o(.ARM.Collect$$$$0000000F)
    .ARM.Collect$$$$00002712                 0x08000198   Section        4  entry2.o(.ARM.Collect$$$$00002712)
    __lit__00000000                          0x08000198   Data           4  entry2.o(.ARM.Collect$$$$00002712)
    .text                                    0x0800019c   Section       36  startup_stm32f4xx.o(.text)
    .text                                    0x080001c0   Section        0  atoi.o(.text)
    .text                                    0x080001da   Section        0  fadd.o(.text)
    .text                                    0x0800028a   Section        0  fmul.o(.text)
    .text                                    0x080002f6   Section        0  fdiv.o(.text)
    .text                                    0x08000376   Section        0  dadd.o(.text)
    .text                                    0x080004c4   Section        0  dmul.o(.text)
    .text                                    0x080005a8   Section        0  ddiv.o(.text)
    .text                                    0x08000686   Section        0  fflti.o(.text)
    .text                                    0x08000698   Section        0  ffltui.o(.text)
    .text                                    0x080006a2   Section        0  dflti.o(.text)
    .text                                    0x080006c4   Section        0  ffixi.o(.text)
    .text                                    0x080006f6   Section        0  f2d.o(.text)
    .text                                    0x0800071c   Section        0  d2f.o(.text)
    .text                                    0x08000754   Section        0  uidiv.o(.text)
    .text                                    0x08000780   Section        0  uldiv.o(.text)
    .text                                    0x080007e2   Section        0  llshl.o(.text)
    .text                                    0x08000800   Section        0  llsshr.o(.text)
    .text                                    0x08000824   Section        0  strtol.o(.text)
    .text                                    0x08000894   Section        0  fepilogue.o(.text)
    .text                                    0x08000894   Section        0  iusefp.o(.text)
    .text                                    0x08000900   Section        0  depilogue.o(.text)
    .text                                    0x080009be   Section        0  dscalb.o(.text)
    .text                                    0x080009ec   Section        0  dsqrt.o(.text)
    .text                                    0x08000a8e   Section        0  dfixul.o(.text)
    .text                                    0x08000ac0   Section       40  cdrcmple.o(.text)
    .text                                    0x08000ae8   Section       36  init.o(.text)
    .text                                    0x08000b0c   Section        0  llushr.o(.text)
    .text                                    0x08000b2c   Section        0  ctype_o.o(.text)
    .text                                    0x08000b34   Section        0  _strtoul.o(.text)
    .text                                    0x08000bd2   Section        0  _chval.o(.text)
    i.EXTI0_IRQHandler                       0x08000bee   Section        0  stm32f4xx_it.o(i.EXTI0_IRQHandler)
    i.EXTI_ClearITPendingBit                 0x08000bf4   Section        0  stm32f4xx_exti.o(i.EXTI_ClearITPendingBit)
    i.EXTI_Init                              0x08000c18   Section        0  stm32f4xx_exti.o(i.EXTI_Init)
    i.GPIO_Configuration                     0x08000cd4   Section        0  uart_to_printf.o(i.GPIO_Configuration)
    i.GPIO_Init                              0x08000d14   Section        0  stm32f4xx_gpio.o(i.GPIO_Init)
    i.GPIO_PinAFConfig                       0x08000e64   Section        0  stm32f4xx_gpio.o(i.GPIO_PinAFConfig)
    i.GPIO_ReadOutputDataBit                 0x08000f80   Section        0  stm32f4xx_gpio.o(i.GPIO_ReadOutputDataBit)
    i.GetData                                0x08001058   Section        0  mpu_6050.o(i.GetData)
    i.Get_Accel_Angles                       0x08001070   Section        0  mpu_6050.o(i.Get_Accel_Angles)
    i.Get_Accel_Values                       0x080011a8   Section        0  mpu_6050.o(i.Get_Accel_Values)
    i.Get_GYRO_RATE                          0x080011f8   Section        0  mpu_6050.o(i.Get_GYRO_RATE)
    i.I2C_AcknowledgeConfig                  0x0800121c   Section        0  stm32f4xx_i2c.o(i.I2C_AcknowledgeConfig)
    i.I2C_CheckEvent                         0x08001270   Section        0  stm32f4xx_i2c.o(i.I2C_CheckEvent)
    i.I2C_Cmd                                0x0800134c   Section        0  stm32f4xx_i2c.o(i.I2C_Cmd)
    i.I2C_GenerateSTART                      0x080013a0   Section        0  stm32f4xx_i2c.o(i.I2C_GenerateSTART)
    i.I2C_GenerateSTOP                       0x080013f4   Section        0  stm32f4xx_i2c.o(i.I2C_GenerateSTOP)
    i.I2C_GetFlagStatus                      0x08001448   Section        0  stm32f4xx_i2c.o(i.I2C_GetFlagStatus)
    i.I2C_Init                               0x08001544   Section        0  stm32f4xx_i2c.o(i.I2C_Init)
    i.I2C_ReceiveData                        0x0800169c   Section        0  stm32f4xx_i2c.o(i.I2C_ReceiveData)
    i.I2C_Send7bitAddress                    0x080016d4   Section        0  stm32f4xx_i2c.o(i.I2C_Send7bitAddress)
    i.I2C_SendData                           0x08001728   Section        0  stm32f4xx_i2c.o(i.I2C_SendData)
    i.I2C_read_nack                          0x08001760   Section        0  i2c.o(i.I2C_read_nack)
    i.I2C_start                              0x08001790   Section        0  i2c.o(i.I2C_start)
    i.I2C_stop                               0x080017fc   Section        0  i2c.o(i.I2C_stop)
    i.I2C_write                              0x08001804   Section        0  i2c.o(i.I2C_write)
    i.Init_System                            0x08001820   Section        0  main.o(i.Init_System)
    i.Kalman                                 0x08001898   Section        0  kalman.o(i.Kalman)
    i.Motor_Speed_PID                        0x080019b4   Section        0  main.o(i.Motor_Speed_PID)
    i.Mpu6050_Read                           0x08001b1c   Section        0  mpu_6050.o(i.Mpu6050_Read)
    i.NVIC_Configuration                     0x08001b54   Section        0  uart_to_printf.o(i.NVIC_Configuration)
    i.NVIC_Init                              0x08001b84   Section        0  misc.o(i.NVIC_Init)
    i.RCC_AHB1PeriphClockCmd                 0x08001c54   Section        0  stm32f4xx_rcc.o(i.RCC_AHB1PeriphClockCmd)
    i.RCC_APB1PeriphClockCmd                 0x08001c98   Section        0  stm32f4xx_rcc.o(i.RCC_APB1PeriphClockCmd)
    i.RCC_APB2PeriphClockCmd                 0x08001cdc   Section        0  stm32f4xx_rcc.o(i.RCC_APB2PeriphClockCmd)
    i.RCC_Configuration                      0x08001d20   Section        0  uart_to_printf.o(i.RCC_Configuration)
    i.RCC_GetClocksFreq                      0x08001d38   Section        0  stm32f4xx_rcc.o(i.RCC_GetClocksFreq)
    i.STM_EVAL_LEDInit                       0x08001dc8   Section        0  stm32f4_discovery.o(i.STM_EVAL_LEDInit)
    i.STM_EVAL_LEDOff                        0x08001e10   Section        0  stm32f4_discovery.o(i.STM_EVAL_LEDOff)
    i.STM_EVAL_LEDOn                         0x08001e28   Section        0  stm32f4_discovery.o(i.STM_EVAL_LEDOn)
    i.STM_EVAL_PBInit                        0x08001e40   Section        0  stm32f4_discovery.o(i.STM_EVAL_PBInit)
    i.SYSCFG_EXTILineConfig                  0x08001ed8   Section        0  stm32f4xx_syscfg.o(i.SYSCFG_EXTILineConfig)
    i.SetSysClock                            0x08001f78   Section        0  system_stm32f4xx.o(i.SetSysClock)
    SetSysClock                              0x08001f79   Thumb Code   162  system_stm32f4xx.o(i.SetSysClock)
    i.Set_PWM                                0x0800202c   Section        0  main.o(i.Set_PWM)
    i.SysTick_Handler                        0x0800207c   Section        0  stm32f4xx_it.o(i.SysTick_Handler)
    i.SystemInit                             0x08002088   Section        0  system_stm32f4xx.o(i.SystemInit)
    i.TIM_SetCompare1                        0x080020d8   Section        0  stm32f4xx_tim.o(i.TIM_SetCompare1)
    i.TIM_SetCompare2                        0x08002164   Section        0  stm32f4xx_tim.o(i.TIM_SetCompare2)
    i.UART_Configuration                     0x080021c8   Section        0  uart_to_printf.o(i.UART_Configuration)
    i.USART2_Configuration                   0x08002200   Section        0  uart_to_printf.o(i.USART2_Configuration)
    i.USART2_IRQHandler                      0x08002238   Section        0  stm32f4xx_it.o(i.USART2_IRQHandler)
    i.USART_ClearFlag                        0x080022b8   Section        0  stm32f4xx_usart.o(i.USART_ClearFlag)
    i.USART_Cmd                              0x08002348   Section        0  stm32f4xx_usart.o(i.USART_Cmd)
    i.USART_GetFlagStatus                    0x080023bc   Section        0  stm32f4xx_usart.o(i.USART_GetFlagStatus)
    i.USART_GetITStatus                      0x08002470   Section        0  stm32f4xx_usart.o(i.USART_GetITStatus)
    i.USART_ITConfig                         0x08002574   Section        0  stm32f4xx_usart.o(i.USART_ITConfig)
    i.USART_Init                             0x0800266c   Section        0  stm32f4xx_usart.o(i.USART_Init)
    i.USART_ReceiveData                      0x08002810   Section        0  stm32f4xx_usart.o(i.USART_ReceiveData)
    i.USART_SendData                         0x08002868   Section        0  stm32f4xx_usart.o(i.USART_SendData)
    i.__0printf                              0x080028d0   Section        0  printfa.o(i.__0printf)
    i.__ARM_fpclassify                       0x080028f0   Section        0  fpclassify.o(i.__ARM_fpclassify)
    i.__aeabi_errno_addr                     0x08002918   Section        0  errno.o(i.__aeabi_errno_addr)
    i.__kernel_poly                          0x08002920   Section        0  poly.o(i.__kernel_poly)
    i.__mathlib_dbl_underflow                0x080029cc   Section        0  dunder.o(i.__mathlib_dbl_underflow)
    i.__scatterload_copy                     0x080029dc   Section       14  handlers.o(i.__scatterload_copy)
    i.__scatterload_null                     0x080029ea   Section        2  handlers.o(i.__scatterload_null)
    i.__scatterload_zeroinit                 0x080029ec   Section       14  handlers.o(i.__scatterload_zeroinit)
    i.__set_errno                            0x080029fc   Section        0  errno.o(i.__set_errno)
    i._fp_digits                             0x08002a08   Section        0  printfa.o(i._fp_digits)
    _fp_digits                               0x08002a09   Thumb Code   326  printfa.o(i._fp_digits)
    i._printf_core                           0x08002b64   Section        0  printfa.o(i._printf_core)
    _printf_core                             0x08002b65   Thumb Code  1762  printfa.o(i._printf_core)
    i._printf_post_padding                   0x08003254   Section        0  printfa.o(i._printf_post_padding)
    _printf_post_padding                     0x08003255   Thumb Code    38  printfa.o(i._printf_post_padding)
    i._printf_pre_padding                    0x0800327a   Section        0  printfa.o(i._printf_pre_padding)
    _printf_pre_padding                      0x0800327b   Thumb Code    48  printfa.o(i._printf_pre_padding)
    i.assert_failed                          0x080032aa   Section        0  main.o(i.assert_failed)
    i.atan                                   0x080032ac   Section        0  atan.o(i.atan)
    i.fputc                                  0x080034d0   Section        0  uart_to_printf.o(i.fputc)
    i.init_I2C1                              0x08003520   Section        0  i2c.o(i.init_I2C1)
    i.main                                   0x080035b0   Section        0  main.o(i.main)
    i.pow                                    0x080035c4   Section        0  pow.o(i.pow)
    i.puts                                   0x08003fa4   Section        0  puts.o(i.puts)
    i.sqrt                                   0x08003fc8   Section        0  sqrt.o(i.sqrt)
    .constdata                               0x08004014   Section       36  stm32f4_discovery.o(.constdata)
    .constdata                               0x08004038   Section       72  stm32f4xx_rcc.o(.constdata)
    .constdata                               0x08004080   Section       72  stm32f4xx_gpio.o(.constdata)
    .constdata                               0x080040c8   Section       72  stm32f4xx_syscfg.o(.constdata)
    .constdata                               0x08004110   Section       72  stm32f4xx_exti.o(.constdata)
    .constdata                               0x08004158   Section       72  stm32f4xx_tim.o(.constdata)
    .constdata                               0x080041a0   Section       72  stm32f4xx_usart.o(.constdata)
    .constdata                               0x080041e8   Section       72  stm32f4xx_i2c.o(.constdata)
    .constdata                               0x08004230   Section      152  atan.o(.constdata)
    atanhi                                   0x08004230   Data          32  atan.o(.constdata)
    atanlo                                   0x08004250   Data          32  atan.o(.constdata)
    aTodd                                    0x08004270   Data          40  atan.o(.constdata)
    aTeven                                   0x08004298   Data          48  atan.o(.constdata)
    .constdata                               0x080042c8   Section      136  pow.o(.constdata)
    bp                                       0x080042c8   Data          16  pow.o(.constdata)
    dp_h                                     0x080042d8   Data          16  pow.o(.constdata)
    dp_l                                     0x080042e8   Data          16  pow.o(.constdata)
    L                                        0x080042f8   Data          48  pow.o(.constdata)
    P                                        0x08004328   Data          40  pow.o(.constdata)
    .constdata                               0x08004350   Section        8  qnan.o(.constdata)
    .constdata                               0x08004358   Section      129  ctype_o.o(.constdata)
    .constdata                               0x080043dc   Section        4  ctype_o.o(.constdata)
    table                                    0x080043dc   Data           4  ctype_o.o(.constdata)
    .data                                    0x20000000   Section       52  main.o(.data)
    .data                                    0x20000034   Section        4  main.o(.data)
    .data                                    0x20000038   Section       12  stm32f4xx_it.o(.data)
    .data                                    0x20000044   Section        8  uart_to_printf.o(.data)
    last                                     0x20000044   Data           4  uart_to_printf.o(.data)
    last                                     0x20000048   Data           4  uart_to_printf.o(.data)
    .data                                    0x2000004c   Section        4  uart_to_printf.o(.data)
    .data                                    0x20000050   Section       28  mpu_6050.o(.data)
    .data                                    0x2000006c   Section       60  kalman.o(.data)
    .data                                    0x200000a8   Section       20  stm32f4_discovery.o(.data)
    .data                                    0x200000bc   Section       16  stm32f4xx_rcc.o(.data)
    APBAHBPrescTable                         0x200000bc   Data          16  stm32f4xx_rcc.o(.data)
    .data                                    0x200000cc   Section        4  errno.o(.data)
    _errno                                   0x200000cc   Data           4  errno.o(.data)
    STACK                                    0x200000d0   Section     1024  startup_stm32f4xx.o(STACK)

    Global Symbols

    Symbol Name                              Value     Ov Type        Size  Object(Section)

    BuildAttributes$$THM_ISAv4$E$P$D$K$B$S$7EM$PE$A:L22UL41UL21$X:L11$S22US41US21$IEEE1$IW$USESV6$~STKCKD$USESV7$~SHL$OTIME$ROPI$IEEEX$EBA8$MICROLIB$REQ8$PRES8$EABIv2 0x00000000   Number         0  anon$$obj.o ABSOLUTE
    __ARM_use_no_argv                        0x00000000   Number         0  main.o ABSOLUTE
    __use_no_errno                           0x00000000   Number         0  useno.o ABSOLUTE
    __use_no_exception_handling              0x00000000   Number         0  useno.o ABSOLUTE
    __use_no_fp                              0x00000000   Number         0  useno.o ABSOLUTE
    __use_no_heap                            0x00000000   Number         0  useno.o ABSOLUTE
    __use_no_heap_region                     0x00000000   Number         0  useno.o ABSOLUTE
    __use_no_semihosting                     0x00000000   Number         0  useno.o ABSOLUTE
    __use_no_semihosting_swi                 0x00000000   Number         0  useno.o ABSOLUTE
    __use_no_signal_handling                 0x00000000   Number         0  useno.o ABSOLUTE
    _printf_a                                0x00000000   Number         0  stubs.o ABSOLUTE
    _printf_c                                0x00000000   Number         0  stubs.o ABSOLUTE
    _printf_charcount                        0x00000000   Number         0  stubs.o ABSOLUTE
    _printf_d                                0x00000000   Number         0  stubs.o ABSOLUTE
    _printf_e                                0x00000000   Number         0  stubs.o ABSOLUTE
    _printf_f                                0x00000000   Number         0  stubs.o ABSOLUTE
    _printf_flags                            0x00000000   Number         0  stubs.o ABSOLUTE
    _printf_fp_dec                           0x00000000   Number         0  stubs.o ABSOLUTE
    _printf_fp_hex                           0x00000000   Number         0  stubs.o ABSOLUTE
    _printf_g                                0x00000000   Number         0  stubs.o ABSOLUTE
    _printf_i                                0x00000000   Number         0  stubs.o ABSOLUTE
    _printf_int_dec                          0x00000000   Number         0  stubs.o ABSOLUTE
    _printf_l                                0x00000000   Number         0  stubs.o ABSOLUTE
    _printf_lc                               0x00000000   Number         0  stubs.o ABSOLUTE
    _printf_ll                               0x00000000   Number         0  stubs.o ABSOLUTE
    _printf_lld                              0x00000000   Number         0  stubs.o ABSOLUTE
    _printf_lli                              0x00000000   Number         0  stubs.o ABSOLUTE
    _printf_llo                              0x00000000   Number         0  stubs.o ABSOLUTE
    _printf_llu                              0x00000000   Number         0  stubs.o ABSOLUTE
    _printf_llx                              0x00000000   Number         0  stubs.o ABSOLUTE
    _printf_longlong_dec                     0x00000000   Number         0  stubs.o ABSOLUTE
    _printf_longlong_hex                     0x00000000   Number         0  stubs.o ABSOLUTE
    _printf_longlong_oct                     0x00000000   Number         0  stubs.o ABSOLUTE
    _printf_ls                               0x00000000   Number         0  stubs.o ABSOLUTE
    _printf_mbtowc                           0x00000000   Number         0  stubs.o ABSOLUTE
    _printf_n                                0x00000000   Number         0  stubs.o ABSOLUTE
    _printf_o                                0x00000000   Number         0  stubs.o ABSOLUTE
    _printf_p                                0x00000000   Number         0  stubs.o ABSOLUTE
    _printf_percent                          0x00000000   Number         0  stubs.o ABSOLUTE
    _printf_pre_padding                      0x00000000   Number         0  stubs.o ABSOLUTE
    _printf_return_value                     0x00000000   Number         0  stubs.o ABSOLUTE
    _printf_s                                0x00000000   Number         0  stubs.o ABSOLUTE
    _printf_sizespec                         0x00000000   Number         0  stubs.o ABSOLUTE
    _printf_str                              0x00000000   Number         0  stubs.o ABSOLUTE
    _printf_truncate_signed                  0x00000000   Number         0  stubs.o ABSOLUTE
    _printf_truncate_unsigned                0x00000000   Number         0  stubs.o ABSOLUTE
    _printf_u                                0x00000000   Number         0  stubs.o ABSOLUTE
    _printf_wc                               0x00000000   Number         0  stubs.o ABSOLUTE
    _printf_wctomb                           0x00000000   Number         0  stubs.o ABSOLUTE
    _printf_widthprec                        0x00000000   Number         0  stubs.o ABSOLUTE
    _printf_x                                0x00000000   Number         0  stubs.o ABSOLUTE
    __cpp_initialize__aeabi_                  - Undefined Weak Reference
    __cxa_finalize                            - Undefined Weak Reference
    __decompress                              - Undefined Weak Reference
    _clock_init                               - Undefined Weak Reference
    _microlib_exit                            - Undefined Weak Reference
    __Vectors_Size                           0x00000188   Number         0  startup_stm32f4xx.o ABSOLUTE
    __Vectors                                0x08000000   Data           4  startup_stm32f4xx.o(RESET)
    __Vectors_End                            0x08000188   Data           0  startup_stm32f4xx.o(RESET)
    __main                                   0x08000189   Thumb Code     0  entry.o(.ARM.Collect$$$$00000000)
    _main_stk                                0x08000189   Thumb Code     0  entry2.o(.ARM.Collect$$$$00000001)
    _main_scatterload                        0x0800018d   Thumb Code     0  entry5.o(.ARM.Collect$$$$00000004)
    __main_after_scatterload                 0x08000191   Thumb Code     0  entry5.o(.ARM.Collect$$$$00000004)
    _main_clock                              0x08000191   Thumb Code     0  entry7b.o(.ARM.Collect$$$$00000008)
    _main_cpp_init                           0x08000191   Thumb Code     0  entry8b.o(.ARM.Collect$$$$0000000A)
    _main_init                               0x08000191   Thumb Code     0  entry9a.o(.ARM.Collect$$$$0000000B)
    __rt_final_cpp                           0x08000199   Thumb Code     0  entry10a.o(.ARM.Collect$$$$0000000D)
    __rt_final_exit                          0x08000199   Thumb Code     0  entry11a.o(.ARM.Collect$$$$0000000F)
    Reset_Handler                            0x0800019d   Thumb Code     8  startup_stm32f4xx.o(.text)
    NMI_Handler                              0x080001a5   Thumb Code     2  startup_stm32f4xx.o(.text)
    HardFault_Handler                        0x080001a7   Thumb Code     2  startup_stm32f4xx.o(.text)
    MemManage_Handler                        0x080001a9   Thumb Code     2  startup_stm32f4xx.o(.text)
    BusFault_Handler                         0x080001ab   Thumb Code     2  startup_stm32f4xx.o(.text)
    UsageFault_Handler                       0x080001ad   Thumb Code     2  startup_stm32f4xx.o(.text)
    SVC_Handler                              0x080001af   Thumb Code     2  startup_stm32f4xx.o(.text)
    DebugMon_Handler                         0x080001b1   Thumb Code     2  startup_stm32f4xx.o(.text)
    PendSV_Handler                           0x080001b3   Thumb Code     2  startup_stm32f4xx.o(.text)
    ADC_IRQHandler                           0x080001b7   Thumb Code     0  startup_stm32f4xx.o(.text)
    CAN1_RX0_IRQHandler                      0x080001b7   Thumb Code     0  startup_stm32f4xx.o(.text)
    CAN1_RX1_IRQHandler                      0x080001b7   Thumb Code     0  startup_stm32f4xx.o(.text)
    CAN1_SCE_IRQHandler                      0x080001b7   Thumb Code     0  startup_stm32f4xx.o(.text)
    CAN1_TX_IRQHandler                       0x080001b7   Thumb Code     0  startup_stm32f4xx.o(.text)
    CAN2_RX0_IRQHandler                      0x080001b7   Thumb Code     0  startup_stm32f4xx.o(.text)
    CAN2_RX1_IRQHandler                      0x080001b7   Thumb Code     0  startup_stm32f4xx.o(.text)
    CAN2_SCE_IRQHandler                      0x080001b7   Thumb Code     0  startup_stm32f4xx.o(.text)
    CAN2_TX_IRQHandler                       0x080001b7   Thumb Code     0  startup_stm32f4xx.o(.text)
    CRYP_IRQHandler                          0x080001b7   Thumb Code     0  startup_stm32f4xx.o(.text)
    DCMI_IRQHandler                          0x080001b7   Thumb Code     0  startup_stm32f4xx.o(.text)
    DMA1_Stream0_IRQHandler                  0x080001b7   Thumb Code     0  startup_stm32f4xx.o(.text)
    DMA1_Stream1_IRQHandler                  0x080001b7   Thumb Code     0  startup_stm32f4xx.o(.text)
    DMA1_Stream2_IRQHandler                  0x080001b7   Thumb Code     0  startup_stm32f4xx.o(.text)
    DMA1_Stream3_IRQHandler                  0x080001b7   Thumb Code     0  startup_stm32f4xx.o(.text)
    DMA1_Stream4_IRQHandler                  0x080001b7   Thumb Code     0  startup_stm32f4xx.o(.text)
    DMA1_Stream5_IRQHandler                  0x080001b7   Thumb Code     0  startup_stm32f4xx.o(.text)
    DMA1_Stream6_IRQHandler                  0x080001b7   Thumb Code     0  startup_stm32f4xx.o(.text)
    DMA1_Stream7_IRQHandler                  0x080001b7   Thumb Code     0  startup_stm32f4xx.o(.text)
    DMA2_Stream0_IRQHandler                  0x080001b7   Thumb Code     0  startup_stm32f4xx.o(.text)
    DMA2_Stream1_IRQHandler                  0x080001b7   Thumb Code     0  startup_stm32f4xx.o(.text)
    DMA2_Stream2_IRQHandler                  0x080001b7   Thumb Code     0  startup_stm32f4xx.o(.text)
    DMA2_Stream3_IRQHandler                  0x080001b7   Thumb Code     0  startup_stm32f4xx.o(.text)
    DMA2_Stream4_IRQHandler                  0x080001b7   Thumb Code     0  startup_stm32f4xx.o(.text)
    DMA2_Stream5_IRQHandler                  0x080001b7   Thumb Code     0  startup_stm32f4xx.o(.text)
    DMA2_Stream6_IRQHandler                  0x080001b7   Thumb Code     0  startup_stm32f4xx.o(.text)
    DMA2_Stream7_IRQHandler                  0x080001b7   Thumb Code     0  startup_stm32f4xx.o(.text)
    ETH_IRQHandler                           0x080001b7   Thumb Code     0  startup_stm32f4xx.o(.text)
    ETH_WKUP_IRQHandler                      0x080001b7   Thumb Code     0  startup_stm32f4xx.o(.text)
    EXTI15_10_IRQHandler                     0x080001b7   Thumb Code     0  startup_stm32f4xx.o(.text)
    EXTI1_IRQHandler                         0x080001b7   Thumb Code     0  startup_stm32f4xx.o(.text)
    EXTI2_IRQHandler                         0x080001b7   Thumb Code     0  startup_stm32f4xx.o(.text)
    EXTI3_IRQHandler                         0x080001b7   Thumb Code     0  startup_stm32f4xx.o(.text)
    EXTI4_IRQHandler                         0x080001b7   Thumb Code     0  startup_stm32f4xx.o(.text)
    EXTI9_5_IRQHandler                       0x080001b7   Thumb Code     0  startup_stm32f4xx.o(.text)
    FLASH_IRQHandler                         0x080001b7   Thumb Code     0  startup_stm32f4xx.o(.text)
    FPU_IRQHandler                           0x080001b7   Thumb Code     0  startup_stm32f4xx.o(.text)
    FSMC_IRQHandler                          0x080001b7   Thumb Code     0  startup_stm32f4xx.o(.text)
    HASH_RNG_IRQHandler                      0x080001b7   Thumb Code     0  startup_stm32f4xx.o(.text)
    I2C1_ER_IRQHandler                       0x080001b7   Thumb Code     0  startup_stm32f4xx.o(.text)
    I2C1_EV_IRQHandler                       0x080001b7   Thumb Code     0  startup_stm32f4xx.o(.text)
    I2C2_ER_IRQHandler                       0x080001b7   Thumb Code     0  startup_stm32f4xx.o(.text)
    I2C2_EV_IRQHandler                       0x080001b7   Thumb Code     0  startup_stm32f4xx.o(.text)
    I2C3_ER_IRQHandler                       0x080001b7   Thumb Code     0  startup_stm32f4xx.o(.text)
    I2C3_EV_IRQHandler                       0x080001b7   Thumb Code     0  startup_stm32f4xx.o(.text)
    OTG_FS_IRQHandler                        0x080001b7   Thumb Code     0  startup_stm32f4xx.o(.text)
    OTG_FS_WKUP_IRQHandler                   0x080001b7   Thumb Code     0  startup_stm32f4xx.o(.text)
    OTG_HS_EP1_IN_IRQHandler                 0x080001b7   Thumb Code     0  startup_stm32f4xx.o(.text)
    OTG_HS_EP1_OUT_IRQHandler                0x080001b7   Thumb Code     0  startup_stm32f4xx.o(.text)
    OTG_HS_IRQHandler                        0x080001b7   Thumb Code     0  startup_stm32f4xx.o(.text)
    OTG_HS_WKUP_IRQHandler                   0x080001b7   Thumb Code     0  startup_stm32f4xx.o(.text)
    PVD_IRQHandler                           0x080001b7   Thumb Code     0  startup_stm32f4xx.o(.text)
    RCC_IRQHandler                           0x080001b7   Thumb Code     0  startup_stm32f4xx.o(.text)
    RTC_Alarm_IRQHandler                     0x080001b7   Thumb Code     0  startup_stm32f4xx.o(.text)
    RTC_WKUP_IRQHandler                      0x080001b7   Thumb Code     0  startup_stm32f4xx.o(.text)
    SDIO_IRQHandler                          0x080001b7   Thumb Code     0  startup_stm32f4xx.o(.text)
    SPI1_IRQHandler                          0x080001b7   Thumb Code     0  startup_stm32f4xx.o(.text)
    SPI2_IRQHandler                          0x080001b7   Thumb Code     0  startup_stm32f4xx.o(.text)
    SPI3_IRQHandler                          0x080001b7   Thumb Code     0  startup_stm32f4xx.o(.text)
    TAMP_STAMP_IRQHandler                    0x080001b7   Thumb Code     0  startup_stm32f4xx.o(.text)
    TIM1_BRK_TIM9_IRQHandler                 0x080001b7   Thumb Code     0  startup_stm32f4xx.o(.text)
    TIM1_CC_IRQHandler                       0x080001b7   Thumb Code     0  startup_stm32f4xx.o(.text)
    TIM1_TRG_COM_TIM11_IRQHandler            0x080001b7   Thumb Code     0  startup_stm32f4xx.o(.text)
    TIM1_UP_TIM10_IRQHandler                 0x080001b7   Thumb Code     0  startup_stm32f4xx.o(.text)
    TIM2_IRQHandler                          0x080001b7   Thumb Code     0  startup_stm32f4xx.o(.text)
    TIM3_IRQHandler                          0x080001b7   Thumb Code     0  startup_stm32f4xx.o(.text)
    TIM4_IRQHandler                          0x080001b7   Thumb Code     0  startup_stm32f4xx.o(.text)
    TIM5_IRQHandler                          0x080001b7   Thumb Code     0  startup_stm32f4xx.o(.text)
    TIM6_DAC_IRQHandler                      0x080001b7   Thumb Code     0  startup_stm32f4xx.o(.text)
    TIM7_IRQHandler                          0x080001b7   Thumb Code     0  startup_stm32f4xx.o(.text)
    TIM8_BRK_TIM12_IRQHandler                0x080001b7   Thumb Code     0  startup_stm32f4xx.o(.text)
    TIM8_CC_IRQHandler                       0x080001b7   Thumb Code     0  startup_stm32f4xx.o(.text)
    TIM8_TRG_COM_TIM14_IRQHandler            0x080001b7   Thumb Code     0  startup_stm32f4xx.o(.text)
    TIM8_UP_TIM13_IRQHandler                 0x080001b7   Thumb Code     0  startup_stm32f4xx.o(.text)
    UART4_IRQHandler                         0x080001b7   Thumb Code     0  startup_stm32f4xx.o(.text)
    UART5_IRQHandler                         0x080001b7   Thumb Code     0  startup_stm32f4xx.o(.text)
    USART1_IRQHandler                        0x080001b7   Thumb Code     0  startup_stm32f4xx.o(.text)
    USART3_IRQHandler                        0x080001b7   Thumb Code     0  startup_stm32f4xx.o(.text)
    USART6_IRQHandler                        0x080001b7   Thumb Code     0  startup_stm32f4xx.o(.text)
    WWDG_IRQHandler                          0x080001b7   Thumb Code     0  startup_stm32f4xx.o(.text)
    atoi                                     0x080001c1   Thumb Code    26  atoi.o(.text)
    __aeabi_fadd                             0x080001db   Thumb Code   164  fadd.o(.text)
    __aeabi_fsub                             0x0800027f   Thumb Code     6  fadd.o(.text)
    __aeabi_frsub                            0x08000285   Thumb Code     6  fadd.o(.text)
    __aeabi_fmul                             0x0800028b   Thumb Code   108  fmul.o(.text)
    __aeabi_fdiv                             0x080002f7   Thumb Code   128  fdiv.o(.text)
    __aeabi_dadd                             0x08000377   Thumb Code   322  dadd.o(.text)
    __aeabi_dsub                             0x080004b9   Thumb Code     6  dadd.o(.text)
    __aeabi_drsub                            0x080004bf   Thumb Code     6  dadd.o(.text)
    __aeabi_dmul                             0x080004c5   Thumb Code   228  dmul.o(.text)
    __aeabi_ddiv                             0x080005a9   Thumb Code   222  ddiv.o(.text)
    __aeabi_i2f                              0x08000687   Thumb Code    18  fflti.o(.text)
    __aeabi_ui2f                             0x08000699   Thumb Code    10  ffltui.o(.text)
    __aeabi_i2d                              0x080006a3   Thumb Code    34  dflti.o(.text)
    __aeabi_f2iz                             0x080006c5   Thumb Code    50  ffixi.o(.text)
    __aeabi_f2d                              0x080006f7   Thumb Code    38  f2d.o(.text)
    __aeabi_d2f                              0x0800071d   Thumb Code    56  d2f.o(.text)
    __aeabi_uidiv                            0x08000755   Thumb Code     0  uidiv.o(.text)
    __aeabi_uidivmod                         0x08000755   Thumb Code    44  uidiv.o(.text)
    __aeabi_uldivmod                         0x08000781   Thumb Code    98  uldiv.o(.text)
    __aeabi_llsl                             0x080007e3   Thumb Code    30  llshl.o(.text)
    _ll_shift_l                              0x080007e3   Thumb Code     0  llshl.o(.text)
    __aeabi_lasr                             0x08000801   Thumb Code    36  llsshr.o(.text)
    _ll_sshift_r                             0x08000801   Thumb Code     0  llsshr.o(.text)
    strtol                                   0x08000825   Thumb Code   112  strtol.o(.text)
    __I$use$fp                               0x08000895   Thumb Code     0  iusefp.o(.text)
    _float_round                             0x08000895   Thumb Code    18  fepilogue.o(.text)
    _float_epilogue                          0x080008a7   Thumb Code    90  fepilogue.o(.text)
    _double_round                            0x08000901   Thumb Code    26  depilogue.o(.text)
    _double_epilogue                         0x0800091b   Thumb Code   164  depilogue.o(.text)
    __ARM_scalbn                             0x080009bf   Thumb Code    46  dscalb.o(.text)
    scalbn                                   0x080009bf   Thumb Code     0  dscalb.o(.text)
    _dsqrt                                   0x080009ed   Thumb Code   162  dsqrt.o(.text)
    __aeabi_d2ulz                            0x08000a8f   Thumb Code    48  dfixul.o(.text)
    __aeabi_cdrcmple                         0x08000ac1   Thumb Code    38  cdrcmple.o(.text)
    __scatterload                            0x08000ae9   Thumb Code    28  init.o(.text)
    __scatterload_rt2                        0x08000ae9   Thumb Code     0  init.o(.text)
    __aeabi_llsr                             0x08000b0d   Thumb Code    32  llushr.o(.text)
    _ll_ushift_r                             0x08000b0d   Thumb Code     0  llushr.o(.text)
    __rt_ctype_table                         0x08000b2d   Thumb Code     4  ctype_o.o(.text)
    _strtoul                                 0x08000b35   Thumb Code   158  _strtoul.o(.text)
    _chval                                   0x08000bd3   Thumb Code    28  _chval.o(.text)
    EXTI0_IRQHandler                         0x08000bef   Thumb Code     6  stm32f4xx_it.o(i.EXTI0_IRQHandler)
    EXTI_ClearITPendingBit                   0x08000bf5   Thumb Code    26  stm32f4xx_exti.o(i.EXTI_ClearITPendingBit)
    EXTI_Init                                0x08000c19   Thumb Code   180  stm32f4xx_exti.o(i.EXTI_Init)
    GPIO_Configuration                       0x08000cd5   Thumb Code    58  uart_to_printf.o(i.GPIO_Configuration)
    GPIO_Init                                0x08000d15   Thumb Code   294  stm32f4xx_gpio.o(i.GPIO_Init)
    GPIO_PinAFConfig                         0x08000e65   Thumb Code   242  stm32f4xx_gpio.o(i.GPIO_PinAFConfig)
    GPIO_ReadOutputDataBit                   0x08000f81   Thumb Code   174  stm32f4xx_gpio.o(i.GPIO_ReadOutputDataBit)
    GetData                                  0x08001059   Thumb Code    24  mpu_6050.o(i.GetData)
    Get_Accel_Angles                         0x08001071   Thumb Code   298  mpu_6050.o(i.Get_Accel_Angles)
    Get_Accel_Values                         0x080011a9   Thumb Code    74  mpu_6050.o(i.Get_Accel_Values)
    Get_GYRO_RATE                            0x080011f9   Thumb Code    30  mpu_6050.o(i.Get_GYRO_RATE)
    I2C_AcknowledgeConfig                    0x0800121d   Thumb Code    68  stm32f4xx_i2c.o(i.I2C_AcknowledgeConfig)
    I2C_CheckEvent                           0x08001271   Thumb Code   198  stm32f4xx_i2c.o(i.I2C_CheckEvent)
    I2C_Cmd                                  0x0800134d   Thumb Code    68  stm32f4xx_i2c.o(i.I2C_Cmd)
    I2C_GenerateSTART                        0x080013a1   Thumb Code    68  stm32f4xx_i2c.o(i.I2C_GenerateSTART)
    I2C_GenerateSTOP                         0x080013f5   Thumb Code    68  stm32f4xx_i2c.o(i.I2C_GenerateSTOP)
    I2C_GetFlagStatus                        0x08001449   Thumb Code   210  stm32f4xx_i2c.o(i.I2C_GetFlagStatus)
    I2C_Init                                 0x08001545   Thumb Code   316  stm32f4xx_i2c.o(i.I2C_Init)
    I2C_ReceiveData                          0x0800169d   Thumb Code    38  stm32f4xx_i2c.o(i.I2C_ReceiveData)
    I2C_Send7bitAddress                      0x080016d5   Thumb Code    66  stm32f4xx_i2c.o(i.I2C_Send7bitAddress)
    I2C_SendData                             0x08001729   Thumb Code    38  stm32f4xx_i2c.o(i.I2C_SendData)
    I2C_read_nack                            0x08001761   Thumb Code    42  i2c.o(i.I2C_read_nack)
    I2C_start                                0x08001791   Thumb Code   100  i2c.o(i.I2C_start)
    I2C_stop                                 0x080017fd   Thumb Code     6  i2c.o(i.I2C_stop)
    I2C_write                                0x08001805   Thumb Code    24  i2c.o(i.I2C_write)
    Init_System                              0x08001821   Thumb Code    72  main.o(i.Init_System)
    Kalman                                   0x08001899   Thumb Code   280  kalman.o(i.Kalman)
    Motor_Speed_PID                          0x080019b5   Thumb Code   302  main.o(i.Motor_Speed_PID)
    Mpu6050_Read                             0x08001b1d   Thumb Code    50  mpu_6050.o(i.Mpu6050_Read)
    NVIC_Configuration                       0x08001b55   Thumb Code    42  uart_to_printf.o(i.NVIC_Configuration)
    NVIC_Init                                0x08001b85   Thumb Code   140  misc.o(i.NVIC_Init)
    RCC_AHB1PeriphClockCmd                   0x08001c55   Thumb Code    56  stm32f4xx_rcc.o(i.RCC_AHB1PeriphClockCmd)
    RCC_APB1PeriphClockCmd                   0x08001c99   Thumb Code    56  stm32f4xx_rcc.o(i.RCC_APB1PeriphClockCmd)
    RCC_APB2PeriphClockCmd                   0x08001cdd   Thumb Code    56  stm32f4xx_rcc.o(i.RCC_APB2PeriphClockCmd)
    RCC_Configuration                        0x08001d21   Thumb Code    22  uart_to_printf.o(i.RCC_Configuration)
    RCC_GetClocksFreq                        0x08001d39   Thumb Code   132  stm32f4xx_rcc.o(i.RCC_GetClocksFreq)
    STM_EVAL_LEDInit                         0x08001dc9   Thumb Code    62  stm32f4_discovery.o(i.STM_EVAL_LEDInit)
    STM_EVAL_LEDOff                          0x08001e11   Thumb Code    16  stm32f4_discovery.o(i.STM_EVAL_LEDOff)
    STM_EVAL_LEDOn                           0x08001e29   Thumb Code    16  stm32f4_discovery.o(i.STM_EVAL_LEDOn)
    STM_EVAL_PBInit                          0x08001e41   Thumb Code   144  stm32f4_discovery.o(i.STM_EVAL_PBInit)
    SYSCFG_EXTILineConfig                    0x08001ed9   Thumb Code   150  stm32f4xx_syscfg.o(i.SYSCFG_EXTILineConfig)
    Set_PWM                                  0x0800202d   Thumb Code    70  main.o(i.Set_PWM)
    SysTick_Handler                          0x0800207d   Thumb Code     8  stm32f4xx_it.o(i.SysTick_Handler)
    SystemInit                               0x08002089   Thumb Code    62  system_stm32f4xx.o(i.SystemInit)
    TIM_SetCompare1                          0x080020d9   Thumb Code    92  stm32f4xx_tim.o(i.TIM_SetCompare1)
    TIM_SetCompare2                          0x08002165   Thumb Code    68  stm32f4xx_tim.o(i.TIM_SetCompare2)
    UART_Configuration                       0x080021c9   Thumb Code    28  uart_to_printf.o(i.UART_Configuration)
    USART2_Configuration                     0x08002201   Thumb Code    52  uart_to_printf.o(i.USART2_Configuration)
    USART2_IRQHandler                        0x08002239   Thumb Code    98  stm32f4xx_it.o(i.USART2_IRQHandler)
    USART_ClearFlag                          0x080022b9   Thumb Code   114  stm32f4xx_usart.o(i.USART_ClearFlag)
    USART_Cmd                                0x08002349   Thumb Code    86  stm32f4xx_usart.o(i.USART_Cmd)
    USART_GetFlagStatus                      0x080023bd   Thumb Code   152  stm32f4xx_usart.o(i.USART_GetFlagStatus)
    USART_GetITStatus                        0x08002471   Thumb Code   232  stm32f4xx_usart.o(i.USART_GetITStatus)
    USART_ITConfig                           0x08002575   Thumb Code   220  stm32f4xx_usart.o(i.USART_ITConfig)
    USART_Init                               0x0800266d   Thumb Code   388  stm32f4xx_usart.o(i.USART_Init)
    USART_ReceiveData                        0x08002811   Thumb Code    58  stm32f4xx_usart.o(i.USART_ReceiveData)
    USART_SendData                           0x08002869   Thumb Code    76  stm32f4xx_usart.o(i.USART_SendData)
    __0printf                                0x080028d1   Thumb Code    22  printfa.o(i.__0printf)
    __1printf                                0x080028d1   Thumb Code     0  printfa.o(i.__0printf)
    __2printf                                0x080028d1   Thumb Code     0  printfa.o(i.__0printf)
    __c89printf                              0x080028d1   Thumb Code     0  printfa.o(i.__0printf)
    printf                                   0x080028d1   Thumb Code     0  printfa.o(i.__0printf)
    __ARM_fpclassify                         0x080028f1   Thumb Code    40  fpclassify.o(i.__ARM_fpclassify)
    __aeabi_errno_addr                       0x08002919   Thumb Code     4  errno.o(i.__aeabi_errno_addr)
    __rt_errno_addr                          0x08002919   Thumb Code     0  errno.o(i.__aeabi_errno_addr)
    __kernel_poly                            0x08002921   Thumb Code   170  poly.o(i.__kernel_poly)
    __mathlib_dbl_underflow                  0x080029cd   Thumb Code    10  dunder.o(i.__mathlib_dbl_underflow)
    __scatterload_copy                       0x080029dd   Thumb Code    14  handlers.o(i.__scatterload_copy)
    __scatterload_null                       0x080029eb   Thumb Code     2  handlers.o(i.__scatterload_null)
    __scatterload_zeroinit                   0x080029ed   Thumb Code    14  handlers.o(i.__scatterload_zeroinit)
    __set_errno                              0x080029fd   Thumb Code     6  errno.o(i.__set_errno)
    assert_failed                            0x080032ab   Thumb Code     2  main.o(i.assert_failed)
    atan                                     0x080032ad   Thumb Code   478  atan.o(i.atan)
    fputc                                    0x080034d1   Thumb Code    72  uart_to_printf.o(i.fputc)
    init_I2C1                                0x08003521   Thumb Code   130  i2c.o(i.init_I2C1)
    main                                     0x080035b1   Thumb Code    18  main.o(i.main)
    pow                                      0x080035c5   Thumb Code  2510  pow.o(i.pow)
    puts                                     0x08003fa5   Thumb Code    30  puts.o(i.puts)
    sqrt                                     0x08003fc9   Thumb Code    76  sqrt.o(i.sqrt)
    BUTTON_PORT_SOURCE                       0x08004014   Data           1  stm32f4_discovery.o(.constdata)
    BUTTON_PIN_SOURCE                        0x08004015   Data           1  stm32f4_discovery.o(.constdata)
    BUTTON_IRQn                              0x08004016   Data           1  stm32f4_discovery.o(.constdata)
    BUTTON_PIN                               0x08004018   Data           2  stm32f4_discovery.o(.constdata)
    BUTTON_EXTI_LINE                         0x0800401a   Data           2  stm32f4_discovery.o(.constdata)
    BUTTON_CLK                               0x0800401c   Data           4  stm32f4_discovery.o(.constdata)
    GPIO_PIN                                 0x08004020   Data           8  stm32f4_discovery.o(.constdata)
    GPIO_CLK                                 0x08004028   Data          16  stm32f4_discovery.o(.constdata)
    __mathlib_zero                           0x08004350   Data           8  qnan.o(.constdata)
    __ctype_table                            0x08004358   Data         129  ctype_o.o(.constdata)
    Region$$Table$$Base                      0x080043e0   Number         0  anon$$obj.o(Region$$Table)
    Region$$Table$$Limit                     0x08004400   Number         0  anon$$obj.o(Region$$Table)
    Sample_time                              0x20000000   Data           2  main.o(.data)
    TimeDelay                                0x20000002   Data           2  main.o(.data)
    Err                                      0x20000004   Data           4  main.o(.data)
    Old_Err                                  0x20000008   Data           4  main.o(.data)
    Kp                                       0x2000000c   Data           4  main.o(.data)
    Kd                                       0x20000010   Data           4  main.o(.data)
    Ki                                       0x20000014   Data           4  main.o(.data)
    pPart                                    0x20000018   Data           4  main.o(.data)
    dPart                                    0x2000001c   Data           4  main.o(.data)
    iPart                                    0x20000020   Data           4  main.o(.data)
    Com_Angle                                0x20000024   Data           4  main.o(.data)
    Out_Put                                  0x20000028   Data           4  main.o(.data)
    PWM                                      0x2000002c   Data           4  main.o(.data)
    a                                        0x20000030   Data           4  main.o(.data)
    Set_Point                                0x20000034   Data           4  main.o(.data)
    UART_count                               0x20000038   Data           4  stm32f4xx_it.o(.data)
    UART_chuoi                               0x2000003c   Data           8  stm32f4xx_it.o(.data)
    __stdout                                 0x2000004c   Data           4  uart_to_printf.o(.data)
    ACCEL_XANGLE                             0x20000050   Data           4  mpu_6050.o(.data)
    ACCEL_YANGLE                             0x20000054   Data           4  mpu_6050.o(.data)
    ACCEL_ZANGLE                             0x20000058   Data           4  mpu_6050.o(.data)
    ACCEL_XOUT                               0x2000005c   Data           4  mpu_6050.o(.data)
    ACCEL_YOUT                               0x20000060   Data           4  mpu_6050.o(.data)
    ACCEL_ZOUT                               0x20000064   Data           4  mpu_6050.o(.data)
    GYRO_XRATE                               0x20000068   Data           4  mpu_6050.o(.data)
    dt                                       0x2000006c   Data           4  kalman.o(.data)
    Q_angle                                  0x20000070   Data           4  kalman.o(.data)
    Q_bias                                   0x20000074   Data           4  kalman.o(.data)
    R_measure                                0x20000078   Data           4  kalman.o(.data)
    bias                                     0x2000007c   Data           4  kalman.o(.data)
    P_00                                     0x20000080   Data           4  kalman.o(.data)
    P_01                                     0x20000084   Data           4  kalman.o(.data)
    P_10                                     0x20000088   Data           4  kalman.o(.data)
    P_11                                     0x2000008c   Data           4  kalman.o(.data)
    K_0                                      0x20000090   Data           4  kalman.o(.data)
    K_1                                      0x20000094   Data           4  kalman.o(.data)
    angle                                    0x20000098   Data           4  kalman.o(.data)
    rate                                     0x2000009c   Data           4  kalman.o(.data)
    S                                        0x200000a0   Data           4  kalman.o(.data)
    y                                        0x200000a4   Data           4  kalman.o(.data)
    BUTTON_PORT                              0x200000a8   Data           4  stm32f4_discovery.o(.data)
    GPIO_PORT                                0x200000ac   Data          16  stm32f4_discovery.o(.data)
    __initial_sp                             0x200004d0   Data           0  startup_stm32f4xx.o(STACK)



==============================================================================

Memory Map of the image

  Image Entry point : 0x08000189

  Load Region LR_IROM1 (Base: 0x08000000, Size: 0x000044d0, Max: 0x00100000, ABSOLUTE)

    Execution Region ER_IROM1 (Base: 0x08000000, Size: 0x00004400, Max: 0x00100000, ABSOLUTE)

    Base Addr    Size         Type   Attr      Idx    E Section Name        Object

    0x08000000   0x00000188   Data   RO         2272    RESET               startup_stm32f4xx.o
    0x08000188   0x00000000   Code   RO         2305  * .ARM.Collect$$$$00000000  mc_w.l(entry.o)
    0x08000188   0x00000004   Code   RO         2606    .ARM.Collect$$$$00000001  mc_w.l(entry2.o)
    0x0800018c   0x00000004   Code   RO         2609    .ARM.Collect$$$$00000004  mc_w.l(entry5.o)
    0x08000190   0x00000000   Code   RO         2611    .ARM.Collect$$$$00000008  mc_w.l(entry7b.o)
    0x08000190   0x00000000   Code   RO         2613    .ARM.Collect$$$$0000000A  mc_w.l(entry8b.o)
    0x08000190   0x00000008   Code   RO         2614    .ARM.Collect$$$$0000000B  mc_w.l(entry9a.o)
    0x08000198   0x00000000   Code   RO         2616    .ARM.Collect$$$$0000000D  mc_w.l(entry10a.o)
    0x08000198   0x00000000   Code   RO         2618    .ARM.Collect$$$$0000000F  mc_w.l(entry11a.o)
    0x08000198   0x00000004   Code   RO         2607    .ARM.Collect$$$$00002712  mc_w.l(entry2.o)
    0x0800019c   0x00000024   Code   RO         2273    .text               startup_stm32f4xx.o
    0x080001c0   0x0000001a   Code   RO         2573    .text               mc_w.l(atoi.o)
    0x080001da   0x000000b0   Code   RO         2575    .text               mf_w.l(fadd.o)
    0x0800028a   0x0000006c   Code   RO         2577    .text               mf_w.l(fmul.o)
    0x080002f6   0x00000080   Code   RO         2579    .text               mf_w.l(fdiv.o)
    0x08000376   0x0000014e   Code   RO         2581    .text               mf_w.l(dadd.o)
    0x080004c4   0x000000e4   Code   RO         2583    .text               mf_w.l(dmul.o)
    0x080005a8   0x000000de   Code   RO         2585    .text               mf_w.l(ddiv.o)
    0x08000686   0x00000012   Code   RO         2587    .text               mf_w.l(fflti.o)
    0x08000698   0x0000000a   Code   RO         2589    .text               mf_w.l(ffltui.o)
    0x080006a2   0x00000022   Code   RO         2591    .text               mf_w.l(dflti.o)
    0x080006c4   0x00000032   Code   RO         2593    .text               mf_w.l(ffixi.o)
    0x080006f6   0x00000026   Code   RO         2595    .text               mf_w.l(f2d.o)
    0x0800071c   0x00000038   Code   RO         2597    .text               mf_w.l(d2f.o)
    0x08000754   0x0000002c   Code   RO         2620    .text               mc_w.l(uidiv.o)
    0x08000780   0x00000062   Code   RO         2622    .text               mc_w.l(uldiv.o)
    0x080007e2   0x0000001e   Code   RO         2624    .text               mc_w.l(llshl.o)
    0x08000800   0x00000024   Code   RO         2626    .text               mc_w.l(llsshr.o)
    0x08000824   0x00000070   Code   RO         2635    .text               mc_w.l(strtol.o)
    0x08000894   0x00000000   Code   RO         2637    .text               mc_w.l(iusefp.o)
    0x08000894   0x0000006c   Code   RO         2638    .text               mf_w.l(fepilogue.o)
    0x08000900   0x000000be   Code   RO         2640    .text               mf_w.l(depilogue.o)
    0x080009be   0x0000002e   Code   RO         2642    .text               mf_w.l(dscalb.o)
    0x080009ec   0x000000a2   Code   RO         2644    .text               mf_w.l(dsqrt.o)
    0x08000a8e   0x00000030   Code   RO         2646    .text               mf_w.l(dfixul.o)
    0x08000abe   0x00000002   PAD
    0x08000ac0   0x00000028   Code   RO         2650    .text               mf_w.l(cdrcmple.o)
    0x08000ae8   0x00000024   Code   RO         2652    .text               mc_w.l(init.o)
    0x08000b0c   0x00000020   Code   RO         2654    .text               mc_w.l(llushr.o)
    0x08000b2c   0x00000008   Code   RO         2656    .text               mc_w.l(ctype_o.o)
    0x08000b34   0x0000009e   Code   RO         2684    .text               mc_w.l(_strtoul.o)
    0x08000bd2   0x0000001c   Code   RO         2686    .text               mc_w.l(_chval.o)
    0x08000bee   0x00000006   Code   RO          206    i.EXTI0_IRQHandler  stm32f4xx_it.o
    0x08000bf4   0x00000024   Code   RO         1258    i.EXTI_ClearITPendingBit  stm32f4xx_exti.o
    0x08000c18   0x000000bc   Code   RO         1263    i.EXTI_Init         stm32f4xx_exti.o
    0x08000cd4   0x00000040   Code   RO          415    i.GPIO_Configuration  uart_to_printf.o
    0x08000d14   0x00000150   Code   RO         1113    i.GPIO_Init         stm32f4xx_gpio.o
    0x08000e64   0x0000011c   Code   RO         1114    i.GPIO_PinAFConfig  stm32f4xx_gpio.o
    0x08000f80   0x000000d8   Code   RO         1119    i.GPIO_ReadOutputDataBit  stm32f4xx_gpio.o
    0x08001058   0x00000018   Code   RO          577    i.GetData           mpu_6050.o
    0x08001070   0x00000138   Code   RO          578    i.Get_Accel_Angles  mpu_6050.o
    0x080011a8   0x00000050   Code   RO          579    i.Get_Accel_Values  mpu_6050.o
    0x080011f8   0x00000024   Code   RO          580    i.Get_GYRO_RATE     mpu_6050.o
    0x0800121c   0x00000054   Code   RO         2060    i.I2C_AcknowledgeConfig  stm32f4xx_i2c.o
    0x08001270   0x000000dc   Code   RO         2062    i.I2C_CheckEvent    stm32f4xx_i2c.o
    0x0800134c   0x00000054   Code   RO         2065    i.I2C_Cmd           stm32f4xx_i2c.o
    0x080013a0   0x00000054   Code   RO         2072    i.I2C_GenerateSTART  stm32f4xx_i2c.o
    0x080013f4   0x00000054   Code   RO         2073    i.I2C_GenerateSTOP  stm32f4xx_i2c.o
    0x08001448   0x000000fc   Code   RO         2074    i.I2C_GetFlagStatus  stm32f4xx_i2c.o
    0x08001544   0x00000158   Code   RO         2079    i.I2C_Init          stm32f4xx_i2c.o
    0x0800169c   0x00000038   Code   RO         2084    i.I2C_ReceiveData   stm32f4xx_i2c.o
    0x080016d4   0x00000054   Code   RO         2086    i.I2C_Send7bitAddress  stm32f4xx_i2c.o
    0x08001728   0x00000038   Code   RO         2087    i.I2C_SendData      stm32f4xx_i2c.o
    0x08001760   0x00000030   Code   RO          532    i.I2C_read_nack     i2c.o
    0x08001790   0x0000006c   Code   RO          533    i.I2C_start         i2c.o
    0x080017fc   0x00000006   Code   RO          534    i.I2C_stop          i2c.o
    0x08001802   0x00000002   PAD
    0x08001804   0x0000001c   Code   RO          535    i.I2C_write         i2c.o
    0x08001820   0x00000078   Code   RO            3    i.Init_System       main.o
    0x08001898   0x0000011c   Code   RO          641    i.Kalman            kalman.o
    0x080019b4   0x00000168   Code   RO            4    i.Motor_Speed_PID   main.o
    0x08001b1c   0x00000038   Code   RO          582    i.Mpu6050_Read      mpu_6050.o
    0x08001b54   0x00000030   Code   RO          416    i.NVIC_Configuration  uart_to_printf.o
    0x08001b84   0x000000d0   Code   RO         1066    i.NVIC_Init         misc.o
    0x08001c54   0x00000044   Code   RO          711    i.RCC_AHB1PeriphClockCmd  stm32f4xx_rcc.o
    0x08001c98   0x00000044   Code   RO          720    i.RCC_APB1PeriphClockCmd  stm32f4xx_rcc.o
    0x08001cdc   0x00000044   Code   RO          723    i.RCC_APB2PeriphClockCmd  stm32f4xx_rcc.o
    0x08001d20   0x00000016   Code   RO          417    i.RCC_Configuration  uart_to_printf.o
    0x08001d36   0x00000002   PAD
    0x08001d38   0x00000090   Code   RO          732    i.RCC_GetClocksFreq  stm32f4xx_rcc.o
    0x08001dc8   0x00000048   Code   RO          657    i.STM_EVAL_LEDInit  stm32f4_discovery.o
    0x08001e10   0x00000018   Code   RO          658    i.STM_EVAL_LEDOff   stm32f4_discovery.o
    0x08001e28   0x00000018   Code   RO          659    i.STM_EVAL_LEDOn    stm32f4_discovery.o
    0x08001e40   0x00000098   Code   RO          662    i.STM_EVAL_PBInit   stm32f4_discovery.o
    0x08001ed8   0x000000a0   Code   RO         1213    i.SYSCFG_EXTILineConfig  stm32f4xx_syscfg.o
    0x08001f78   0x000000b4   Code   RO          262    i.SetSysClock       system_stm32f4xx.o
    0x0800202c   0x00000050   Code   RO            5    i.Set_PWM           main.o
    0x0800207c   0x0000000c   Code   RO          207    i.SysTick_Handler   stm32f4xx_it.o
    0x08002088   0x00000050   Code   RO          264    i.SystemInit        system_stm32f4xx.o
    0x080020d8   0x0000008c   Code   RO         1395    i.TIM_SetCompare1   stm32f4xx_tim.o
    0x08002164   0x00000064   Code   RO         1396    i.TIM_SetCompare2   stm32f4xx_tim.o
    0x080021c8   0x00000038   Code   RO          418    i.UART_Configuration  uart_to_printf.o
    0x08002200   0x00000038   Code   RO          419    i.USART2_Configuration  uart_to_printf.o
    0x08002238   0x00000080   Code   RO          208    i.USART2_IRQHandler  stm32f4xx_it.o
    0x080022b8   0x00000090   Code   RO         1871    i.USART_ClearFlag   stm32f4xx_usart.o
    0x08002348   0x00000074   Code   RO         1875    i.USART_Cmd         stm32f4xx_usart.o
    0x080023bc   0x000000b4   Code   RO         1878    i.USART_GetFlagStatus  stm32f4xx_usart.o
    0x08002470   0x00000104   Code   RO         1879    i.USART_GetITStatus  stm32f4xx_usart.o
    0x08002574   0x000000f8   Code   RO         1881    i.USART_ITConfig    stm32f4xx_usart.o
    0x0800266c   0x000001a4   Code   RO         1882    i.USART_Init        stm32f4xx_usart.o
    0x08002810   0x00000058   Code   RO         1889    i.USART_ReceiveData  stm32f4xx_usart.o
    0x08002868   0x00000068   Code   RO         1892    i.USART_SendData    stm32f4xx_usart.o
    0x080028d0   0x00000020   Code   RO         2545    i.__0printf         mc_w.l(printfa.o)
    0x080028f0   0x00000028   Code   RO         2601    i.__ARM_fpclassify  m_ws.l(fpclassify.o)
    0x08002918   0x00000008   Code   RO         2628    i.__aeabi_errno_addr  mc_w.l(errno.o)
    0x08002920   0x000000aa   Code   RO         2603    i.__kernel_poly     m_ws.l(poly.o)
    0x080029ca   0x00000002   PAD
    0x080029cc   0x00000010   Code   RO         2599    i.__mathlib_dbl_underflow  m_ws.l(dunder.o)
    0x080029dc   0x0000000e   Code   RO         2690    i.__scatterload_copy  mc_w.l(handlers.o)
    0x080029ea   0x00000002   Code   RO         2691    i.__scatterload_null  mc_w.l(handlers.o)
    0x080029ec   0x0000000e   Code   RO         2692    i.__scatterload_zeroinit  mc_w.l(handlers.o)
    0x080029fa   0x00000002   PAD
    0x080029fc   0x0000000c   Code   RO         2630    i.__set_errno       mc_w.l(errno.o)
    0x08002a08   0x0000015c   Code   RO         2552    i._fp_digits        mc_w.l(printfa.o)
    0x08002b64   0x000006f0   Code   RO         2553    i._printf_core      mc_w.l(printfa.o)
    0x08003254   0x00000026   Code   RO         2554    i._printf_post_padding  mc_w.l(printfa.o)
    0x0800327a   0x00000030   Code   RO         2555    i._printf_pre_padding  mc_w.l(printfa.o)
    0x080032aa   0x00000002   Code   RO            6    i.assert_failed     main.o
    0x080032ac   0x00000224   Code   RO         2278    i.atan              m_ws.l(atan.o)
    0x080034d0   0x00000050   Code   RO          424    i.fputc             uart_to_printf.o
    0x08003520   0x00000090   Code   RO          536    i.init_I2C1         i2c.o
    0x080035b0   0x00000012   Code   RO            7    i.main              main.o
    0x080035c2   0x00000002   PAD
    0x080035c4   0x000009e0   Code   RO         2288    i.pow               m_ws.l(pow.o)
    0x08003fa4   0x00000024   Code   RO         2308    i.puts              mc_w.l(puts.o)
    0x08003fc8   0x0000004c   Code   RO         2298    i.sqrt              m_ws.l(sqrt.o)
    0x08004014   0x00000024   Data   RO          663    .constdata          stm32f4_discovery.o
    0x08004038   0x00000048   Data   RO          755    .constdata          stm32f4xx_rcc.o
    0x08004080   0x00000048   Data   RO         1126    .constdata          stm32f4xx_gpio.o
    0x080040c8   0x00000048   Data   RO         1216    .constdata          stm32f4xx_syscfg.o
    0x08004110   0x00000048   Data   RO         1265    .constdata          stm32f4xx_exti.o
    0x08004158   0x00000048   Data   RO         1409    .constdata          stm32f4xx_tim.o
    0x080041a0   0x00000048   Data   RO         1900    .constdata          stm32f4xx_usart.o
    0x080041e8   0x00000048   Data   RO         2092    .constdata          stm32f4xx_i2c.o
    0x08004230   0x00000098   Data   RO         2279    .constdata          m_ws.l(atan.o)
    0x080042c8   0x00000088   Data   RO         2289    .constdata          m_ws.l(pow.o)
    0x08004350   0x00000008   Data   RO         2605    .constdata          m_ws.l(qnan.o)
    0x08004358   0x00000081   Data   RO         2657    .constdata          mc_w.l(ctype_o.o)
    0x080043d9   0x00000003   PAD
    0x080043dc   0x00000004   Data   RO         2658    .constdata          mc_w.l(ctype_o.o)
    0x080043e0   0x00000020   Data   RO         2688    Region$$Table       anon$$obj.o


    Execution Region RW_IRAM1 (Base: 0x20000000, Size: 0x000004d0, Max: 0x00020000, ABSOLUTE)

    Base Addr    Size         Type   Attr      Idx    E Section Name        Object

    0x20000000   0x00000034   Data   RW            8    .data               main.o
    0x20000034   0x00000004   Data   RW           11    .data               main.o
    0x20000038   0x0000000c   Data   RW          215    .data               stm32f4xx_it.o
    0x20000044   0x00000008   Data   RW          425    .data               uart_to_printf.o
    0x2000004c   0x00000004   Data   RW          426    .data               uart_to_printf.o
    0x20000050   0x0000001c   Data   RW          584    .data               mpu_6050.o
    0x2000006c   0x0000003c   Data   RW          642    .data               kalman.o
    0x200000a8   0x00000014   Data   RW          664    .data               stm32f4_discovery.o
    0x200000bc   0x00000010   Data   RW          756    .data               stm32f4xx_rcc.o
    0x200000cc   0x00000004   Data   RW         2631    .data               mc_w.l(errno.o)
    0x200000d0   0x00000400   Zero   RW         2270    STACK               startup_stm32f4xx.o


==============================================================================

Image component sizes


      Code (inc. data)   RO Data    RW Data    ZI Data      Debug   Object Name

       334         32          0          0          0       3075   i2c.o
       284          4          0         60          0       1291   kalman.o
       580        116          0         56          0     239021   main.o
       208         68          0          0          0      16164   misc.o
       508         32          0         28          0       4265   mpu_6050.o
        36          8        392          0       1024        948   startup_stm32f4xx.o
       272         34         36         20          0       5301   stm32f4_discovery.o
       224         18         72          0          0       4533   stm32f4xx_exti.o
       836        126         72          0          0       9672   stm32f4xx_gpio.o
      1348        210         72          0          0      16208   stm32f4xx_i2c.o
       146         34          0         12          0       3001   stm32f4xx_it.o
       348         48         72         16          0      18203   stm32f4xx_rcc.o
       160         10         72          0          0        808   stm32f4xx_syscfg.o
       240         80         72          0          0      22564   stm32f4xx_tim.o
      1560        234         72          0          0      13455   stm32f4xx_usart.o
       260         36          0          0          0     213569   system_stm32f4xx.o
       326         52          0         12          0       5793   uart_to_printf.o

    ----------------------------------------------------------------------
      7676       1142        964        204       1024     577871   Object Totals
         0          0         32          0          0          0   (incl. Generated)
         6          0          0          0          0          0   (incl. Padding)

    ----------------------------------------------------------------------

      Code (inc. data)   RO Data    RW Data    ZI Data      Debug   Library Member Name

       548         70        152          0          0        124   atan.o
        16          6          0          0          0         68   dunder.o
        40          0          0          0          0         68   fpclassify.o
       170          0          0          0          0         96   poly.o
      2528        190        136          0          0        332   pow.o
         0          0          8          0          0          0   qnan.o
        76          0          0          0          0         84   sqrt.o
        28          0          0          0          0         68   _chval.o
       158          0          0          0          0         92   _strtoul.o
        26          0          0          0          0         80   atoi.o
         8          4        133          0          0         68   ctype_o.o
         0          0          0          0          0          0   entry.o
         0          0          0          0          0          0   entry10a.o
         0          0          0          0          0          0   entry11a.o
         8          4          0          0          0          0   entry2.o
         4          0          0          0          0          0   entry5.o
         0          0          0          0          0          0   entry7b.o
         0          0          0          0          0          0   entry8b.o
         8          4          0          0          0          0   entry9a.o
        20         10          0          4          0        136   errno.o
        30          0          0          0          0          0   handlers.o
        36          8          0          0          0         68   init.o
         0          0          0          0          0          0   iusefp.o
        30          0          0          0          0         68   llshl.o
        36          0          0          0          0         68   llsshr.o
        32          0          0          0          0         68   llushr.o
      2242         90          0          0          0        444   printfa.o
        36          6          0          0          0         80   puts.o
       112          0          0          0          0         88   strtol.o
        44          0          0          0          0         80   uidiv.o
        98          0          0          0          0         92   uldiv.o
        40          2          0          0          0         68   cdrcmple.o
        56          0          0          0          0         88   d2f.o
       334          0          0          0          0        148   dadd.o
       222          0          0          0          0        100   ddiv.o
       190          0          0          0          0        176   depilogue.o
        48          0          0          0          0         68   dfixul.o
        34          0          0          0          0         76   dflti.o
       228          0          0          0          0         96   dmul.o
        46          0          0          0          0         80   dscalb.o
       162          0          0          0          0        100   dsqrt.o
        38          0          0          0          0         68   f2d.o
       176          0          0          0          0        140   fadd.o
       128          0          0          0          0         88   fdiv.o
       108          0          0          0          0        168   fepilogue.o
        50          0          0          0          0         68   ffixi.o
        18          0          0          0          0         68   fflti.o
        10          0          0          0          0         68   ffltui.o
       108          0          0          0          0         76   fmul.o

    ----------------------------------------------------------------------
      8336        394        432          4          0       4016   Library Totals
         6          0          3          0          0          0   (incl. Padding)

    ----------------------------------------------------------------------

      Code (inc. data)   RO Data    RW Data    ZI Data      Debug   Library Name

      3378        266        296          0          0        772   m_ws.l
      2956        126        133          4          0       1500   mc_w.l
      1996          2          0          0          0       1744   mf_w.l

    ----------------------------------------------------------------------
      8336        394        432          4          0       4016   Library Totals

    ----------------------------------------------------------------------

==============================================================================


      Code (inc. data)   RO Data    RW Data    ZI Data      Debug   

     16012       1536       1396        208       1024     576583   Grand Totals
     16012       1536       1396        208       1024     576583   ELF Image Totals
     16012       1536       1396        208          0          0   ROM Totals

==============================================================================

    Total RO  Size (Code + RO Data)                17408 (  17.00kB)
    Total RW  Size (RW Data + ZI Data)              1232 (   1.20kB)
    Total ROM Size (Code + RO Data + RW Data)      17616 (  17.20kB)

==============================================================================

